Archive member included because of file (symbol)

d:/chibistudio/tools/gnu tools arm embedded/4.9 2015q3/bin/../lib/gcc/arm-none-eabi/4.9.3/armv7e-m/fpu\libgcc.a(_arm_addsubdf3.o)
                              C:\Users\nameless\AppData\Local\Temp\ccydlh6a.ltrans4.ltrans.o (__aeabi_f2d)
d:/chibistudio/tools/gnu tools arm embedded/4.9 2015q3/bin/../lib/gcc/arm-none-eabi/4.9.3/armv7e-m/fpu\libgcc.a(_arm_muldivdf3.o)
                              C:\Users\nameless\AppData\Local\Temp\ccydlh6a.ltrans4.ltrans.o (__aeabi_dmul)
d:/chibistudio/tools/gnu tools arm embedded/4.9 2015q3/bin/../lib/gcc/arm-none-eabi/4.9.3/armv7e-m/fpu\libgcc.a(_arm_truncdfsf2.o)
                              C:\Users\nameless\AppData\Local\Temp\ccydlh6a.ltrans4.ltrans.o (__aeabi_d2f)
d:/chibistudio/tools/gnu tools arm embedded/4.9 2015q3/bin/../lib/gcc/arm-none-eabi/4.9.3/../../../../arm-none-eabi/lib/armv7e-m/fpu\libg.a(lib_a-abs.o)
                              C:\Users\nameless\AppData\Local\Temp\ccydlh6a.ltrans4.ltrans.o (abs)
d:/chibistudio/tools/gnu tools arm embedded/4.9 2015q3/bin/../lib/gcc/arm-none-eabi/4.9.3/../../../../arm-none-eabi/lib/armv7e-m/fpu\libg.a(lib_a-memcpy.o)
                              C:\Users\nameless\AppData\Local\Temp\ccydlh6a.ltrans4.ltrans.o (memcpy)
d:/chibistudio/tools/gnu tools arm embedded/4.9 2015q3/bin/../lib/gcc/arm-none-eabi/4.9.3/../../../../arm-none-eabi/lib/armv7e-m/fpu\libg.a(lib_a-memset.o)
                              C:\Users\nameless\AppData\Local\Temp\ccydlh6a.ltrans4.ltrans.o (memset)
d:/chibistudio/tools/gnu tools arm embedded/4.9 2015q3/bin/../lib/gcc/arm-none-eabi/4.9.3/../../../../arm-none-eabi/lib/armv7e-m/fpu\libg.a(lib_a-strcmp.o)
                              C:\Users\nameless\AppData\Local\Temp\ccydlh6a.ltrans0.ltrans.o (strcmp)
d:/chibistudio/tools/gnu tools arm embedded/4.9 2015q3/bin/../lib/gcc/arm-none-eabi/4.9.3/../../../../arm-none-eabi/lib/armv7e-m/fpu\libg.a(lib_a-strpbrk.o)
                              C:\Users\nameless\AppData\Local\Temp\ccydlh6a.ltrans3.ltrans.o (strpbrk)
d:/chibistudio/tools/gnu tools arm embedded/4.9 2015q3/bin/../lib/gcc/arm-none-eabi/4.9.3/../../../../arm-none-eabi/lib/armv7e-m/fpu\libg.a(lib_a-strspn.o)
                              C:\Users\nameless\AppData\Local\Temp\ccydlh6a.ltrans3.ltrans.o (strspn)
d:/chibistudio/tools/gnu tools arm embedded/4.9 2015q3/bin/../lib/gcc/arm-none-eabi/4.9.3/../../../../arm-none-eabi/lib/armv7e-m/fpu\libm.a(lib_a-s_atan.o)
                              C:\Users\nameless\AppData\Local\Temp\ccydlh6a.ltrans4.ltrans.o (atan)
d:/chibistudio/tools/gnu tools arm embedded/4.9 2015q3/bin/../lib/gcc/arm-none-eabi/4.9.3/../../../../arm-none-eabi/lib/armv7e-m/fpu\libm.a(lib_a-s_fabs.o)
                              d:/chibistudio/tools/gnu tools arm embedded/4.9 2015q3/bin/../lib/gcc/arm-none-eabi/4.9.3/../../../../arm-none-eabi/lib/armv7e-m/fpu\libm.a(lib_a-s_atan.o) (fabs)
d:/chibistudio/tools/gnu tools arm embedded/4.9 2015q3/bin/../lib/gcc/arm-none-eabi/4.9.3/armv7e-m/fpu\libgcc.a(_arm_cmpdf2.o)
                              d:/chibistudio/tools/gnu tools arm embedded/4.9 2015q3/bin/../lib/gcc/arm-none-eabi/4.9.3/../../../../arm-none-eabi/lib/armv7e-m/fpu\libm.a(lib_a-s_atan.o) (__aeabi_dcmpgt)

Discarded input sections

 .data          0x00000000        0x0 build/obj/crt0_v7m.o
 .bss           0x00000000        0x0 build/obj/crt0_v7m.o
 .data          0x00000000        0x0 build/obj/chcoreasm_v7m.o
 .bss           0x00000000        0x0 build/obj/chcoreasm_v7m.o
 .text          0x00000000        0x0 build/obj/crt1.o (symbol from plugin)
 .text          0x00000000        0x0 C:\Users\nameless\AppData\Local\Temp\ccydlh6a.ltrans0.ltrans.o
 .data          0x00000000        0x0 C:\Users\nameless\AppData\Local\Temp\ccydlh6a.ltrans0.ltrans.o
 .bss           0x00000000        0x0 C:\Users\nameless\AppData\Local\Temp\ccydlh6a.ltrans0.ltrans.o
 .text._close_r
                0x00000000        0x4 C:\Users\nameless\AppData\Local\Temp\ccydlh6a.ltrans0.ltrans.o
 .text._write_r
                0x00000000        0x4 C:\Users\nameless\AppData\Local\Temp\ccydlh6a.ltrans0.ltrans.o
 .text._lseek_r
                0x00000000        0x4 C:\Users\nameless\AppData\Local\Temp\ccydlh6a.ltrans0.ltrans.o
 .text._read_r  0x00000000        0xc C:\Users\nameless\AppData\Local\Temp\ccydlh6a.ltrans0.ltrans.o
 .text          0x00000000        0x0 C:\Users\nameless\AppData\Local\Temp\ccydlh6a.ltrans1.ltrans.o
 .data          0x00000000        0x0 C:\Users\nameless\AppData\Local\Temp\ccydlh6a.ltrans1.ltrans.o
 .bss           0x00000000        0x0 C:\Users\nameless\AppData\Local\Temp\ccydlh6a.ltrans1.ltrans.o
 .text          0x00000000        0x0 C:\Users\nameless\AppData\Local\Temp\ccydlh6a.ltrans2.ltrans.o
 .data          0x00000000        0x0 C:\Users\nameless\AppData\Local\Temp\ccydlh6a.ltrans2.ltrans.o
 .bss           0x00000000        0x0 C:\Users\nameless\AppData\Local\Temp\ccydlh6a.ltrans2.ltrans.o
[...]
Memory Configuration

Name             Origin             Length             Attributes
flash            0x08000000         0x00100000
ram0             0x20000000         0x00020000
ram1             0x20000000         0x0001c000
ram2             0x2001c000         0x00004000
ram3             0x00000000         0x00000000
ram4             0x10000000         0x00010000
ram5             0x40024000         0x00001000
ram6             0x00000000         0x00000000
ram7             0x00000000         0x00000000
*default*        0x00000000         0xffffffff

Linker script and memory map

LOAD build/obj/crt0_v7m.o
LOAD build/obj/chcoreasm_v7m.o
LOAD build/obj/crt1.o
LOAD C:\Users\nameless\AppData\Local\Temp\ccydlh6a.ltrans0.ltrans.o
LOAD C:\Users\nameless\AppData\Local\Temp\ccydlh6a.ltrans1.ltrans.o
LOAD C:\Users\nameless\AppData\Local\Temp\ccydlh6a.ltrans2.ltrans.o
LOAD C:\Users\nameless\AppData\Local\Temp\ccydlh6a.ltrans3.ltrans.o
LOAD C:\Users\nameless\AppData\Local\Temp\ccydlh6a.ltrans4.ltrans.o
LOAD C:\Users\nameless\AppData\Local\Temp\ccydlh6a.ltrans5.ltrans.o
LOAD C:\Users\nameless\AppData\Local\Temp\ccydlh6a.ltrans6.ltrans.o
LOAD C:\Users\nameless\AppData\Local\Temp\ccydlh6a.ltrans7.ltrans.o
LOAD d:/chibistudio/tools/gnu tools arm embedded/4.9 2015q3/bin/../lib/gcc/arm-none-eabi/4.9.3/armv7e-m/fpu\libgcc.a
LOAD d:/chibistudio/tools/gnu tools arm embedded/4.9 2015q3/bin/../lib/gcc/arm-none-eabi/4.9.3/../../../../arm-none-eabi/lib/armv7e-m/fpu\libg.a
LOAD d:/chibistudio/tools/gnu tools arm embedded/4.9 2015q3/bin/../lib/gcc/arm-none-eabi/4.9.3/../../../../arm-none-eabi/lib/armv7e-m/fpu\libc.a
LOAD build/obj/vectors.o
LOAD build/obj/chsys.o
LOAD build/obj/chdebug.o
LOAD build/obj/chvt.o
LOAD build/obj/chschd.o
LOAD build/obj/chthreads.o
LOAD build/obj/chtm.o
LOAD build/obj/chstats.o
LOAD build/obj/chdynamic.o
LOAD build/obj/chregistry.o
LOAD build/obj/chsem.o
LOAD build/obj/chmtx.o
LOAD build/obj/chcond.o
LOAD build/obj/chevents.o
LOAD build/obj/chmsg.o
LOAD build/obj/chmboxes.o
LOAD build/obj/chqueues.o
LOAD build/obj/chmemcore.o
LOAD build/obj/chheap.o
LOAD build/obj/chmempools.o
LOAD build/obj/chcore.o
LOAD build/obj/chcore_v7m.o
LOAD build/obj/osal.o
LOAD build/obj/hal.o
LOAD build/obj/st.o
LOAD build/obj/hal_buffers.o
LOAD build/obj/hal_queues.o
LOAD build/obj/hal_mmcsd.o
LOAD build/obj/gpt.o
LOAD build/obj/i2c.o
LOAD build/obj/pal.o
LOAD build/obj/pwm.o
LOAD build/obj/serial.o
LOAD build/obj/spi.o
LOAD build/obj/nvic.o
LOAD build/obj/hal_lld.o
LOAD build/obj/stm32_dma.o
LOAD build/obj/st_lld.o
LOAD build/obj/pal_lld.o
LOAD build/obj/i2c_lld.o
LOAD build/obj/spi_lld.o
LOAD build/obj/gpt_lld.o
LOAD build/obj/pwm_lld.o
LOAD build/obj/serial_lld.o
LOAD build/obj/board.o
LOAD build/obj/shell.o
LOAD build/obj/evtimer.o
LOAD build/obj/syscalls.o
LOAD build/obj/memstreams.o
LOAD build/obj/chprintf.o
LOAD build/obj/main.o
LOAD build/obj/shellcfg.o
LOAD build/obj/tft_display.o
LOAD build/obj/hall.o
LOAD build/obj/motor.o
LOAD build/obj/rc.o
LOAD build/obj/flash.o
LOAD build/obj/mpu6050.o
                0x20000000                __ram0_start__ = ORIGIN (ram0)
                0x00020000                __ram0_size__ = 0x20000
                0x20020000                __ram0_end__ = (__ram0_start__ + __ram0_size__)
                0x20000000                __ram1_start__ = ORIGIN (ram1)
                0x0001c000                __ram1_size__ = 0x1c000
                0x2001c000                __ram1_end__ = (__ram1_start__ + __ram1_size__)
                0x2001c000                __ram2_start__ = ORIGIN (ram2)
                0x00004000                __ram2_size__ = 0x4000
                0x20020000                __ram2_end__ = (__ram2_start__ + __ram2_size__)
                0x00000000                __ram3_start__ = ORIGIN (ram3)
                0x00000000                __ram3_size__ = 0x0
                0x00000000                __ram3_end__ = (__ram3_start__ + __ram3_size__)
                0x10000000                __ram4_start__ = ORIGIN (ram4)
                0x00010000                __ram4_size__ = 0x10000
                0x10010000                __ram4_end__ = (__ram4_start__ + __ram4_size__)
                0x40024000                __ram5_start__ = ORIGIN (ram5)
                0x00001000                __ram5_size__ = 0x1000
                0x40025000                __ram5_end__ = (__ram5_start__ + __ram5_size__)
                0x00000000                __ram6_start__ = ORIGIN (ram6)
                0x00000000                __ram6_size__ = 0x0
                0x00000000                __ram6_end__ = (__ram6_start__ + __ram6_size__)
                0x00000000                __ram7_start__ = ORIGIN (ram7)
                0x00000000                __ram7_size__ = 0x0
                0x00000000                __ram7_end__ = (__ram7_start__ + __ram7_size__)
                0x00000000                . = 0x0
                0x00000000                _text = .

startup         0x08000000      0x1c0
 *(.vectors)
 .vectors       0x08000000      0x1c0 C:\Users\nameless\AppData\Local\Temp\ccydlh6a.ltrans0.ltrans.o
                0x08000000                _vectors

constructors    0x080001c0        0x0
                0x080001c0                __init_array_start = .
 *(SORT(.init_array.*))
 *(.init_array)
                0x080001c0                __init_array_end = .

destructors     0x080001c0        0x0
                0x080001c0                __fini_array_start = .
 *(.fini_array)
 *(SORT(.fini_array.*))
                0x080001c0                __fini_array_end = .

.text           0x080001c0     0x8c60
 *(.text)
 .text          0x080001c0      0x10c build/obj/crt0_v7m.o
                0x080001c0                Reset_Handler
 *fill*         0x080002cc        0x4 
 .text          0x080002d0       0x48 build/obj/chcoreasm_v7m.o
                0x080002d0                _port_switch
                0x080002e8                _port_thread_start
                0x08000300                _port_switch_from_isr
                0x08000314                _port_exit_from_isr
 *fill*         0x08000318        0x8 
 .text          0x08000320      0x370 d:/chibistudio/tools/gnu tools arm embedded/4.9 2015q3/bin/../lib/gcc/arm-none-eabi/4.9.3/armv7e-m/fpu\libgcc.a(_arm_addsubdf3.o)
                0x08000320                __aeabi_drsub
                0x08000328                __aeabi_dsub
                0x08000328                __subdf3
                0x0800032c                __aeabi_dadd
                0x0800032c                __adddf3
                0x080005a4                __floatunsidf
                0x080005a4                __aeabi_ui2d
                0x080005c4                __floatsidf
                0x080005c4                __aeabi_i2d
                0x080005e8                __aeabi_f2d
                0x080005e8                __extendsfdf2
                0x08000624                __floatundidf
                0x08000624                __aeabi_ul2d
                0x08000634                __floatdidf
                0x08000634                __aeabi_l2d
 .text          0x08000690      0x424 d:/chibistudio/tools/gnu tools arm embedded/4.9 2015q3/bin/../lib/gcc/arm-none-eabi/4.9.3/armv7e-m/fpu\libgcc.a(_arm_muldivdf3.o)
                0x08000690                __aeabi_dmul
                0x08000690                __muldf3
                0x080008e4                __divdf3
                0x080008e4                __aeabi_ddiv
 *fill*         0x08000ab4        0xc 
 .text          0x08000ac0       0xa0 d:/chibistudio/tools/gnu tools arm embedded/4.9 2015q3/bin/../lib/gcc/arm-none-eabi/4.9.3/armv7e-m/fpu\libgcc.a(_arm_truncdfsf2.o)
                0x08000ac0                __truncdfsf2
                0x08000ac0                __aeabi_d2f
 .text          0x08000b60      0x134 d:/chibistudio/tools/gnu tools arm embedded/4.9 2015q3/bin/../lib/gcc/arm-none-eabi/4.9.3/../../../../arm-none-eabi/lib/armv7e-m/fpu\libg.a(lib_a-memcpy.o)
                0x08000b60                memcpy
 *fill*         0x08000c94        0xc 
 .text          0x08000ca0      0x2dc d:/chibistudio/tools/gnu tools arm embedded/4.9 2015q3/bin/../lib/gcc/arm-none-eabi/4.9.3/../../../../arm-none-eabi/lib/armv7e-m/fpu\libg.a(lib_a-strcmp.o)
                0x08000ca8                strcmp
 *fill*         0x08000f7c        0x4 
 .text          0x08000f80      0x110 d:/chibistudio/tools/gnu tools arm embedded/4.9 2015q3/bin/../lib/gcc/arm-none-eabi/4.9.3/armv7e-m/fpu\libgcc.a(_arm_cmpdf2.o)
                0x08000f80                __gtdf2
                0x08000f80                __gedf2
                0x08000f88                __ltdf2
                0x08000f88                __ledf2
                0x08000f90                __nedf2
                0x08000f90                __eqdf2
                0x08000f90                __cmpdf2
                0x0800100c                __aeabi_cdrcmple
                0x0800101c                __aeabi_cdcmpeq
                0x0800101c                __aeabi_cdcmple
                0x0800102c                __aeabi_dcmpeq
                0x08001040                __aeabi_dcmplt
                0x08001054                __aeabi_dcmple
                0x08001068                __aeabi_dcmpge
                0x0800107c                __aeabi_dcmpgt
 *(.text.*)
 .text.notify4.lto_priv.99
                0x08001090       0x10 C:\Users\nameless\AppData\Local\Temp\ccydlh6a.ltrans0.ltrans.o
                0x08001090                notify4.lto_priv.99
 .text.notify2.lto_priv.98
                0x080010a0       0x10 C:\Users\nameless\AppData\Local\Temp\ccydlh6a.ltrans0.ltrans.o
                0x080010a0                notify2.lto_priv.98
 .text.pwm_lld_serve_interrupt
                0x080010b0       0x5c C:\Users\nameless\AppData\Local\Temp\ccydlh6a.ltrans0.ltrans.o
 *fill*         0x0800110c        0x4 
 .text.gpt_lld_serve_interrupt
                0x08001110       0x24 C:\Users\nameless\AppData\Local\Temp\ccydlh6a.ltrans0.ltrans.o
 *fill*         0x08001134        0xc 
 .text.spi_lld_serve_tx_interrupt.lto_priv.101
                0x08001140       0x1c C:\Users\nameless\AppData\Local\Temp\ccydlh6a.ltrans0.ltrans.o
                0x08001140                spi_lld_serve_tx_interrupt.lto_priv.101
 *fill*         0x0800115c        0x4 
 .text.i2c_lld_serve_tx_end_irq.lto_priv.104
                0x08001160       0x48 C:\Users\nameless\AppData\Local\Temp\ccydlh6a.ltrans0.ltrans.o
                0x08001160                i2c_lld_serve_tx_end_irq.lto_priv.104
 *fill*         0x080011a8        0x8 
 .text.cmd_info
                0x080011b0       0xbc C:\Users\nameless\AppData\Local\Temp\ccydlh6a.ltrans0.ltrans.o
 *fill*         0x0800126c        0x4 
 .text.VectorA0
                0x08001270       0x20 C:\Users\nameless\AppData\Local\Temp\ccydlh6a.ltrans0.ltrans.o
 .text.VectorF8
                0x08001290       0x20 C:\Users\nameless\AppData\Local\Temp\ccydlh6a.ltrans0.ltrans.o
 .text.VectorF0
                0x080012b0       0x20 C:\Users\nameless\AppData\Local\Temp\ccydlh6a.ltrans0.ltrans.o
 .text.VectorB8
                0x080012d0       0x20 C:\Users\nameless\AppData\Local\Temp\ccydlh6a.ltrans0.ltrans.o
 .text.VectorB4
                0x080012f0       0x20 C:\Users\nameless\AppData\Local\Temp\ccydlh6a.ltrans0.ltrans.o
 .text.VectorB0
                0x08001310       0x20 C:\Users\nameless\AppData\Local\Temp\ccydlh6a.ltrans0.ltrans.o
 .text.VectorA4
                0x08001330       0x20 C:\Users\nameless\AppData\Local\Temp\ccydlh6a.ltrans0.ltrans.o
 .text.serve_interrupt
                0x08001350      0x1d8 C:\Users\nameless\AppData\Local\Temp\ccydlh6a.ltrans0.ltrans.o
 *fill*         0x08001528        0x8 
 .text.Vector110
                0x08001530       0x20 C:\Users\nameless\AppData\Local\Temp\ccydlh6a.ltrans0.ltrans.o
 .text.VectorD8
                0x08001550       0x20 C:\Users\nameless\AppData\Local\Temp\ccydlh6a.ltrans0.ltrans.o
 .text.spi_lld_serve_rx_interrupt.lto_priv.100
                0x08001570       0x98 C:\Users\nameless\AppData\Local\Temp\ccydlh6a.ltrans0.ltrans.o
                0x08001570                spi_lld_serve_rx_interrupt.lto_priv.100
 *fill*         0x08001608        0x8 
 .text.VectorC0
                0x08001610      0x100 C:\Users\nameless\AppData\Local\Temp\ccydlh6a.ltrans0.ltrans.o
 .text.VectorBC
                0x08001710      0x118 C:\Users\nameless\AppData\Local\Temp\ccydlh6a.ltrans0.ltrans.o
 *fill*         0x08001828        0x8 
 .text.i2c_lld_serve_rx_end_irq.lto_priv.103
                0x08001830       0x7c C:\Users\nameless\AppData\Local\Temp\ccydlh6a.ltrans0.ltrans.o
                0x08001830                i2c_lld_serve_rx_end_irq.lto_priv.103
 *fill*         0x080018ac        0x4 
 .text.Vector108
                0x080018b0       0xf4 C:\Users\nameless\AppData\Local\Temp\ccydlh6a.ltrans0.ltrans.o
 *fill*         0x080019a4        0xc 
 .text.__early_init
                0x080019b0       0xc8 C:\Users\nameless\AppData\Local\Temp\ccydlh6a.ltrans0.ltrans.o
                0x080019b0                __early_init
 *fill*         0x08001a78        0x8 
 .text.shell_thread.lto_priv.93
                0x08001a80      0x228 C:\Users\nameless\AppData\Local\Temp\ccydlh6a.ltrans0.ltrans.o
                0x08001a80                shell_thread.lto_priv.93
 *fill*         0x08001ca8        0x8 
 .text.cmd_systime
                0x08001cb0       0x70 C:\Users\nameless\AppData\Local\Temp\ccydlh6a.ltrans0.ltrans.o
 .text.cmd_Kip  0x08001d20       0x50 C:\Users\nameless\AppData\Local\Temp\ccydlh6a.ltrans1.ltrans.o
 .text.cmd_Kpp  0x08001d70       0x50 C:\Users\nameless\AppData\Local\Temp\ccydlh6a.ltrans1.ltrans.o
 .text.cmd_Kiv  0x08001dc0       0x50 C:\Users\nameless\AppData\Local\Temp\ccydlh6a.ltrans1.ltrans.o
 .text.cmd_Kpv  0x08001e10       0x50 C:\Users\nameless\AppData\Local\Temp\ccydlh6a.ltrans1.ltrans.o
 .text.cmd_Kir  0x08001e60       0x50 C:\Users\nameless\AppData\Local\Temp\ccydlh6a.ltrans1.ltrans.o
 .text.cmd_Kpr  0x08001eb0       0x50 C:\Users\nameless\AppData\Local\Temp\ccydlh6a.ltrans1.ltrans.o
 .text.cmd_Kd   0x08001f00       0x50 C:\Users\nameless\AppData\Local\Temp\ccydlh6a.ltrans1.ltrans.o
 .text.cmd_Kp   0x08001f50       0x50 C:\Users\nameless\AppData\Local\Temp\ccydlh6a.ltrans1.ltrans.o
 .text.cmd_print
                0x08001fa0       0x44 C:\Users\nameless\AppData\Local\Temp\ccydlh6a.ltrans1.ltrans.o
 *fill*         0x08001fe4        0xc 
 .text.cmd_control_update
                0x08001ff0      0x27c C:\Users\nameless\AppData\Local\Temp\ccydlh6a.ltrans1.ltrans.o
 *fill*         0x0800226c        0x4 
 .text.startup.main
                0x08002270      0x890 C:\Users\nameless\AppData\Local\Temp\ccydlh6a.ltrans1.ltrans.o
                0x08002270                main
 .text.SVC_Handler
                0x08002b00       0x20 C:\Users\nameless\AppData\Local\Temp\ccydlh6a.ltrans2.ltrans.o
                0x08002b00                SVC_Handler
 .text.dmaStreamAllocate
                0x08002b20       0xcc C:\Users\nameless\AppData\Local\Temp\ccydlh6a.ltrans2.ltrans.o
                0x08002b20                dmaStreamAllocate
 *fill*         0x08002bec        0x4 
 .text.stSetAlarm
                0x08002bf0       0x24 C:\Users\nameless\AppData\Local\Temp\ccydlh6a.ltrans2.ltrans.o
                0x08002bf0                stSetAlarm
 *fill*         0x08002c14        0xc 
 .text._port_irq_epilogue
                0x08002c20       0x64 C:\Users\nameless\AppData\Local\Temp\ccydlh6a.ltrans2.ltrans.o
                0x08002c20                _port_irq_epilogue
 *fill*         0x08002c84        0xc 
 .text.Vector158
                0x08002c90       0x38 C:\Users\nameless\AppData\Local\Temp\ccydlh6a.ltrans2.ltrans.o
                0x08002c90                Vector158
 *fill*         0x08002cc8        0x8 
 .text.Vector154
                0x08002cd0       0x38 C:\Users\nameless\AppData\Local\Temp\ccydlh6a.ltrans2.ltrans.o
                0x08002cd0                Vector154
 *fill*         0x08002d08        0x8 
 .text.Vector150
                0x08002d10       0x38 C:\Users\nameless\AppData\Local\Temp\ccydlh6a.ltrans2.ltrans.o
                0x08002d10                Vector150
 *fill*         0x08002d48        0x8 
 .text.Vector130
                0x08002d50       0x34 C:\Users\nameless\AppData\Local\Temp\ccydlh6a.ltrans2.ltrans.o
                0x08002d50                Vector130
 *fill*         0x08002d84        0xc 
 .text.Vector12C
                0x08002d90       0x38 C:\Users\nameless\AppData\Local\Temp\ccydlh6a.ltrans2.ltrans.o
                0x08002d90                Vector12C
 *fill*         0x08002dc8        0x8 
 .text.Vector128
                0x08002dd0       0x38 C:\Users\nameless\AppData\Local\Temp\ccydlh6a.ltrans2.ltrans.o
                0x08002dd0                Vector128
 *fill*         0x08002e08        0x8 
 .text.Vector124
                0x08002e10       0x38 C:\Users\nameless\AppData\Local\Temp\ccydlh6a.ltrans2.ltrans.o
                0x08002e10                Vector124
 *fill*         0x08002e48        0x8 
 .text.Vector120
                0x08002e50       0x34 C:\Users\nameless\AppData\Local\Temp\ccydlh6a.ltrans2.ltrans.o
                0x08002e50                Vector120
 *fill*         0x08002e84        0xc 
 .text.VectorFC
                0x08002e90       0x38 C:\Users\nameless\AppData\Local\Temp\ccydlh6a.ltrans2.ltrans.o
                0x08002e90                VectorFC
 *fill*         0x08002ec8        0x8 
 .text.Vector84
                0x08002ed0       0x38 C:\Users\nameless\AppData\Local\Temp\ccydlh6a.ltrans2.ltrans.o
                0x08002ed0                Vector84
 *fill*         0x08002f08        0x8 
 .text.Vector80
                0x08002f10       0x38 C:\Users\nameless\AppData\Local\Temp\ccydlh6a.ltrans2.ltrans.o
                0x08002f10                Vector80
 *fill*         0x08002f48        0x8 
 .text.Vector7C
                0x08002f50       0x34 C:\Users\nameless\AppData\Local\Temp\ccydlh6a.ltrans2.ltrans.o
                0x08002f50                Vector7C
 *fill*         0x08002f84        0xc 
 .text.Vector78
                0x08002f90       0x38 C:\Users\nameless\AppData\Local\Temp\ccydlh6a.ltrans2.ltrans.o
                0x08002f90                Vector78
 *fill*         0x08002fc8        0x8 
 .text.Vector74
                0x08002fd0       0x38 C:\Users\nameless\AppData\Local\Temp\ccydlh6a.ltrans2.ltrans.o
                0x08002fd0                Vector74
 *fill*         0x08003008        0x8 
 .text.Vector70
                0x08003010       0x38 C:\Users\nameless\AppData\Local\Temp\ccydlh6a.ltrans2.ltrans.o
                0x08003010                Vector70
 *fill*         0x08003048        0x8 
 .text.Vector6C
                0x08003050       0x34 C:\Users\nameless\AppData\Local\Temp\ccydlh6a.ltrans2.ltrans.o
                0x08003050                Vector6C
 *fill*         0x08003084        0xc 
 .text.chEvtBroadcastFlagsI
                0x08003090       0x9c C:\Users\nameless\AppData\Local\Temp\ccydlh6a.ltrans2.ltrans.o
                0x08003090                chEvtBroadcastFlagsI
 *fill*         0x0800312c        0x4 
 .text.chSysUnlock.lto_priv.59
                0x08003130       0x34 C:\Users\nameless\AppData\Local\Temp\ccydlh6a.ltrans2.ltrans.o
                0x08003130                chSysUnlock.lto_priv.59
 *fill*         0x08003164        0xc 
 .text.gptStart
                0x08003170      0x1a8 C:\Users\nameless\AppData\Local\Temp\ccydlh6a.ltrans2.ltrans.o
                0x08003170                gptStart
 *fill*         0x08003318        0x8 
 .text.chCoreAlloc
                0x08003320       0x70 C:\Users\nameless\AppData\Local\Temp\ccydlh6a.ltrans2.ltrans.o
                0x08003320                chCoreAlloc
 .text.chOQWriteTimeout
                0x08003390      0x110 C:\Users\nameless\AppData\Local\Temp\ccydlh6a.ltrans2.ltrans.o
 .text.writet.lto_priv.79
                0x080034a0        0x8 C:\Users\nameless\AppData\Local\Temp\ccydlh6a.ltrans2.ltrans.o
                0x080034a0                writet.lto_priv.79
 *fill*         0x080034a8        0x8 
 .text.write.lto_priv.71
                0x080034b0        0xc C:\Users\nameless\AppData\Local\Temp\ccydlh6a.ltrans2.ltrans.o
                0x080034b0                write.lto_priv.71
 *fill*         0x080034bc        0x4 
 .text.chOQPutTimeout
                0x080034c0       0xb0 C:\Users\nameless\AppData\Local\Temp\ccydlh6a.ltrans2.ltrans.o
 .text.putt.lto_priv.77
                0x08003570        0x8 C:\Users\nameless\AppData\Local\Temp\ccydlh6a.ltrans2.ltrans.o
                0x08003570                putt.lto_priv.77
 *fill*         0x08003578        0x8 
 .text.put.lto_priv.73
                0x08003580        0xc C:\Users\nameless\AppData\Local\Temp\ccydlh6a.ltrans2.ltrans.o
                0x08003580                put.lto_priv.73
 *fill*         0x0800358c        0x4 
 .text.chIQReadTimeout
                0x08003590      0x108 C:\Users\nameless\AppData\Local\Temp\ccydlh6a.ltrans2.ltrans.o
 *fill*         0x08003698        0x8 
 .text.readt.lto_priv.80
                0x080036a0        0x8 C:\Users\nameless\AppData\Local\Temp\ccydlh6a.ltrans2.ltrans.o
                0x080036a0                readt.lto_priv.80
 *fill*         0x080036a8        0x8 
 .text.read.lto_priv.72
                0x080036b0        0xc C:\Users\nameless\AppData\Local\Temp\ccydlh6a.ltrans2.ltrans.o
                0x080036b0                read.lto_priv.72
 *fill*         0x080036bc        0x4 
 .text.chIQGetTimeout
                0x080036c0       0xa4 C:\Users\nameless\AppData\Local\Temp\ccydlh6a.ltrans2.ltrans.o
 *fill*         0x08003764        0xc 
 .text.gett.lto_priv.78
                0x08003770        0x8 C:\Users\nameless\AppData\Local\Temp\ccydlh6a.ltrans2.ltrans.o
                0x08003770                gett.lto_priv.78
 *fill*         0x08003778        0x8 
 .text.get.lto_priv.75
                0x08003780        0xc C:\Users\nameless\AppData\Local\Temp\ccydlh6a.ltrans2.ltrans.o
                0x08003780                get.lto_priv.75
 *fill*         0x0800378c        0x4 
 .text.RC_thread.lto_priv.96
                0x08003790       0x54 C:\Users\nameless\AppData\Local\Temp\ccydlh6a.ltrans3.ltrans.o
                0x08003790                RC_thread.lto_priv.96
 *fill*         0x080037e4        0xc 
 .text.Hall_thread.lto_priv.94
                0x080037f0       0xe8 C:\Users\nameless\AppData\Local\Temp\ccydlh6a.ltrans3.ltrans.o
                0x080037f0                Hall_thread.lto_priv.94
 *fill*         0x080038d8        0x8 
 .text.chThdDequeueNextI.constprop.52
                0x080038e0       0x34 C:\Users\nameless\AppData\Local\Temp\ccydlh6a.ltrans3.ltrans.o
                0x080038e0                chThdDequeueNextI.constprop.52
 *fill*         0x08003914        0xc 
 .text.sdObjectInit.constprop.47
                0x08003920       0x60 C:\Users\nameless\AppData\Local\Temp\ccydlh6a.ltrans3.ltrans.o
                0x08003920                sdObjectInit.constprop.47
 .text.pwm_lld_start.constprop.36
                0x08003980      0x12c C:\Users\nameless\AppData\Local\Temp\ccydlh6a.ltrans3.ltrans.o
                0x08003980                pwm_lld_start.constprop.36
 *fill*         0x08003aac        0x4 
 .text._strtok.constprop.19
                0x08003ab0       0x40 C:\Users\nameless\AppData\Local\Temp\ccydlh6a.ltrans3.ltrans.o
                0x08003ab0                _strtok.constprop.19
 .text.long_to_string_with_divisor.constprop.18
                0x08003af0       0x44 C:\Users\nameless\AppData\Local\Temp\ccydlh6a.ltrans3.ltrans.o
                0x08003af0                long_to_string_with_divisor.constprop.18
 *fill*         0x08003b34        0xc 
 .text.tft_printf.constprop.13
                0x08003b40      0x108 C:\Users\nameless\AppData\Local\Temp\ccydlh6a.ltrans3.ltrans.o
                0x08003b40                tft_printf.constprop.13
 *fill*         0x08003c48        0x8 
 .text.flashRead.part.6.lto_priv.85
                0x08003c50       0x38 C:\Users\nameless\AppData\Local\Temp\ccydlh6a.ltrans3.ltrans.o
                0x08003c50                flashRead.part.6.lto_priv.85
 *fill*         0x08003c88        0x8 
 .text.flashUnlock.part.1.lto_priv.86
                0x08003c90       0x20 C:\Users\nameless\AppData\Local\Temp\ccydlh6a.ltrans3.ltrans.o
                0x08003c90                flashUnlock.part.1.lto_priv.86
 .text.chMtxUnlock.constprop.51
                0x08003cb0       0xec C:\Users\nameless\AppData\Local\Temp\ccydlh6a.ltrans3.ltrans.o
                0x08003cb0                chMtxUnlock.constprop.51
 *fill*         0x08003d9c        0x4 
 .text.i2cMasterTransmitTimeout.constprop.39
                0x08003da0      0x18c C:\Users\nameless\AppData\Local\Temp\ccydlh6a.ltrans3.ltrans.o
                0x08003da0                i2cMasterTransmitTimeout.constprop.39
 *fill*         0x08003f2c        0x4 
 .text.pwmStop.constprop.33
                0x08003f30       0xa4 C:\Users\nameless\AppData\Local\Temp\ccydlh6a.ltrans3.ltrans.o
                0x08003f30                pwmStop.constprop.33
 *fill*         0x08003fd4        0xc 
 .text.sdStart.constprop.31
                0x08003fe0      0x100 C:\Users\nameless\AppData\Local\Temp\ccydlh6a.ltrans3.ltrans.o
                0x08003fe0                sdStart.constprop.31
 .text.spiSelect.constprop.27
                0x080040e0       0x6c C:\Users\nameless\AppData\Local\Temp\ccydlh6a.ltrans3.ltrans.o
                0x080040e0                spiSelect.constprop.27
 *fill*         0x0800414c        0x4 
 .text.spiUnselect.constprop.25
                0x08004150       0x6c C:\Users\nameless\AppData\Local\Temp\ccydlh6a.ltrans3.ltrans.o
                0x08004150                spiUnselect.constprop.25
 *fill*         0x080041bc        0x4 
 .text.spiSend.constprop.23
                0x080041c0       0xd0 C:\Users\nameless\AppData\Local\Temp\ccydlh6a.ltrans3.ltrans.o
                0x080041c0                spiSend.constprop.23
 .text.get.lto_priv.76
                0x08004290       0x1c C:\Users\nameless\AppData\Local\Temp\ccydlh6a.ltrans4.ltrans.o
                0x08004290                get.lto_priv.76
 *fill*         0x080042ac        0x4 
 .text.put.lto_priv.74
                0x080042b0       0x1c C:\Users\nameless\AppData\Local\Temp\ccydlh6a.ltrans4.ltrans.o
                0x080042b0                put.lto_priv.74
 *fill*         0x080042cc        0x4 
 .text.Test_thread.lto_priv.88
                0x080042d0       0x78 C:\Users\nameless\AppData\Local\Temp\ccydlh6a.ltrans4.ltrans.o
                0x080042d0                Test_thread.lto_priv.88
 *fill*         0x08004348        0x8 
 .text.reads.lto_priv.82
                0x08004350       0x28 C:\Users\nameless\AppData\Local\Temp\ccydlh6a.ltrans4.ltrans.o
                0x08004350                reads.lto_priv.82
 *fill*         0x08004378        0x8 
 .text.writes.lto_priv.81
                0x08004380       0x24 C:\Users\nameless\AppData\Local\Temp\ccydlh6a.ltrans4.ltrans.o
                0x08004380                writes.lto_priv.81
 *fill*         0x080043a4        0xc 
 .text.chvprintf
                0x080043b0      0x30c C:\Users\nameless\AppData\Local\Temp\ccydlh6a.ltrans4.ltrans.o
                0x080043b0                chvprintf
 *fill*         0x080046bc        0x4 
 .text.chprintf
                0x080046c0       0x1c C:\Users\nameless\AppData\Local\Temp\ccydlh6a.ltrans4.ltrans.o
                0x080046c0                chprintf
 *fill*         0x080046dc        0x4 
 .text.MPU_thread.lto_priv.89
                0x080046e0      0x810 C:\Users\nameless\AppData\Local\Temp\ccydlh6a.ltrans4.ltrans.o
                0x080046e0                MPU_thread.lto_priv.89
 .text.chTMChainMeasurementToX
                0x08004ef0       0x3c C:\Users\nameless\AppData\Local\Temp\ccydlh6a.ltrans5.ltrans.o
 *fill*         0x08004f2c        0x4 
 .text._dbg_trace
                0x08004f30       0x38 C:\Users\nameless\AppData\Local\Temp\ccydlh6a.ltrans5.ltrans.o
 *fill*         0x08004f68        0x8 
 .text._idle_thread.lto_priv.97
                0x08004f70        0x4 C:\Users\nameless\AppData\Local\Temp\ccydlh6a.ltrans5.ltrans.o
                0x08004f70                _idle_thread.lto_priv.97
 *fill*         0x08004f74        0xc 
 .text._stats_increase_irq
                0x08004f80       0x20 C:\Users\nameless\AppData\Local\Temp\ccydlh6a.ltrans5.ltrans.o
                0x08004f80                _stats_increase_irq
 .text.chTMStopMeasurementX
                0x08004fa0       0x48 C:\Users\nameless\AppData\Local\Temp\ccydlh6a.ltrans5.ltrans.o
                0x08004fa0                chTMStopMeasurementX
 *fill*         0x08004fe8        0x8 
 .text._stats_stop_measure_crit_isr
                0x08004ff0        0xc C:\Users\nameless\AppData\Local\Temp\ccydlh6a.ltrans5.ltrans.o
                0x08004ff0                _stats_stop_measure_crit_isr
 *fill*         0x08004ffc        0x4 
 .text._stats_stop_measure_crit_thd
                0x08005000        0xc C:\Users\nameless\AppData\Local\Temp\ccydlh6a.ltrans5.ltrans.o
                0x08005000                _stats_stop_measure_crit_thd
 *fill*         0x0800500c        0x4 
 .text.chTMStartMeasurementX
                0x08005010        0xc C:\Users\nameless\AppData\Local\Temp\ccydlh6a.ltrans5.ltrans.o
                0x08005010                chTMStartMeasurementX
 *fill*         0x0800501c        0x4 
 .text._stats_start_measure_crit_isr
                0x08005020        0xc C:\Users\nameless\AppData\Local\Temp\ccydlh6a.ltrans5.ltrans.o
                0x08005020                _stats_start_measure_crit_isr
 *fill*         0x0800502c        0x4 
 .text._stats_start_measure_crit_thd
                0x08005030        0xc C:\Users\nameless\AppData\Local\Temp\ccydlh6a.ltrans5.ltrans.o
                0x08005030                _stats_start_measure_crit_thd
 *fill*         0x0800503c        0x4 
 .text.chSchDoRescheduleAhead
                0x08005040       0x78 C:\Users\nameless\AppData\Local\Temp\ccydlh6a.ltrans5.ltrans.o
                0x08005040                chSchDoRescheduleAhead
 *fill*         0x080050b8        0x8 
 .text.chSchDoReschedule
                0x080050c0        0x4 C:\Users\nameless\AppData\Local\Temp\ccydlh6a.ltrans5.ltrans.o
                0x080050c0                chSchDoReschedule
 *fill*         0x080050c4        0xc 
 .text.chDbgCheckClassS
                0x080050d0       0x20 C:\Users\nameless\AppData\Local\Temp\ccydlh6a.ltrans5.ltrans.o
                0x080050d0                chDbgCheckClassS
 .text.chSchGoSleepS
                0x080050f0       0x64 C:\Users\nameless\AppData\Local\Temp\ccydlh6a.ltrans5.ltrans.o
                0x080050f0                chSchGoSleepS
 *fill*         0x08005154        0xc 
 .text.chDbgCheckClassI
                0x08005160       0x20 C:\Users\nameless\AppData\Local\Temp\ccydlh6a.ltrans5.ltrans.o
                0x08005160                chDbgCheckClassI
 .text.chSchGoSleepTimeoutS
                0x08005180      0x16c C:\Users\nameless\AppData\Local\Temp\ccydlh6a.ltrans5.ltrans.o
                0x08005180                chSchGoSleepTimeoutS
 *fill*         0x080052ec        0x4 
 .text.chThdEnqueueTimeoutS
                0x080052f0       0x28 C:\Users\nameless\AppData\Local\Temp\ccydlh6a.ltrans5.ltrans.o
                0x080052f0                chThdEnqueueTimeoutS
 *fill*         0x08005318        0x8 
 .text.chSchReadyI
                0x08005320       0x50 C:\Users\nameless\AppData\Local\Temp\ccydlh6a.ltrans5.ltrans.o
                0x08005320                chSchReadyI
 .text.chThdResumeI
                0x08005370       0x2c C:\Users\nameless\AppData\Local\Temp\ccydlh6a.ltrans5.ltrans.o
                0x08005370                chThdResumeI
 *fill*         0x0800539c        0x4 
 .text.chThdExitS
                0x080053a0       0x4c C:\Users\nameless\AppData\Local\Temp\ccydlh6a.ltrans5.ltrans.o
                0x080053a0                chThdExitS
 *fill*         0x080053ec        0x4 
 .text._dbg_check_leave_isr
                0x080053f0       0x2c C:\Users\nameless\AppData\Local\Temp\ccydlh6a.ltrans5.ltrans.o
                0x080053f0                _dbg_check_leave_isr
 *fill*         0x0800541c        0x4 
 .text._dbg_check_enter_isr
                0x08005420       0x2c C:\Users\nameless\AppData\Local\Temp\ccydlh6a.ltrans5.ltrans.o
                0x08005420                _dbg_check_enter_isr
 *fill*         0x0800544c        0x4 
 .text._dbg_check_unlock_from_isr
                0x08005450       0x24 C:\Users\nameless\AppData\Local\Temp\ccydlh6a.ltrans5.ltrans.o
                0x08005450                _dbg_check_unlock_from_isr
 *fill*         0x08005474        0xc 
 .text._dbg_check_lock_from_isr
                0x08005480       0x24 C:\Users\nameless\AppData\Local\Temp\ccydlh6a.ltrans5.ltrans.o
                0x08005480                _dbg_check_lock_from_isr
 *fill*         0x080054a4        0xc 
 .text.wakeup   0x080054b0       0x6c C:\Users\nameless\AppData\Local\Temp\ccydlh6a.ltrans5.ltrans.o
 *fill*         0x0800551c        0x4 
 .text._dbg_check_unlock
                0x08005520       0x20 C:\Users\nameless\AppData\Local\Temp\ccydlh6a.ltrans5.ltrans.o
                0x08005520                _dbg_check_unlock
 .text._dbg_check_lock
                0x08005540       0x20 C:\Users\nameless\AppData\Local\Temp\ccydlh6a.ltrans5.ltrans.o
                0x08005540                _dbg_check_lock
 .text.chMtxLock
                0x08005560      0x134 C:\Users\nameless\AppData\Local\Temp\ccydlh6a.ltrans5.ltrans.o
                0x08005560                chMtxLock
 *fill*         0x08005694        0xc 
 .text.chThdExit
                0x080056a0       0x18 C:\Users\nameless\AppData\Local\Temp\ccydlh6a.ltrans5.ltrans.o
                0x080056a0                chThdExit
 *fill*         0x080056b8        0x8 
 .text.chThdSleepUntil
                0x080056c0       0x58 C:\Users\nameless\AppData\Local\Temp\ccydlh6a.ltrans5.ltrans.o
                0x080056c0                chThdSleepUntil
 *fill*         0x08005718        0x8 
 .text.chThdSleep
                0x08005720       0x5c C:\Users\nameless\AppData\Local\Temp\ccydlh6a.ltrans5.ltrans.o
                0x08005720                chThdSleep
 *fill*         0x0800577c        0x4 
 .text.chThdCreateStatic
                0x08005780      0x198 C:\Users\nameless\AppData\Local\Temp\ccydlh6a.ltrans5.ltrans.o
                0x08005780                chThdCreateStatic
 *fill*         0x08005918        0x8 
 .text._unhandled_exception
                0x08005920        0x4 C:\Users\nameless\AppData\Local\Temp\ccydlh6a.ltrans5.ltrans.o
                0x08005920                Vector58
                0x08005920                VectorE8
                0x08005920                Vector9C
                0x08005920                VectorAC
                0x08005920                DebugMon_Handler
                0x08005920                Vector1A0
                0x08005920                Vector5C
                0x08005920                Vector11C
                0x08005920                HardFault_Handler
                0x08005920                Vector1B8
                0x08005920                Vector19C
                0x08005920                Vector8C
                0x08005920                SysTick_Handler
                0x08005920                VectorDC
                0x08005920                PendSV_Handler
                0x08005920                Vector168
                0x08005920                NMI_Handler
                0x08005920                VectorC8
                0x08005920                Vector94
                0x08005920                VectorA8
                0x08005920                Vector160
                0x08005920                Vector1B0
                0x08005920                UsageFault_Handler
                0x08005920                VectorEC
                0x08005920                Vector40
                0x08005920                Vector190
                0x08005920                Vector148
                0x08005920                Vector188
                0x08005920                Vector198
                0x08005920                Vector118
                0x08005920                Vector64
                0x08005920                VectorCC
                0x08005920                Vector54
                0x08005920                Vector98
                0x08005920                Vector138
                0x08005920                Vector24
                0x08005920                Vector1AC
                0x08005920                Vector178
                0x08005920                Vector1A4
                0x08005920                VectorD0
                0x08005920                Vector1B4
                0x08005920                Vector140
                0x08005920                VectorE4
                0x08005920                Vector134
                0x08005920                Vector13C
                0x08005920                Vector100
                0x08005920                VectorE0
                0x08005920                VectorF4
                0x08005920                MemManage_Handler
                0x08005920                VectorC4
                0x08005920                Vector180
                0x08005920                Vector90
                0x08005920                Vector114
                0x08005920                Vector164
                0x08005920                Vector60
                0x08005920                Vector1C
                0x08005920                Vector1BC
                0x08005920                Vector17C
                0x08005920                Vector48
                0x08005920                Vector1A8
                0x08005920                Vector16C
                0x08005920                VectorD4
                0x08005920                Vector4C
                0x08005920                Vector144
                0x08005920                Vector15C
                0x08005920                Vector68
                0x08005920                Vector170
                0x08005920                Vector88
                0x08005920                Vector104
                0x08005920                Vector184
                0x08005920                Vector10C
                0x08005920                Vector14C
                0x08005920                BusFault_Handler
                0x08005920                Vector50
                0x08005920                Vector194
                0x08005920                Vector44
                0x08005920                Vector28
                0x08005920                Vector34
                0x08005920                Vector20
                0x08005920                Vector18C
                0x08005920                Vector174
 *fill*         0x08005924        0xc 
 .text.__init_ram_areas
                0x08005930       0x4c C:\Users\nameless\AppData\Local\Temp\ccydlh6a.ltrans5.ltrans.o
                0x08005930                __init_ram_areas
 *fill*         0x0800597c        0x4 
 .text.__default_exit
                0x08005980        0x4 C:\Users\nameless\AppData\Local\Temp\ccydlh6a.ltrans5.ltrans.o
                0x08005980                __default_exit
 *fill*         0x08005984        0xc 
 .text.__late_init
                0x08005990        0x4 C:\Users\nameless\AppData\Local\Temp\ccydlh6a.ltrans5.ltrans.o
                0x08005990                __late_init
 *fill*         0x08005994        0xc 
 .text.__core_init
                0x080059a0        0x4 C:\Users\nameless\AppData\Local\Temp\ccydlh6a.ltrans5.ltrans.o
                0x080059a0                __core_init
 *fill*         0x080059a4        0xc 
 .text.TFT_thread.lto_priv.90
                0x080059b0      0xad0 C:\Users\nameless\AppData\Local\Temp\ccydlh6a.ltrans6.ltrans.o
                0x080059b0                TFT_thread.lto_priv.90
 .text.Motor_thread.lto_priv.95
                0x08006480      0x124 C:\Users\nameless\AppData\Local\Temp\ccydlh6a.ltrans7.ltrans.o
                0x08006480                Motor_thread.lto_priv.95
 *fill*         0x080065a4        0xc 
 .text.Controller_thread
                0x080065b0      0x514 C:\Users\nameless\AppData\Local\Temp\ccydlh6a.ltrans7.ltrans.o
 *fill*         0x08006ac4        0xc 
 .text.Printing_thread
                0x08006ad0       0x80 C:\Users\nameless\AppData\Local\Temp\ccydlh6a.ltrans7.ltrans.o
 .text.Hall_update
                0x08006b50       0x50 C:\Users\nameless\AppData\Local\Temp\ccydlh6a.ltrans7.ltrans.o
                0x08006b50                Hall_update
 .text.Hall_init
                0x08006ba0       0x50 C:\Users\nameless\AppData\Local\Temp\ccydlh6a.ltrans7.ltrans.o
                0x08006ba0                Hall_init
 .text.tft_char_is_changed
                0x08006bf0       0x88 C:\Users\nameless\AppData\Local\Temp\ccydlh6a.ltrans7.ltrans.o
                0x08006bf0                tft_char_is_changed
 *fill*         0x08006c78        0x8 
 .text.tft_write_data
                0x08006c80       0x28 C:\Users\nameless\AppData\Local\Temp\ccydlh6a.ltrans7.ltrans.o
                0x08006c80                tft_write_data
 *fill*         0x08006ca8        0x8 
 .text.tft_write_command
                0x08006cb0       0x28 C:\Users\nameless\AppData\Local\Temp\ccydlh6a.ltrans7.ltrans.o
                0x08006cb0                tft_write_command
 *fill*         0x08006cd8        0x8 
 .text.tft_set_char_pos
                0x08006ce0       0x50 C:\Users\nameless\AppData\Local\Temp\ccydlh6a.ltrans7.ltrans.o
                0x08006ce0                tft_set_char_pos
 .text.cmd_control_start.part.0.lto_priv.106
                0x08006d30       0x44 C:\Users\nameless\AppData\Local\Temp\ccydlh6a.ltrans7.ltrans.o
                0x08006d30                cmd_control_start.part.0.lto_priv.106
 *fill*         0x08006d74        0xc 
 .text.cmd_control_start
                0x08006d80       0x10 C:\Users\nameless\AppData\Local\Temp\ccydlh6a.ltrans7.ltrans.o
                0x08006d80                cmd_control_start
 .text.control_param_init
                0x08006d90       0xe0 C:\Users\nameless\AppData\Local\Temp\ccydlh6a.ltrans7.ltrans.o
                0x08006d90                control_param_init
 .text.abs      0x08006e70        0x8 d:/chibistudio/tools/gnu tools arm embedded/4.9 2015q3/bin/../lib/gcc/arm-none-eabi/4.9.3/../../../../arm-none-eabi/lib/armv7e-m/fpu\libg.a(lib_a-abs.o)
                0x08006e70                abs
 *fill*         0x08006e78        0x8 
 .text.memset   0x08006e80       0x9c d:/chibistudio/tools/gnu tools arm embedded/4.9 2015q3/bin/../lib/gcc/arm-none-eabi/4.9.3/../../../../arm-none-eabi/lib/armv7e-m/fpu\libg.a(lib_a-memset.o)
                0x08006e80                memset
 *fill*         0x08006f1c        0x4 
 .text.strpbrk  0x08006f20       0x48 d:/chibistudio/tools/gnu tools arm embedded/4.9 2015q3/bin/../lib/gcc/arm-none-eabi/4.9.3/../../../../arm-none-eabi/lib/armv7e-m/fpu\libg.a(lib_a-strpbrk.o)
                0x08006f20                strpbrk
 *fill*         0x08006f68        0x8 
 .text.strspn   0x08006f70       0x34 d:/chibistudio/tools/gnu tools arm embedded/4.9 2015q3/bin/../lib/gcc/arm-none-eabi/4.9.3/../../../../arm-none-eabi/lib/armv7e-m/fpu\libg.a(lib_a-strspn.o)
                0x08006f70                strspn
 *fill*         0x08006fa4        0xc 
 .text.atan     0x08006fb0      0x368 d:/chibistudio/tools/gnu tools arm embedded/4.9 2015q3/bin/../lib/gcc/arm-none-eabi/4.9.3/../../../../arm-none-eabi/lib/armv7e-m/fpu\libm.a(lib_a-s_atan.o)
                0x08006fb0                atan
 *fill*         0x08007318        0x8 
 .text.fabs     0x08007320       0x10 d:/chibistudio/tools/gnu tools arm embedded/4.9 2015q3/bin/../lib/gcc/arm-none-eabi/4.9.3/../../../../arm-none-eabi/lib/armv7e-m/fpu\libm.a(lib_a-s_fabs.o)
                0x08007320                fabs
 *(.rodata)
 .rodata        0x08007330        0xa C:\Users\nameless\AppData\Local\Temp\ccydlh6a.ltrans1.ltrans.o
 *(.rodata.*)
 *fill*         0x0800733a        0x6 
 .rodata.__func__.6282
                0x08007340        0xc C:\Users\nameless\AppData\Local\Temp\ccydlh6a.ltrans0.ltrans.o
 *fill*         0x0800734c        0x4 
 .rodata.__func__.6057
                0x08007350        0xc C:\Users\nameless\AppData\Local\Temp\ccydlh6a.ltrans0.ltrans.o
 *fill*         0x0800735c        0x4 
 .rodata.str1.4
                0x08007360      0x24a C:\Users\nameless\AppData\Local\Temp\ccydlh6a.ltrans0.ltrans.o
                                0x24e (size before relaxing)
 *fill*         0x080075aa        0x6 
 .rodata.local_commands
                0x080075b0       0x18 C:\Users\nameless\AppData\Local\Temp\ccydlh6a.ltrans0.ltrans.o
 *fill*         0x080075c8        0x8 
 .rodata.__func__.7541
                0x080075d0        0x9 C:\Users\nameless\AppData\Local\Temp\ccydlh6a.ltrans1.ltrans.o
 *fill*         0x080075d9        0x7 
 .rodata.motor_pwmcfg
                0x080075e0       0x34 C:\Users\nameless\AppData\Local\Temp\ccydlh6a.ltrans1.ltrans.o
 *fill*         0x08007614        0xc 
 .rodata._stm32_dma_streams
                0x08007620       0xc0 C:\Users\nameless\AppData\Local\Temp\ccydlh6a.ltrans1.ltrans.o
 .rodata.ch_debug
                0x080076e0       0x16 C:\Users\nameless\AppData\Local\Temp\ccydlh6a.ltrans1.ltrans.o
 *fill*         0x080076f6        0xa 
 .rodata.str1.4
                0x08007700      0x112 C:\Users\nameless\AppData\Local\Temp\ccydlh6a.ltrans1.ltrans.o
 *fill*         0x08007812        0xe 
 .rodata.RC_cfg
                0x08007820       0x10 C:\Users\nameless\AppData\Local\Temp\ccydlh6a.ltrans1.ltrans.o
 .rodata.commands
                0x08007830       0x58 C:\Users\nameless\AppData\Local\Temp\ccydlh6a.ltrans1.ltrans.o
 *fill*         0x08007888        0x8 
 .rodata.music_pwmcfg
                0x08007890       0x34 C:\Users\nameless\AppData\Local\Temp\ccydlh6a.ltrans1.ltrans.o
 *fill*         0x080078c4        0xc 
 .rodata.shell_cfg1
                0x080078d0        0x8 C:\Users\nameless\AppData\Local\Temp\ccydlh6a.ltrans1.ltrans.o
 *fill*         0x080078d8        0x8 
 .rodata.__func__.7541
                0x080078e0        0x9 C:\Users\nameless\AppData\Local\Temp\ccydlh6a.ltrans2.ltrans.o
 *fill*         0x080078e9        0x7 
 .rodata.__func__.7544
                0x080078f0        0xb C:\Users\nameless\AppData\Local\Temp\ccydlh6a.ltrans2.ltrans.o
 *fill*         0x080078fb        0x5 
 .rodata.__func__.6708
                0x08007900        0xd C:\Users\nameless\AppData\Local\Temp\ccydlh6a.ltrans2.ltrans.o
 *fill*         0x0800790d        0x3 
 .rodata.__func__.7554
                0x08007910        0xe C:\Users\nameless\AppData\Local\Temp\ccydlh6a.ltrans2.ltrans.o
 *fill*         0x0800791e        0x2 
 .rodata.__func__.6730
                0x08007920       0x11 C:\Users\nameless\AppData\Local\Temp\ccydlh6a.ltrans2.ltrans.o
 *fill*         0x08007931        0xf 
 .rodata.__func__.6694
                0x08007940       0x10 C:\Users\nameless\AppData\Local\Temp\ccydlh6a.ltrans2.ltrans.o
 .rodata.__func__.7615
                0x08007950       0x12 C:\Users\nameless\AppData\Local\Temp\ccydlh6a.ltrans2.ltrans.o
 *fill*         0x08007962        0xe 
 .rodata.__func__.6691
                0x08007970       0x15 C:\Users\nameless\AppData\Local\Temp\ccydlh6a.ltrans2.ltrans.o
 *fill*         0x08007985        0xb 
 .rodata.__func__.5968.lto_priv.112
                0x08007990        0xc C:\Users\nameless\AppData\Local\Temp\ccydlh6a.ltrans2.ltrans.o
 *fill*         0x0800799c        0x4 
 .rodata.__func__.5968.lto_priv.113
                0x080079a0        0xc C:\Users\nameless\AppData\Local\Temp\ccydlh6a.ltrans2.ltrans.o
 *fill*         0x080079ac        0x4 
 .rodata.__func__.5968.lto_priv.114
                0x080079b0        0xc C:\Users\nameless\AppData\Local\Temp\ccydlh6a.ltrans2.ltrans.o
 *fill*         0x080079bc        0x4 
 .rodata.__func__.7549
                0x080079c0        0xa C:\Users\nameless\AppData\Local\Temp\ccydlh6a.ltrans3.ltrans.o
 *fill*         0x080079ca        0x6 
 .rodata.__func__.7553
                0x080079d0        0xc C:\Users\nameless\AppData\Local\Temp\ccydlh6a.ltrans3.ltrans.o
 *fill*         0x080079dc        0x4 
 .rodata.__func__.7545
                0x080079e0        0x8 C:\Users\nameless\AppData\Local\Temp\ccydlh6a.ltrans3.ltrans.o
 *fill*         0x080079e8        0x8 
 .rodata.__func__.5968.lto_priv.63
                0x080079f0        0xc C:\Users\nameless\AppData\Local\Temp\ccydlh6a.ltrans3.ltrans.o
                0x080079f0                __func__.5968.lto_priv.63
 *fill*         0x080079fc        0x4 
 .rodata.__func__.5968.lto_priv.64
                0x08007a00        0xc C:\Users\nameless\AppData\Local\Temp\ccydlh6a.ltrans3.ltrans.o
                0x08007a00                __func__.5968.lto_priv.64
 *fill*         0x08007a0c        0x4 
 .rodata.vmt.lto_priv.70
                0x08007a10       0x10 C:\Users\nameless\AppData\Local\Temp\ccydlh6a.ltrans3.ltrans.o
 .rodata.__func__.5968.lto_priv.67
                0x08007a20        0xc C:\Users\nameless\AppData\Local\Temp\ccydlh6a.ltrans3.ltrans.o
                0x08007a20                __func__.5968.lto_priv.67
 *fill*         0x08007a2c        0x4 
 .rodata.__func__.5968.lto_priv.68
                0x08007a30        0xc C:\Users\nameless\AppData\Local\Temp\ccydlh6a.ltrans3.ltrans.o
 *fill*         0x08007a3c        0x4 
 .rodata.__func__.7560
                0x08007a40       0x19 C:\Users\nameless\AppData\Local\Temp\ccydlh6a.ltrans3.ltrans.o
 *fill*         0x08007a59        0x7 
 .rodata.__func__.6154
                0x08007a60       0x14 C:\Users\nameless\AppData\Local\Temp\ccydlh6a.ltrans3.ltrans.o
 *fill*         0x08007a74        0xc 
 .rodata.__func__.6737
                0x08007a80        0xe C:\Users\nameless\AppData\Local\Temp\ccydlh6a.ltrans3.ltrans.o
 *fill*         0x08007a8e        0x2 
 .rodata.__func__.5968.lto_priv.66
                0x08007a90        0xc C:\Users\nameless\AppData\Local\Temp\ccydlh6a.ltrans3.ltrans.o
 *fill*         0x08007a9c        0x4 
 .rodata.__func__.7582
                0x08007aa0        0x8 C:\Users\nameless\AppData\Local\Temp\ccydlh6a.ltrans3.ltrans.o
 *fill*         0x08007aa8        0x8 
 .rodata.str1.4
                0x08007ab0       0x1f C:\Users\nameless\AppData\Local\Temp\ccydlh6a.ltrans3.ltrans.o
 *fill*         0x08007acf        0x1 
 .rodata.vmt.lto_priv.69
                0x08007ad0       0x20 C:\Users\nameless\AppData\Local\Temp\ccydlh6a.ltrans3.ltrans.o
 .rodata.__func__.7595
                0x08007af0        0x8 C:\Users\nameless\AppData\Local\Temp\ccydlh6a.ltrans3.ltrans.o
 *fill*         0x08007af8        0x8 
 .rodata.__func__.6697
                0x08007b00        0xc C:\Users\nameless\AppData\Local\Temp\ccydlh6a.ltrans3.ltrans.o
 *fill*         0x08007b0c        0x4 
 .rodata.__func__.6743
                0x08007b10       0x15 C:\Users\nameless\AppData\Local\Temp\ccydlh6a.ltrans3.ltrans.o
 *fill*         0x08007b25        0xb 
 .rodata.__func__.5968.lto_priv.65
                0x08007b30        0xc C:\Users\nameless\AppData\Local\Temp\ccydlh6a.ltrans3.ltrans.o
                0x08007b30                __func__.5968.lto_priv.65
 *fill*         0x08007b3c        0x4 
 .rodata.__func__.7550
                0x08007b40        0xe C:\Users\nameless\AppData\Local\Temp\ccydlh6a.ltrans3.ltrans.o
 *fill*         0x08007b4e        0x2 
 .rodata.__func__.7541
                0x08007b50        0x9 C:\Users\nameless\AppData\Local\Temp\ccydlh6a.ltrans4.ltrans.o
 *fill*         0x08007b59        0x7 
 .rodata.__func__.7550
                0x08007b60       0x12 C:\Users\nameless\AppData\Local\Temp\ccydlh6a.ltrans4.ltrans.o
 *fill*         0x08007b72        0xe 
 .rodata.__func__.7615
                0x08007b80        0xe C:\Users\nameless\AppData\Local\Temp\ccydlh6a.ltrans4.ltrans.o
 *fill*         0x08007b8e        0x2 
 .rodata.str1.4
                0x08007b90       0x18 C:\Users\nameless\AppData\Local\Temp\ccydlh6a.ltrans4.ltrans.o
 *fill*         0x08007ba8        0x8 
 .rodata.i2cfg  0x08007bb0        0xc C:\Users\nameless\AppData\Local\Temp\ccydlh6a.ltrans4.ltrans.o
 *fill*         0x08007bbc        0x4 
 .rodata.__func__.7537
                0x08007bc0        0xd C:\Users\nameless\AppData\Local\Temp\ccydlh6a.ltrans5.ltrans.o
 *fill*         0x08007bcd        0x3 
 .rodata.__func__.6749
                0x08007bd0        0xd C:\Users\nameless\AppData\Local\Temp\ccydlh6a.ltrans5.ltrans.o
 *fill*         0x08007bdd        0x3 
 .rodata.__func__.6671
                0x08007be0        0xc C:\Users\nameless\AppData\Local\Temp\ccydlh6a.ltrans5.ltrans.o
 *fill*         0x08007bec        0x4 
 .rodata.__func__.6727
                0x08007bf0        0xb C:\Users\nameless\AppData\Local\Temp\ccydlh6a.ltrans5.ltrans.o
 *fill*         0x08007bfb        0x5 
 .rodata.__func__.6683
                0x08007c00        0xd C:\Users\nameless\AppData\Local\Temp\ccydlh6a.ltrans5.ltrans.o
 *fill*         0x08007c0d        0x3 
 .rodata.str1.4
                0x08007c10       0x4d C:\Users\nameless\AppData\Local\Temp\ccydlh6a.ltrans5.ltrans.o
 *fill*         0x08007c5d        0x3 
 .rodata.ram_areas
                0x08007c60       0x80 C:\Users\nameless\AppData\Local\Temp\ccydlh6a.ltrans5.ltrans.o
 .rodata.__func__.5968
                0x08007ce0        0xc C:\Users\nameless\AppData\Local\Temp\ccydlh6a.ltrans5.ltrans.o
 *fill*         0x08007cec        0x4 
 .rodata.__func__.6699
                0x08007cf0        0xd C:\Users\nameless\AppData\Local\Temp\ccydlh6a.ltrans5.ltrans.o
 *fill*         0x08007cfd        0x3 
 .rodata.__func__.6142
                0x08007d00        0xc C:\Users\nameless\AppData\Local\Temp\ccydlh6a.ltrans5.ltrans.o
 *fill*         0x08007d0c        0x4 
 .rodata.__func__.6674.lto_priv.117
                0x08007d10        0xb C:\Users\nameless\AppData\Local\Temp\ccydlh6a.ltrans5.ltrans.o
 *fill*         0x08007d1b        0x5 
 .rodata.__func__.6674.lto_priv.118
                0x08007d20        0xb C:\Users\nameless\AppData\Local\Temp\ccydlh6a.ltrans5.ltrans.o
 *fill*         0x08007d2b        0x5 
 .rodata.__func__.7541
                0x08007d30        0x9 C:\Users\nameless\AppData\Local\Temp\ccydlh6a.ltrans6.ltrans.o
 *fill*         0x08007d39        0x7 
 .rodata.__func__.7555
                0x08007d40        0xe C:\Users\nameless\AppData\Local\Temp\ccydlh6a.ltrans6.ltrans.o
 *fill*         0x08007d4e        0x2 
 .rodata.str1.4
                0x08007d50       0x30 C:\Users\nameless\AppData\Local\Temp\ccydlh6a.ltrans6.ltrans.o
 .rodata.ascii_8x16
                0x08007d80     0x1000 C:\Users\nameless\AppData\Local\Temp\ccydlh6a.ltrans6.ltrans.o
 .rodata.TFTSPI_cfg
                0x08008d80        0xc C:\Users\nameless\AppData\Local\Temp\ccydlh6a.ltrans6.ltrans.o
 *fill*         0x08008d8c        0x4 
 .rodata.hall_cfg
                0x08008d90       0x10 C:\Users\nameless\AppData\Local\Temp\ccydlh6a.ltrans7.ltrans.o
 .rodata.str1.4
                0x08008da0       0x40 C:\Users\nameless\AppData\Local\Temp\ccydlh6a.ltrans7.ltrans.o
 .rodata.atanlo
                0x08008de0       0x20 d:/chibistudio/tools/gnu tools arm embedded/4.9 2015q3/bin/../lib/gcc/arm-none-eabi/4.9.3/../../../../arm-none-eabi/lib/armv7e-m/fpu\libm.a(lib_a-s_atan.o)
 .rodata.atanhi
                0x08008e00       0x20 d:/chibistudio/tools/gnu tools arm embedded/4.9 2015q3/bin/../lib/gcc/arm-none-eabi/4.9.3/../../../../arm-none-eabi/lib/armv7e-m/fpu\libm.a(lib_a-s_atan.o)
 *(.glue_7t)
 .glue_7t       0x00000000        0x0 linker stubs
 *(.glue_7)
 .glue_7        0x00000000        0x0 linker stubs
 *(.gcc*)

.vfp11_veneer   0x08008e20        0x0
 .vfp11_veneer  0x00000000        0x0 linker stubs

.v4_bx          0x08008e20        0x0
 .v4_bx         0x00000000        0x0 linker stubs

.iplt           0x08008e20        0x0
 .iplt          0x00000000        0x0 build/obj/crt0_v7m.o

.rel.dyn        0x08008e20        0x0
 .rel.iplt      0x00000000        0x0 build/obj/crt0_v7m.o

.ARM.extab
 *(.ARM.extab* .gnu.linkonce.armextab.*)

.ARM.exidx      0x08008e20        0x0
                0x08008e20                __exidx_start = .
 *(.ARM.exidx* .gnu.linkonce.armexidx.*)
                0x08008e20                __exidx_end = .

.eh_frame_hdr
 *(.eh_frame_hdr)

.eh_frame
 *(.eh_frame)

.textalign      0x08008e20        0x0
                0x08008e20                . = ALIGN (0x8)
                0x08008e20                . = ALIGN (0x4)
                0x08008e20                PROVIDE (_etext, .)

.mstack         0x20000000      0x400
                0x20000000                . = ALIGN (0x8)
                0x20000000                __main_stack_base__ = .
                0x20000400                . = (. + __main_stack_size__)
 *fill*         0x20000000      0x400 
                0x20000400                . = ALIGN (0x8)
                0x20000400                __main_stack_end__ = .

.pstack         0x20000400      0x400
                0x20000400                __process_stack_base__ = .
                0x20000400                __main_thread_stack_base__ = .
                0x20000800                . = (. + __process_stack_size__)
 *fill*         0x20000400      0x400 
                0x20000800                . = ALIGN (0x8)
                0x20000800                __process_stack_end__ = .
                0x20000800                __main_thread_stack_end__ = .

.data           0x20000800       0x8c load address 0x08008e20
                0x20000800                . = ALIGN (0x4)
                0x08008e20                PROVIDE (_textdata, LOADADDR (.data))
                0x20000800                PROVIDE (_data, .)
                0x08008e20                _textdata_start = LOADADDR (.data)
                0x20000800                _data_start = .
 *(.data)
 *(.data.*)
 .data.hall_encoder
                0x20000800       0x20 C:\Users\nameless\AppData\Local\Temp\ccydlh6a.ltrans3.ltrans.o
 .data.rc_channel.lto_priv.92
                0x20000820        0x6 C:\Users\nameless\AppData\Local\Temp\ccydlh6a.ltrans3.ltrans.o
                0x20000820                rc_channel.lto_priv.92
 *fill*         0x20000826        0x2 
 .data.motors.lto_priv.84
                0x20000828       0x60 C:\Users\nameless\AppData\Local\Temp\ccydlh6a.ltrans3.ltrans.o
                0x20000828                motors.lto_priv.84
 .data.g_sensorSettings
                0x20000888        0x3 C:\Users\nameless\AppData\Local\Temp\ccydlh6a.ltrans4.ltrans.o
 *(.ramtext)
                0x2000088c                . = ALIGN (0x4)
 *fill*         0x2000088b        0x1 
                0x2000088c                PROVIDE (_edata, .)
                0x2000088c                _data_end = .

.igot.plt       0x2000088c        0x0 load address 0x08008eac
 .igot.plt      0x00000000        0x0 build/obj/crt0_v7m.o

.bss            0x20000890     0xe820 load address 0x08008eac
                0x20000890                . = ALIGN (0x4)
                0x20000890                _bss_start = .
 *(.bss)
 *(.bss.*)
 .bss.shell_terminated
                0x20000890        0x4 C:\Users\nameless\AppData\Local\Temp\ccydlh6a.ltrans0.ltrans.o
 *fill*         0x20000894        0x4 
 .bss.Motor_thread_wa
                0x20000898     0x1170 C:\Users\nameless\AppData\Local\Temp\ccydlh6a.ltrans1.ltrans.o
 .bss.endmem.lto_priv.115
                0x20001a08        0x4 C:\Users\nameless\AppData\Local\Temp\ccydlh6a.ltrans1.ltrans.o
                0x20001a08                endmem.lto_priv.115
 .bss.nextmem.lto_priv.116
                0x20001a0c        0x4 C:\Users\nameless\AppData\Local\Temp\ccydlh6a.ltrans1.ltrans.o
                0x20001a0c                nextmem.lto_priv.116
 .bss.MPU_thread_wa
                0x20001a10     0x8170 C:\Users\nameless\AppData\Local\Temp\ccydlh6a.ltrans1.ltrans.o
 .bss.Test_thread_wa
                0x20009b80      0x1b0 C:\Users\nameless\AppData\Local\Temp\ccydlh6a.ltrans1.ltrans.o
 .bss.Shell_thread_wa
                0x20009d30      0x570 C:\Users\nameless\AppData\Local\Temp\ccydlh6a.ltrans1.ltrans.o
 .bss.Hall_thread_wa
                0x2000a2a0      0x570 C:\Users\nameless\AppData\Local\Temp\ccydlh6a.ltrans1.ltrans.o
 .bss.GPTD1     0x2000a810       0x10 C:\Users\nameless\AppData\Local\Temp\ccydlh6a.ltrans1.ltrans.o
                0x2000a810                GPTD1
 .bss.dma_isr_redir.lto_priv.108
                0x2000a820       0x80 C:\Users\nameless\AppData\Local\Temp\ccydlh6a.ltrans1.ltrans.o
                0x2000a820                dma_isr_redir.lto_priv.108
 .bss.dummytx   0x2000a8a0        0x2 C:\Users\nameless\AppData\Local\Temp\ccydlh6a.ltrans1.ltrans.o
 *fill*         0x2000a8a2        0x6 
 .bss.RC_thread_wa
                0x2000a8a8      0x1b0 C:\Users\nameless\AppData\Local\Temp\ccydlh6a.ltrans1.ltrans.o
 .bss.TFT_thread_wa
                0x2000aa58     0x1170 C:\Users\nameless\AppData\Local\Temp\ccydlh6a.ltrans1.ltrans.o
 .bss.dma_streams_mask.lto_priv.107
                0x2000bbc8        0x4 C:\Users\nameless\AppData\Local\Temp\ccydlh6a.ltrans1.ltrans.o
                0x2000bbc8                dma_streams_mask.lto_priv.107
 *fill*         0x2000bbcc        0x4 
 .bss.default_heap
                0x2000bbd0       0x20 C:\Users\nameless\AppData\Local\Temp\ccydlh6a.ltrans1.ltrans.o
 .bss.bg_color  0x2000bbf0      0x190 C:\Users\nameless\AppData\Local\Temp\ccydlh6a.ltrans3.ltrans.o
                0x2000bbf0                bg_color
 .bss.SPID2     0x2000bd80       0x30 C:\Users\nameless\AppData\Local\Temp\ccydlh6a.ltrans3.ltrans.o
                0x2000bd80                SPID2
 .bss.text      0x2000bdb0       0xc8 C:\Users\nameless\AppData\Local\Temp\ccydlh6a.ltrans3.ltrans.o
                0x2000bdb0                text
 .bss.GPTD3     0x2000be78       0x10 C:\Users\nameless\AppData\Local\Temp\ccydlh6a.ltrans3.ltrans.o
                0x2000be78                GPTD3
 .bss.curr_text_color
                0x2000be88        0x2 C:\Users\nameless\AppData\Local\Temp\ccydlh6a.ltrans3.ltrans.o
                0x2000be88                curr_text_color
 *fill*         0x2000be8a        0x6 
 .bss.ch        0x2000be90      0x660 C:\Users\nameless\AppData\Local\Temp\ccydlh6a.ltrans3.ltrans.o
                0x2000be90                ch
 .bss.mpu6050TXData.lto_priv.102
                0x2000c4f0        0x5 C:\Users\nameless\AppData\Local\Temp\ccydlh6a.ltrans3.ltrans.o
                0x2000c4f0                mpu6050TXData.lto_priv.102
 *fill*         0x2000c4f5        0x3 
 .bss.SD4       0x2000c4f8       0x78 C:\Users\nameless\AppData\Local\Temp\ccydlh6a.ltrans3.ltrans.o
                0x2000c4f8                SD4
 .bss.curr_bg_color
                0x2000c570        0x2 C:\Users\nameless\AppData\Local\Temp\ccydlh6a.ltrans3.ltrans.o
                0x2000c570                curr_bg_color
 .bss.dummyrx   0x2000c572        0x2 C:\Users\nameless\AppData\Local\Temp\ccydlh6a.ltrans3.ltrans.o
 .bss.PWMD8     0x2000c574       0x1c C:\Users\nameless\AppData\Local\Temp\ccydlh6a.ltrans3.ltrans.o
                0x2000c574                PWMD8
 .bss.GPTD2     0x2000c590       0x10 C:\Users\nameless\AppData\Local\Temp\ccydlh6a.ltrans3.ltrans.o
                0x2000c590                GPTD2
 .bss.GPTD4     0x2000c5a0       0x10 C:\Users\nameless\AppData\Local\Temp\ccydlh6a.ltrans3.ltrans.o
                0x2000c5a0                GPTD4
 .bss.SD2       0x2000c5b0       0x78 C:\Users\nameless\AppData\Local\Temp\ccydlh6a.ltrans3.ltrans.o
                0x2000c5b0                SD2
 .bss.curr_text_color_sp
                0x2000c628        0x2 C:\Users\nameless\AppData\Local\Temp\ccydlh6a.ltrans3.ltrans.o
                0x2000c628                curr_text_color_sp
 *fill*         0x2000c62a        0x2 
 .bss.PWMD9     0x2000c62c       0x1c C:\Users\nameless\AppData\Local\Temp\ccydlh6a.ltrans3.ltrans.o
                0x2000c62c                PWMD9
 .bss.I2CD1     0x2000c648       0x38 C:\Users\nameless\AppData\Local\Temp\ccydlh6a.ltrans3.ltrans.o
                0x2000c648                I2CD1
 .bss.text_color
                0x2000c680      0x190 C:\Users\nameless\AppData\Local\Temp\ccydlh6a.ltrans3.ltrans.o
                0x2000c680                text_color
 .bss.g_i2cErrorInfo
                0x2000c810        0x6 C:\Users\nameless\AppData\Local\Temp\ccydlh6a.ltrans4.ltrans.o
 *fill*         0x2000c816        0x2 
 .bss.mpu6050RXData
                0x2000c818        0xe C:\Users\nameless\AppData\Local\Temp\ccydlh6a.ltrans4.ltrans.o
 *fill*         0x2000c826        0x2 
 .bss.MPUFlash  0x2000c828       0x18 C:\Users\nameless\AppData\Local\Temp\ccydlh6a.ltrans4.ltrans.o
 .bss.tft_orientation
                0x2000c840        0x1 C:\Users\nameless\AppData\Local\Temp\ccydlh6a.ltrans6.ltrans.o
 *fill*         0x2000c841        0x3 
 .bss.rc_channel.lto_priv.105
                0x2000c844        0x4 C:\Users\nameless\AppData\Local\Temp\ccydlh6a.ltrans6.ltrans.o
                0x2000c844                rc_channel.lto_priv.105
 .bss.diff_error_int.8594
                0x2000c848        0x4 C:\Users\nameless\AppData\Local\Temp\ccydlh6a.ltrans7.ltrans.o
 .bss.error.8589
                0x2000c84c        0x4 C:\Users\nameless\AppData\Local\Temp\ccydlh6a.ltrans7.ltrans.o
 .bss.encoder_norm.8597
                0x2000c850        0x4 C:\Users\nameless\AppData\Local\Temp\ccydlh6a.ltrans7.ltrans.o
 .bss.temp.8590
                0x2000c854        0x4 C:\Users\nameless\AppData\Local\Temp\ccydlh6a.ltrans7.ltrans.o
 .bss.speed_error_int.8587
                0x2000c858        0x4 C:\Users\nameless\AppData\Local\Temp\ccydlh6a.ltrans7.ltrans.o
 .bss.position_output.8584
                0x2000c85c        0x4 C:\Users\nameless\AppData\Local\Temp\ccydlh6a.ltrans7.ltrans.o
 .bss.encoder_diff.8596
                0x2000c860        0x4 C:\Users\nameless\AppData\Local\Temp\ccydlh6a.ltrans7.ltrans.o
 .bss.text_prev
                0x2000c864       0xc8 C:\Users\nameless\AppData\Local\Temp\ccydlh6a.ltrans7.ltrans.o
                0x2000c864                text_prev
 .bss.output.8591
                0x2000c92c        0x4 C:\Users\nameless\AppData\Local\Temp\ccydlh6a.ltrans7.ltrans.o
 .bss.text_color_prev
                0x2000c930      0x190 C:\Users\nameless\AppData\Local\Temp\ccydlh6a.ltrans7.ltrans.o
                0x2000c930                text_color_prev
 .bss.controller.lto_priv.87
                0x2000cac0       0x48 C:\Users\nameless\AppData\Local\Temp\ccydlh6a.ltrans7.ltrans.o
                0x2000cac0                controller.lto_priv.87
 .bss.rc_channel.lto_priv.91
                0x2000cb08        0x4 C:\Users\nameless\AppData\Local\Temp\ccydlh6a.ltrans7.ltrans.o
                0x2000cb08                rc_channel.lto_priv.91
 .bss.i.8604    0x2000cb0c        0x1 C:\Users\nameless\AppData\Local\Temp\ccydlh6a.ltrans7.ltrans.o
 *fill*         0x2000cb0d        0x3 
 .bss.Controller_thread_wa
                0x2000cb10     0x2170 C:\Users\nameless\AppData\Local\Temp\ccydlh6a.ltrans7.ltrans.o
 .bss.motors.lto_priv.83
                0x2000ec80        0x4 C:\Users\nameless\AppData\Local\Temp\ccydlh6a.ltrans7.ltrans.o
                0x2000ec80                motors.lto_priv.83
 .bss.position_error.8582
                0x2000ec84        0x4 C:\Users\nameless\AppData\Local\Temp\ccydlh6a.ltrans7.ltrans.o
 .bss.Printing_thread_wa
                0x2000ec88      0x1f0 C:\Users\nameless\AppData\Local\Temp\ccydlh6a.ltrans7.ltrans.o
 .bss.rc_cmd.8598
                0x2000ee78        0x4 C:\Users\nameless\AppData\Local\Temp\ccydlh6a.ltrans7.ltrans.o
 .bss.stand_up.8599
                0x2000ee7c        0x1 C:\Users\nameless\AppData\Local\Temp\ccydlh6a.ltrans7.ltrans.o
 *fill*         0x2000ee7d        0x3 
 .bss.speed_error.8586
                0x2000ee80        0x4 C:\Users\nameless\AppData\Local\Temp\ccydlh6a.ltrans7.ltrans.o
 .bss.g_IMU1    0x2000ee84       0x81 C:\Users\nameless\AppData\Local\Temp\ccydlh6a.ltrans7.ltrans.o
                0x2000ee84                g_IMU1
 *fill*         0x2000ef05        0x3 
 .bss.speed_cmd.8585
                0x2000ef08        0x4 C:\Users\nameless\AppData\Local\Temp\ccydlh6a.ltrans7.ltrans.o
 .bss.speed_output.8588
                0x2000ef0c        0x4 C:\Users\nameless\AppData\Local\Temp\ccydlh6a.ltrans7.ltrans.o
 .bss.diff_error.8593
                0x2000ef10        0x4 C:\Users\nameless\AppData\Local\Temp\ccydlh6a.ltrans7.ltrans.o
 .bss.diff_cmd.8592
                0x2000ef14        0x4 C:\Users\nameless\AppData\Local\Temp\ccydlh6a.ltrans7.ltrans.o
 .bss.position_error_int.8583
                0x2000ef18        0x4 C:\Users\nameless\AppData\Local\Temp\ccydlh6a.ltrans7.ltrans.o
 .bss.bg_color_prev
                0x2000ef1c      0x190 C:\Users\nameless\AppData\Local\Temp\ccydlh6a.ltrans7.ltrans.o
                0x2000ef1c                bg_color_prev
 .bss.diff_output.8595
                0x2000f0ac        0x4 C:\Users\nameless\AppData\Local\Temp\ccydlh6a.ltrans7.ltrans.o
 *(COMMON)
                0x2000f0b0                . = ALIGN (0x4)
                0x2000f0b0                _bss_end = .
                0x2000f0b0                PROVIDE (end, .)

.ram0_init      0x2000f0b0        0x0 load address 0x08008eac
                0x2000f0b0                . = ALIGN (0x4)
                0x08008eac                __ram0_init_text__ = LOADADDR (.ram0_init)
                0x2000f0b0                __ram0_init__ = .
 *(.ram0_init)
 *(.ram0_init.*)
                0x2000f0b0                . = ALIGN (0x4)

.ram0           0x2000f0b0        0x0 load address 0x08008eac
                0x2000f0b0                . = ALIGN (0x4)
                0x2000f0b0                __ram0_clear__ = .
 *(.ram0_clear)
 *(.ram0_clear.*)
                0x2000f0b0                . = ALIGN (0x4)
                0x2000f0b0                __ram0_noinit__ = .
 *(.ram0)
 *(.ram0.*)
                0x2000f0b0                . = ALIGN (0x4)
                0x2000f0b0                __ram0_free__ = .

.ram1_init      0x20000000        0x0 load address 0x08008eac
                0x20000000                . = ALIGN (0x4)
                0x08008eac                __ram1_init_text__ = LOADADDR (.ram1_init)
                0x20000000                __ram1_init__ = .
 *(.ram1_init)
 *(.ram1_init.*)
                0x20000000                . = ALIGN (0x4)

.ram1           0x20000000        0x0 load address 0x08008eac
                0x20000000                . = ALIGN (0x4)
                0x20000000                __ram1_clear__ = .
 *(.ram1_clear)
 *(.ram1_clear.*)
                0x20000000                . = ALIGN (0x4)
                0x20000000                __ram1_noinit__ = .
 *(.ram1)
 *(.ram1.*)
                0x20000000                . = ALIGN (0x4)
                0x20000000                __ram1_free__ = .

.ram2_init      0x2001c000        0x0 load address 0x08008eac
                0x2001c000                . = ALIGN (0x4)
                0x08008eac                __ram2_init_text__ = LOADADDR (.ram2_init)
                0x2001c000                __ram2_init__ = .
 *(.ram2_init)
 *(.ram2_init.*)
                0x2001c000                . = ALIGN (0x4)

.ram2           0x2001c000        0x0 load address 0x08008eac
                0x2001c000                . = ALIGN (0x4)
                0x2001c000                __ram2_clear__ = .
 *(.ram2_clear)
 *(.ram2_clear.*)
                0x2001c000                . = ALIGN (0x4)
                0x2001c000                __ram2_noinit__ = .
 *(.ram2)
 *(.ram2.*)
                0x2001c000                . = ALIGN (0x4)
                0x2001c000                __ram2_free__ = .

.ram3_init      0x00000000        0x0 load address 0x08008eac
                0x00000000                . = ALIGN (0x4)
                0x08008eac                __ram3_init_text__ = LOADADDR (.ram3_init)
                0x00000000                __ram3_init__ = .
 *(.ram3_init)
 *(.ram3_init.*)
                0x00000000                . = ALIGN (0x4)

.ram3           0x00000000        0x0 load address 0x08008eac
                0x00000000                . = ALIGN (0x4)
                0x00000000                __ram3_clear__ = .
 *(.ram3_clear)
 *(.ram3_clear.*)
                0x00000000                . = ALIGN (0x4)
                0x00000000                __ram3_noinit__ = .
 *(.ram3)
 *(.ram3.*)
                0x00000000                . = ALIGN (0x4)
                0x00000000                __ram3_free__ = .

.ram4_init      0x10000000        0x0 load address 0x08008eac
                0x10000000                . = ALIGN (0x4)
                0x08008eac                __ram4_init_text__ = LOADADDR (.ram4_init)
                0x10000000                __ram4_init__ = .
 *(.ram4_init)
 *(.ram4_init.*)
                0x10000000                . = ALIGN (0x4)

.ram4           0x10000000        0x0 load address 0x08008eac
                0x10000000                . = ALIGN (0x4)
                0x10000000                __ram4_clear__ = .
 *(.ram4_clear)
 *(.ram4_clear.*)
                0x10000000                . = ALIGN (0x4)
                0x10000000                __ram4_noinit__ = .
 *(.ram4)
 *(.ram4.*)
                0x10000000                . = ALIGN (0x4)
                0x10000000                __ram4_free__ = .

.ram5_init      0x40024000        0x0 load address 0x08008eac
                0x40024000                . = ALIGN (0x4)
                0x08008eac                __ram5_init_text__ = LOADADDR (.ram5_init)
                0x40024000                __ram5_init__ = .
 *(.ram5_init)
 *(.ram5_init.*)
                0x40024000                . = ALIGN (0x4)

.ram5           0x40024000        0x0 load address 0x08008eac
                0x40024000                . = ALIGN (0x4)
                0x40024000                __ram5_clear__ = .
 *(.ram5_clear)
 *(.ram5_clear.*)
                0x40024000                . = ALIGN (0x4)
                0x40024000                __ram5_noinit__ = .
 *(.ram5)
 *(.ram5.*)
                0x40024000                . = ALIGN (0x4)
                0x40024000                __ram5_free__ = .

.ram6_init      0x00000000        0x0 load address 0x08008eac
                0x00000000                . = ALIGN (0x4)
                0x08008eac                __ram6_init_text__ = LOADADDR (.ram6_init)
                0x00000000                __ram6_init__ = .
 *(.ram6_init)
 *(.ram6_init.*)
                0x00000000                . = ALIGN (0x4)

.ram6           0x00000000        0x0 load address 0x08008eac
                0x00000000                . = ALIGN (0x4)
                0x00000000                __ram6_clear__ = .
 *(.ram6_clear)
 *(.ram6_clear.*)
                0x00000000                . = ALIGN (0x4)
                0x00000000                __ram6_noinit__ = .
 *(.ram6)
 *(.ram6.*)
                0x00000000                . = ALIGN (0x4)
                0x00000000                __ram6_free__ = .

.ram7_init      0x00000000        0x0 load address 0x08008eac
                0x00000000                . = ALIGN (0x4)
                0x08008eac                __ram7_init_text__ = LOADADDR (.ram7_init)
                0x00000000                __ram7_init__ = .
 *(.ram7_init)
 *(.ram7_init.*)
                0x00000000                . = ALIGN (0x4)

.ram7           0x00000000        0x0 load address 0x08008eac
                0x00000000                . = ALIGN (0x4)
                0x00000000                __ram7_clear__ = .
 *(.ram7_clear)
 *(.ram7_clear.*)
                0x00000000                . = ALIGN (0x4)
                0x00000000                __ram7_noinit__ = .
 *(.ram7)
 *(.ram7.*)
                0x00000000                . = ALIGN (0x4)
                0x00000000                __ram7_free__ = .

.heap           0x2000f0b0    0x10f50
                0x2000f0b0                . = ALIGN (0x8)
                0x2000f0b0                __heap_base__ = .
                0x20020000                . = (ORIGIN (HEAP_RAM) + 0x20000)
 *fill*         0x2000f0b0    0x10f50 
                0x20020000                __heap_end__ = .
                0x00000400                __process_stack_size__ = 0x400
                0x00000400                __main_stack_size__ = 0x400
LOAD d:/chibistudio/tools/gnu tools arm embedded/4.9 2015q3/bin/../lib/gcc/arm-none-eabi/4.9.3/../../../../arm-none-eabi/lib/armv7e-m/fpu\libm.a
START GROUP
LOAD d:/chibistudio/tools/gnu tools arm embedded/4.9 2015q3/bin/../lib/gcc/arm-none-eabi/4.9.3/armv7e-m/fpu\libgcc.a
LOAD d:/chibistudio/tools/gnu tools arm embedded/4.9 2015q3/bin/../lib/gcc/arm-none-eabi/4.9.3/../../../../arm-none-eabi/lib/armv7e-m/fpu\libg.a
LOAD d:/chibistudio/tools/gnu tools arm embedded/4.9 2015q3/bin/../lib/gcc/arm-none-eabi/4.9.3/../../../../arm-none-eabi/lib/armv7e-m/fpu\libc.a
END GROUP
OUTPUT(build/ch.elf elf32-littlearm)

.ARM.attributes
                0x00000000       0x35
 .ARM.attributes
                0x00000000       0x25 build/obj/crt0_v7m.o
 .ARM.attributes
                0x00000025       0x25 build/obj/chcoreasm_v7m.o
 .ARM.attributes
                0x0000004a       0x37 C:\Users\nameless\AppData\Local\Temp\ccydlh6a.ltrans0.ltrans.o
 .ARM.attributes
                0x00000081       0x37 C:\Users\nameless\AppData\Local\Temp\ccydlh6a.ltrans1.ltrans.o
 .ARM.attributes
                0x000000b8       0x37 C:\Users\nameless\AppData\Local\Temp\ccydlh6a.ltrans2.ltrans.o
 .ARM.attributes
                0x000000ef       0x37 C:\Users\nameless\AppData\Local\Temp\ccydlh6a.ltrans3.ltrans.o
 .ARM.attributes
                0x00000126       0x37 C:\Users\nameless\AppData\Local\Temp\ccydlh6a.ltrans4.ltrans.o
 .ARM.attributes
                0x0000015d       0x37 C:\Users\nameless\AppData\Local\Temp\ccydlh6a.ltrans5.ltrans.o
 .ARM.attributes
                0x00000194       0x37 C:\Users\nameless\AppData\Local\Temp\ccydlh6a.ltrans6.ltrans.o
 .ARM.attributes
                0x000001cb       0x37 C:\Users\nameless\AppData\Local\Temp\ccydlh6a.ltrans7.ltrans.o
 .ARM.attributes
                0x00000202       0x22 d:/chibistudio/tools/gnu tools arm embedded/4.9 2015q3/bin/../lib/gcc/arm-none-eabi/4.9.3/armv7e-m/fpu\libgcc.a(_arm_addsubdf3.o)
 .ARM.attributes
                0x00000224       0x22 d:/chibistudio/tools/gnu tools arm embedded/4.9 2015q3/bin/../lib/gcc/arm-none-eabi/4.9.3/armv7e-m/fpu\libgcc.a(_arm_muldivdf3.o)
 .ARM.attributes
                0x00000246       0x22 d:/chibistudio/tools/gnu tools arm embedded/4.9 2015q3/bin/../lib/gcc/arm-none-eabi/4.9.3/armv7e-m/fpu\libgcc.a(_arm_truncdfsf2.o)
 .ARM.attributes
                0x00000268       0x34 d:/chibistudio/tools/gnu tools arm embedded/4.9 2015q3/bin/../lib/gcc/arm-none-eabi/4.9.3/../../../../arm-none-eabi/lib/armv7e-m/fpu\libg.a(lib_a-abs.o)
 .ARM.attributes
                0x0000029c       0x20 d:/chibistudio/tools/gnu tools arm embedded/4.9 2015q3/bin/../lib/gcc/arm-none-eabi/4.9.3/../../../../arm-none-eabi/lib/armv7e-m/fpu\libg.a(lib_a-memcpy.o)
 .ARM.attributes
                0x000002bc       0x34 d:/chibistudio/tools/gnu tools arm embedded/4.9 2015q3/bin/../lib/gcc/arm-none-eabi/4.9.3/../../../../arm-none-eabi/lib/armv7e-m/fpu\libg.a(lib_a-memset.o)
 .ARM.attributes
                0x000002f0       0x20 d:/chibistudio/tools/gnu tools arm embedded/4.9 2015q3/bin/../lib/gcc/arm-none-eabi/4.9.3/../../../../arm-none-eabi/lib/armv7e-m/fpu\libg.a(lib_a-strcmp.o)
 .ARM.attributes
                0x00000310       0x34 d:/chibistudio/tools/gnu tools arm embedded/4.9 2015q3/bin/../lib/gcc/arm-none-eabi/4.9.3/../../../../arm-none-eabi/lib/armv7e-m/fpu\libg.a(lib_a-strpbrk.o)
 .ARM.attributes
                0x00000344       0x34 d:/chibistudio/tools/gnu tools arm embedded/4.9 2015q3/bin/../lib/gcc/arm-none-eabi/4.9.3/../../../../arm-none-eabi/lib/armv7e-m/fpu\libg.a(lib_a-strspn.o)
 .ARM.attributes
                0x00000378       0x34 d:/chibistudio/tools/gnu tools arm embedded/4.9 2015q3/bin/../lib/gcc/arm-none-eabi/4.9.3/../../../../arm-none-eabi/lib/armv7e-m/fpu\libm.a(lib_a-s_atan.o)
 .ARM.attributes
                0x000003ac       0x34 d:/chibistudio/tools/gnu tools arm embedded/4.9 2015q3/bin/../lib/gcc/arm-none-eabi/4.9.3/../../../../arm-none-eabi/lib/armv7e-m/fpu\libm.a(lib_a-s_fabs.o)
 .ARM.attributes
                0x000003e0       0x22 d:/chibistudio/tools/gnu tools arm embedded/4.9 2015q3/bin/../lib/gcc/arm-none-eabi/4.9.3/armv7e-m/fpu\libgcc.a(_arm_cmpdf2.o)

.comment        0x00000000       0x70
 .comment       0x00000000       0x70 C:\Users\nameless\AppData\Local\Temp\ccydlh6a.ltrans0.ltrans.o
                                 0x71 (size before relaxing)
 .comment       0x00000000       0x71 C:\Users\nameless\AppData\Local\Temp\ccydlh6a.ltrans1.ltrans.o
 .comment       0x00000000       0x71 C:\Users\nameless\AppData\Local\Temp\ccydlh6a.ltrans2.ltrans.o
 .comment       0x00000000       0x71 C:\Users\nameless\AppData\Local\Temp\ccydlh6a.ltrans3.ltrans.o
 .comment       0x00000000       0x71 C:\Users\nameless\AppData\Local\Temp\ccydlh6a.ltrans4.ltrans.o
 .comment       0x00000000       0x71 C:\Users\nameless\AppData\Local\Temp\ccydlh6a.ltrans5.ltrans.o
 .comment       0x00000000       0x71 C:\Users\nameless\AppData\Local\Temp\ccydlh6a.ltrans6.ltrans.o
 .comment       0x00000000       0x71 C:\Users\nameless\AppData\Local\Temp\ccydlh6a.ltrans7.ltrans.o

.debug_info     0x00000000    0x170bd
 .debug_info    0x00000000     0x46ba C:\Users\nameless\AppData\Local\Temp\ccydlh6a.ltrans0.ltrans.o
 .debug_info    0x000046ba     0x3247 C:\Users\nameless\AppData\Local\Temp\ccydlh6a.ltrans1.ltrans.o
 .debug_info    0x00007901     0x2cc1 C:\Users\nameless\AppData\Local\Temp\ccydlh6a.ltrans2.ltrans.o
 .debug_info    0x0000a5c2     0x4074 C:\Users\nameless\AppData\Local\Temp\ccydlh6a.ltrans3.ltrans.o
 .debug_info    0x0000e636     0x2c21 C:\Users\nameless\AppData\Local\Temp\ccydlh6a.ltrans4.ltrans.o
 .debug_info    0x00011257     0x28b3 C:\Users\nameless\AppData\Local\Temp\ccydlh6a.ltrans5.ltrans.o
 .debug_info    0x00013b0a     0x1ca9 C:\Users\nameless\AppData\Local\Temp\ccydlh6a.ltrans6.ltrans.o
 .debug_info    0x000157b3     0x190a C:\Users\nameless\AppData\Local\Temp\ccydlh6a.ltrans7.ltrans.o

.debug_abbrev   0x00000000     0x2ba3
 .debug_abbrev  0x00000000      0x699 C:\Users\nameless\AppData\Local\Temp\ccydlh6a.ltrans0.ltrans.o
 .debug_abbrev  0x00000699      0x50e C:\Users\nameless\AppData\Local\Temp\ccydlh6a.ltrans1.ltrans.o
 .debug_abbrev  0x00000ba7      0x5e6 C:\Users\nameless\AppData\Local\Temp\ccydlh6a.ltrans2.ltrans.o
 .debug_abbrev  0x0000118d      0x596 C:\Users\nameless\AppData\Local\Temp\ccydlh6a.ltrans3.ltrans.o
 .debug_abbrev  0x00001723      0x69e C:\Users\nameless\AppData\Local\Temp\ccydlh6a.ltrans4.ltrans.o
 .debug_abbrev  0x00001dc1      0x594 C:\Users\nameless\AppData\Local\Temp\ccydlh6a.ltrans5.ltrans.o
 .debug_abbrev  0x00002355      0x3af C:\Users\nameless\AppData\Local\Temp\ccydlh6a.ltrans6.ltrans.o
 .debug_abbrev  0x00002704      0x49f C:\Users\nameless\AppData\Local\Temp\ccydlh6a.ltrans7.ltrans.o

.debug_loc      0x00000000     0x6566
 .debug_loc     0x00000000      0xe56 C:\Users\nameless\AppData\Local\Temp\ccydlh6a.ltrans0.ltrans.o
 .debug_loc     0x00000e56      0xc2f C:\Users\nameless\AppData\Local\Temp\ccydlh6a.ltrans1.ltrans.o
 .debug_loc     0x00001a85     0x12e0 C:\Users\nameless\AppData\Local\Temp\ccydlh6a.ltrans2.ltrans.o
 .debug_loc     0x00002d65      0xe99 C:\Users\nameless\AppData\Local\Temp\ccydlh6a.ltrans3.ltrans.o
 .debug_loc     0x00003bfe     0x116e C:\Users\nameless\AppData\Local\Temp\ccydlh6a.ltrans4.ltrans.o
 .debug_loc     0x00004d6c      0xf96 C:\Users\nameless\AppData\Local\Temp\ccydlh6a.ltrans5.ltrans.o
 .debug_loc     0x00005d02      0x5c7 C:\Users\nameless\AppData\Local\Temp\ccydlh6a.ltrans6.ltrans.o
 .debug_loc     0x000062c9      0x29d C:\Users\nameless\AppData\Local\Temp\ccydlh6a.ltrans7.ltrans.o

.debug_aranges  0x00000000      0x590
 .debug_aranges
                0x00000000      0x100 C:\Users\nameless\AppData\Local\Temp\ccydlh6a.ltrans0.ltrans.o
 .debug_aranges
                0x00000100       0x70 C:\Users\nameless\AppData\Local\Temp\ccydlh6a.ltrans1.ltrans.o
 .debug_aranges
                0x00000170      0x138 C:\Users\nameless\AppData\Local\Temp\ccydlh6a.ltrans2.ltrans.o
 .debug_aranges
                0x000002a8       0xa0 C:\Users\nameless\AppData\Local\Temp\ccydlh6a.ltrans3.ltrans.o
 .debug_aranges
                0x00000348       0x70 C:\Users\nameless\AppData\Local\Temp\ccydlh6a.ltrans4.ltrans.o
 .debug_aranges
                0x000003b8      0x140 C:\Users\nameless\AppData\Local\Temp\ccydlh6a.ltrans5.ltrans.o
 .debug_aranges
                0x000004f8       0x20 C:\Users\nameless\AppData\Local\Temp\ccydlh6a.ltrans6.ltrans.o
 .debug_aranges
                0x00000518       0x78 C:\Users\nameless\AppData\Local\Temp\ccydlh6a.ltrans7.ltrans.o

.debug_ranges   0x00000000     0x2358
 .debug_ranges  0x00000000      0x3b0 C:\Users\nameless\AppData\Local\Temp\ccydlh6a.ltrans0.ltrans.o
 .debug_ranges  0x000003b0      0x9f0 C:\Users\nameless\AppData\Local\Temp\ccydlh6a.ltrans1.ltrans.o
 .debug_ranges  0x00000da0      0x3f0 C:\Users\nameless\AppData\Local\Temp\ccydlh6a.ltrans2.ltrans.o
 .debug_ranges  0x00001190      0x4a8 C:\Users\nameless\AppData\Local\Temp\ccydlh6a.ltrans3.ltrans.o
 .debug_ranges  0x00001638      0x3d8 C:\Users\nameless\AppData\Local\Temp\ccydlh6a.ltrans4.ltrans.o
 .debug_ranges  0x00001a10      0x618 C:\Users\nameless\AppData\Local\Temp\ccydlh6a.ltrans5.ltrans.o
 .debug_ranges  0x00002028      0x1f8 C:\Users\nameless\AppData\Local\Temp\ccydlh6a.ltrans6.ltrans.o
 .debug_ranges  0x00002220      0x138 C:\Users\nameless\AppData\Local\Temp\ccydlh6a.ltrans7.ltrans.o

.debug_line     0x00000000     0x5a6e
 .debug_line    0x00000000      0xd7d C:\Users\nameless\AppData\Local\Temp\ccydlh6a.ltrans0.ltrans.o
 .debug_line    0x00000d7d      0xdc7 C:\Users\nameless\AppData\Local\Temp\ccydlh6a.ltrans1.ltrans.o
 .debug_line    0x00001b44      0xc1e C:\Users\nameless\AppData\Local\Temp\ccydlh6a.ltrans2.ltrans.o
 .debug_line    0x00002762      0xe9b C:\Users\nameless\AppData\Local\Temp\ccydlh6a.ltrans3.ltrans.o
 .debug_line    0x000035fd      0xb46 C:\Users\nameless\AppData\Local\Temp\ccydlh6a.ltrans4.ltrans.o
 .debug_line    0x00004143      0xc66 C:\Users\nameless\AppData\Local\Temp\ccydlh6a.ltrans5.ltrans.o
 .debug_line    0x00004da9      0x604 C:\Users\nameless\AppData\Local\Temp\ccydlh6a.ltrans6.ltrans.o
 .debug_line    0x000053ad      0x6c1 C:\Users\nameless\AppData\Local\Temp\ccydlh6a.ltrans7.ltrans.o

.debug_str      0x00000000     0x36f7
 .debug_str     0x00000000     0x1657 C:\Users\nameless\AppData\Local\Temp\ccydlh6a.ltrans0.ltrans.o
                               0x174f (size before relaxing)
 .debug_str     0x00001657      0x9ac C:\Users\nameless\AppData\Local\Temp\ccydlh6a.ltrans1.ltrans.o
                               0x155a (size before relaxing)
 .debug_str     0x00002003      0x30e C:\Users\nameless\AppData\Local\Temp\ccydlh6a.ltrans2.ltrans.o
                                0xbf2 (size before relaxing)
 .debug_str     0x00002311      0x7cc C:\Users\nameless\AppData\Local\Temp\ccydlh6a.ltrans3.ltrans.o
                               0x162c (size before relaxing)
 .debug_str     0x00002add      0x554 C:\Users\nameless\AppData\Local\Temp\ccydlh6a.ltrans4.ltrans.o
                               0x134d (size before relaxing)
 .debug_str     0x00003031      0x29f C:\Users\nameless\AppData\Local\Temp\ccydlh6a.ltrans5.ltrans.o
                                0xb5d (size before relaxing)
 .debug_str     0x000032d0      0x1b0 C:\Users\nameless\AppData\Local\Temp\ccydlh6a.ltrans6.ltrans.o
                                0x94c (size before relaxing)
 .debug_str     0x00003480      0x277 C:\Users\nameless\AppData\Local\Temp\ccydlh6a.ltrans7.ltrans.o
                                0xdf3 (size before relaxing)

.debug_frame    0x00000000     0x11a8
 .debug_frame   0x00000000      0x368 C:\Users\nameless\AppData\Local\Temp\ccydlh6a.ltrans0.ltrans.o
 .debug_frame   0x00000368      0x104 C:\Users\nameless\AppData\Local\Temp\ccydlh6a.ltrans1.ltrans.o
 .debug_frame   0x0000046c      0x3bc C:\Users\nameless\AppData\Local\Temp\ccydlh6a.ltrans2.ltrans.o
 .debug_frame   0x00000828      0x214 C:\Users\nameless\AppData\Local\Temp\ccydlh6a.ltrans3.ltrans.o
 .debug_frame   0x00000a3c      0x148 C:\Users\nameless\AppData\Local\Temp\ccydlh6a.ltrans4.ltrans.o
 .debug_frame   0x00000b84      0x370 C:\Users\nameless\AppData\Local\Temp\ccydlh6a.ltrans5.ltrans.o
 .debug_frame   0x00000ef4       0x2c C:\Users\nameless\AppData\Local\Temp\ccydlh6a.ltrans6.ltrans.o
 .debug_frame   0x00000f20      0x174 C:\Users\nameless\AppData\Local\Temp\ccydlh6a.ltrans7.ltrans.o
 .debug_frame   0x00001094       0x20 d:/chibistudio/tools/gnu tools arm embedded/4.9 2015q3/bin/../lib/gcc/arm-none-eabi/4.9.3/../../../../arm-none-eabi/lib/armv7e-m/fpu\libg.a(lib_a-abs.o)
 .debug_frame   0x000010b4       0x34 d:/chibistudio/tools/gnu tools arm embedded/4.9 2015q3/bin/../lib/gcc/arm-none-eabi/4.9.3/../../../../arm-none-eabi/lib/armv7e-m/fpu\libg.a(lib_a-memset.o)
 .debug_frame   0x000010e8       0x34 d:/chibistudio/tools/gnu tools arm embedded/4.9 2015q3/bin/../lib/gcc/arm-none-eabi/4.9.3/../../../../arm-none-eabi/lib/armv7e-m/fpu\libg.a(lib_a-strpbrk.o)
 .debug_frame   0x0000111c       0x34 d:/chibistudio/tools/gnu tools arm embedded/4.9 2015q3/bin/../lib/gcc/arm-none-eabi/4.9.3/../../../../arm-none-eabi/lib/armv7e-m/fpu\libg.a(lib_a-strspn.o)
 .debug_frame   0x00001150       0x38 d:/chibistudio/tools/gnu tools arm embedded/4.9 2015q3/bin/../lib/gcc/arm-none-eabi/4.9.3/../../../../arm-none-eabi/lib/armv7e-m/fpu\libm.a(lib_a-s_atan.o)
 .debug_frame   0x00001188       0x20 d:/chibistudio/tools/gnu tools arm embedded/4.9 2015q3/bin/../lib/gcc/arm-none-eabi/4.9.3/../../../../arm-none-eabi/lib/armv7e-m/fpu\libm.a(lib_a-s_fabs.o)

Cross Reference Table

Symbol                                            File
BusFault_Handler                                  C:\Users\nameless\AppData\Local\Temp\ccydlh6a.ltrans5.ltrans.o
                                                  build/obj/vectors.o (symbol from plugin)
                                                  C:\Users\nameless\AppData\Local\Temp\ccydlh6a.ltrans0.ltrans.o
DebugMon_Handler                                  C:\Users\nameless\AppData\Local\Temp\ccydlh6a.ltrans5.ltrans.o
                                                  build/obj/vectors.o (symbol from plugin)
                                                  C:\Users\nameless\AppData\Local\Temp\ccydlh6a.ltrans0.ltrans.o
GPTD1                                             C:\Users\nameless\AppData\Local\Temp\ccydlh6a.ltrans1.ltrans.o
                                                  build/obj/gpt_lld.o (symbol from plugin)
                                                  C:\Users\nameless\AppData\Local\Temp\ccydlh6a.ltrans2.ltrans.o
                                                  C:\Users\nameless\AppData\Local\Temp\ccydlh6a.ltrans0.ltrans.o
GPTD2                                             C:\Users\nameless\AppData\Local\Temp\ccydlh6a.ltrans3.ltrans.o
                                                  build/obj/gpt_lld.o (symbol from plugin)
                                                  C:\Users\nameless\AppData\Local\Temp\ccydlh6a.ltrans2.ltrans.o
                                                  C:\Users\nameless\AppData\Local\Temp\ccydlh6a.ltrans1.ltrans.o
                                                  C:\Users\nameless\AppData\Local\Temp\ccydlh6a.ltrans0.ltrans.o
                                                  build/obj/rc.o (symbol from plugin)
GPTD3                                             C:\Users\nameless\AppData\Local\Temp\ccydlh6a.ltrans3.ltrans.o
                                                  build/obj/gpt_lld.o (symbol from plugin)
                                                  C:\Users\nameless\AppData\Local\Temp\ccydlh6a.ltrans2.ltrans.o
                                                  C:\Users\nameless\AppData\Local\Temp\ccydlh6a.ltrans1.ltrans.o
                                                  C:\Users\nameless\AppData\Local\Temp\ccydlh6a.ltrans0.ltrans.o
                                                  build/obj/motor.o (symbol from plugin)
GPTD4                                             C:\Users\nameless\AppData\Local\Temp\ccydlh6a.ltrans3.ltrans.o
                                                  build/obj/gpt_lld.o (symbol from plugin)
                                                  C:\Users\nameless\AppData\Local\Temp\ccydlh6a.ltrans2.ltrans.o
                                                  C:\Users\nameless\AppData\Local\Temp\ccydlh6a.ltrans1.ltrans.o
                                                  C:\Users\nameless\AppData\Local\Temp\ccydlh6a.ltrans0.ltrans.o
                                                  build/obj/motor.o (symbol from plugin)
Hall_init                                         C:\Users\nameless\AppData\Local\Temp\ccydlh6a.ltrans7.ltrans.o
                                                  build/obj/hall.o (symbol from plugin)
                                                  C:\Users\nameless\AppData\Local\Temp\ccydlh6a.ltrans3.ltrans.o
                                                  build/obj/motor.o (symbol from plugin)
Hall_thread.lto_priv.94                           C:\Users\nameless\AppData\Local\Temp\ccydlh6a.ltrans3.ltrans.o
                                                  C:\Users\nameless\AppData\Local\Temp\ccydlh6a.ltrans1.ltrans.o
Hall_update                                       C:\Users\nameless\AppData\Local\Temp\ccydlh6a.ltrans7.ltrans.o
                                                  build/obj/hall.o (symbol from plugin)
                                                  C:\Users\nameless\AppData\Local\Temp\ccydlh6a.ltrans3.ltrans.o
                                                  build/obj/motor.o (symbol from plugin)
HardFault_Handler                                 C:\Users\nameless\AppData\Local\Temp\ccydlh6a.ltrans5.ltrans.o
                                                  build/obj/vectors.o (symbol from plugin)
                                                  C:\Users\nameless\AppData\Local\Temp\ccydlh6a.ltrans0.ltrans.o
I2CD1                                             C:\Users\nameless\AppData\Local\Temp\ccydlh6a.ltrans3.ltrans.o
                                                  build/obj/i2c_lld.o (symbol from plugin)
                                                  C:\Users\nameless\AppData\Local\Temp\ccydlh6a.ltrans4.ltrans.o