Archive member included because of file (symbol)

d:/chibistudio/tools/gnu tools arm embedded/4.9 2015q3/bin/../lib/gcc/arm-none-eabi/4.9.3/armv7e-m/fpu\libgcc.a(_arm_addsubdf3.o)
                              C:\Users\nameless\AppData\Local\Temp\ccLzGxSd.ltrans0.ltrans.o (__aeabi_f2d)
d:/chibistudio/tools/gnu tools arm embedded/4.9 2015q3/bin/../lib/gcc/arm-none-eabi/4.9.3/armv7e-m/fpu\libgcc.a(_arm_muldivdf3.o)
                              C:\Users\nameless\AppData\Local\Temp\ccLzGxSd.ltrans0.ltrans.o (__aeabi_dmul)
d:/chibistudio/tools/gnu tools arm embedded/4.9 2015q3/bin/../lib/gcc/arm-none-eabi/4.9.3/armv7e-m/fpu\libgcc.a(_arm_truncdfsf2.o)
                              C:\Users\nameless\AppData\Local\Temp\ccLzGxSd.ltrans0.ltrans.o (__aeabi_d2f)
d:/chibistudio/tools/gnu tools arm embedded/4.9 2015q3/bin/../lib/gcc/arm-none-eabi/4.9.3/../../../../arm-none-eabi/lib/armv7e-m/fpu\libg.a(lib_a-abs.o)
                              C:\Users\nameless\AppData\Local\Temp\ccLzGxSd.ltrans0.ltrans.o (abs)
d:/chibistudio/tools/gnu tools arm embedded/4.9 2015q3/bin/../lib/gcc/arm-none-eabi/4.9.3/../../../../arm-none-eabi/lib/armv7e-m/fpu\libg.a(lib_a-memcpy.o)
                              C:\Users\nameless\AppData\Local\Temp\ccLzGxSd.ltrans0.ltrans.o (memcpy)
d:/chibistudio/tools/gnu tools arm embedded/4.9 2015q3/bin/../lib/gcc/arm-none-eabi/4.9.3/../../../../arm-none-eabi/lib/armv7e-m/fpu\libg.a(lib_a-memset.o)
                              C:\Users\nameless\AppData\Local\Temp\ccLzGxSd.ltrans0.ltrans.o (memset)
d:/chibistudio/tools/gnu tools arm embedded/4.9 2015q3/bin/../lib/gcc/arm-none-eabi/4.9.3/../../../../arm-none-eabi/lib/armv7e-m/fpu\libg.a(lib_a-strcmp.o)
                              C:\Users\nameless\AppData\Local\Temp\ccLzGxSd.ltrans1.ltrans.o (strcmp)
d:/chibistudio/tools/gnu tools arm embedded/4.9 2015q3/bin/../lib/gcc/arm-none-eabi/4.9.3/../../../../arm-none-eabi/lib/armv7e-m/fpu\libg.a(lib_a-strpbrk.o)
                              C:\Users\nameless\AppData\Local\Temp\ccLzGxSd.ltrans5.ltrans.o (strpbrk)
d:/chibistudio/tools/gnu tools arm embedded/4.9 2015q3/bin/../lib/gcc/arm-none-eabi/4.9.3/../../../../arm-none-eabi/lib/armv7e-m/fpu\libg.a(lib_a-strspn.o)
                              C:\Users\nameless\AppData\Local\Temp\ccLzGxSd.ltrans5.ltrans.o (strspn)
d:/chibistudio/tools/gnu tools arm embedded/4.9 2015q3/bin/../lib/gcc/arm-none-eabi/4.9.3/../../../../arm-none-eabi/lib/armv7e-m/fpu\libm.a(lib_a-s_atan.o)
                              C:\Users\nameless\AppData\Local\Temp\ccLzGxSd.ltrans0.ltrans.o (atan)
d:/chibistudio/tools/gnu tools arm embedded/4.9 2015q3/bin/../lib/gcc/arm-none-eabi/4.9.3/../../../../arm-none-eabi/lib/armv7e-m/fpu\libm.a(lib_a-s_fabs.o)
                              d:/chibistudio/tools/gnu tools arm embedded/4.9 2015q3/bin/../lib/gcc/arm-none-eabi/4.9.3/../../../../arm-none-eabi/lib/armv7e-m/fpu\libm.a(lib_a-s_atan.o) (fabs)
d:/chibistudio/tools/gnu tools arm embedded/4.9 2015q3/bin/../lib/gcc/arm-none-eabi/4.9.3/armv7e-m/fpu\libgcc.a(_arm_cmpdf2.o)
                              d:/chibistudio/tools/gnu tools arm embedded/4.9 2015q3/bin/../lib/gcc/arm-none-eabi/4.9.3/../../../../arm-none-eabi/lib/armv7e-m/fpu\libm.a(lib_a-s_atan.o) (__aeabi_dcmpgt)

Discarded input sections

 .data          0x00000000        0x0 build/obj/crt0_v7m.o
 .bss           0x00000000        0x0 build/obj/crt0_v7m.o
 .data          0x00000000        0x0 build/obj/chcoreasm_v7m.o
 .bss           0x00000000        0x0 build/obj/chcoreasm_v7m.o
 .text          0x00000000        0x0 build/obj/crt1.o (symbol from plugin)
 .text          0x00000000        0x0 C:\Users\nameless\AppData\Local\Temp\ccLzGxSd.ltrans0.ltrans.o
 .data          0x00000000        0x0 C:\Users\nameless\AppData\Local\Temp\ccLzGxSd.ltrans0.ltrans.o
 .bss           0x00000000        0x0 C:\Users\nameless\AppData\Local\Temp\ccLzGxSd.ltrans0.ltrans.o
 .text._isatty_r
                0x00000000        0x4 C:\Users\nameless\AppData\Local\Temp\ccLzGxSd.ltrans0.ltrans.o
 .text._fstat_r
                0x00000000       0x18 C:\Users\nameless\AppData\Local\Temp\ccLzGxSd.ltrans0.ltrans.o
 .text._sbrk_r  0x00000000       0x30 C:\Users\nameless\AppData\Local\Temp\ccLzGxSd.ltrans0.ltrans.o
 .rodata.__func__.7609
                0x00000000        0x8 C:\Users\nameless\AppData\Local\Temp\ccLzGxSd.ltrans0.ltrans.o
 .text          0x00000000        0x0 C:\Users\nameless\AppData\Local\Temp\ccLzGxSd.ltrans1.ltrans.o
 .data          0x00000000        0x0 C:\Users\nameless\AppData\Local\Temp\ccLzGxSd.ltrans1.ltrans.o
 .bss           0x00000000        0x0 C:\Users\nameless\AppData\Local\Temp\ccLzGxSd.ltrans1.ltrans.o
 .text._close_r
                0x00000000        0x4 C:\Users\nameless\AppData\Local\Temp\ccLzGxSd.ltrans1.ltrans.o
 .text._write_r
                0x00000000        0x4 C:\Users\nameless\AppData\Local\Temp\ccLzGxSd.ltrans1.ltrans.o
 .text._lseek_r
[...]
Memory Configuration

Name             Origin             Length             Attributes
flash            0x08000000         0x00100000
ram0             0x20000000         0x00020000
ram1             0x20000000         0x0001c000
ram2             0x2001c000         0x00004000
ram3             0x00000000         0x00000000
ram4             0x10000000         0x00010000
ram5             0x40024000         0x00001000
ram6             0x00000000         0x00000000
ram7             0x00000000         0x00000000
*default*        0x00000000         0xffffffff

Linker script and memory map

LOAD build/obj/crt0_v7m.o
LOAD build/obj/chcoreasm_v7m.o
LOAD build/obj/crt1.o
LOAD C:\Users\nameless\AppData\Local\Temp\ccLzGxSd.ltrans0.ltrans.o
LOAD C:\Users\nameless\AppData\Local\Temp\ccLzGxSd.ltrans1.ltrans.o
LOAD C:\Users\nameless\AppData\Local\Temp\ccLzGxSd.ltrans2.ltrans.o
LOAD C:\Users\nameless\AppData\Local\Temp\ccLzGxSd.ltrans3.ltrans.o
LOAD C:\Users\nameless\AppData\Local\Temp\ccLzGxSd.ltrans4.ltrans.o
LOAD C:\Users\nameless\AppData\Local\Temp\ccLzGxSd.ltrans5.ltrans.o
LOAD C:\Users\nameless\AppData\Local\Temp\ccLzGxSd.ltrans6.ltrans.o
LOAD d:/chibistudio/tools/gnu tools arm embedded/4.9 2015q3/bin/../lib/gcc/arm-none-eabi/4.9.3/armv7e-m/fpu\libgcc.a
LOAD d:/chibistudio/tools/gnu tools arm embedded/4.9 2015q3/bin/../lib/gcc/arm-none-eabi/4.9.3/../../../../arm-none-eabi/lib/armv7e-m/fpu\libg.a
LOAD d:/chibistudio/tools/gnu tools arm embedded/4.9 2015q3/bin/../lib/gcc/arm-none-eabi/4.9.3/../../../../arm-none-eabi/lib/armv7e-m/fpu\libc.a
LOAD build/obj/vectors.o
LOAD build/obj/chsys.o
LOAD build/obj/chdebug.o
LOAD build/obj/chvt.o
LOAD build/obj/chschd.o
LOAD build/obj/chthreads.o
LOAD build/obj/chtm.o
LOAD build/obj/chstats.o
LOAD build/obj/chdynamic.o
LOAD build/obj/chregistry.o
LOAD build/obj/chsem.o
LOAD build/obj/chmtx.o
LOAD build/obj/chcond.o
LOAD build/obj/chevents.o
LOAD build/obj/chmsg.o
LOAD build/obj/chmboxes.o
LOAD build/obj/chqueues.o
LOAD build/obj/chmemcore.o
LOAD build/obj/chheap.o
LOAD build/obj/chmempools.o
LOAD build/obj/chcore.o
LOAD build/obj/chcore_v7m.o
LOAD build/obj/osal.o
LOAD build/obj/hal.o
LOAD build/obj/st.o
LOAD build/obj/hal_buffers.o
LOAD build/obj/hal_queues.o
LOAD build/obj/hal_mmcsd.o
LOAD build/obj/gpt.o
LOAD build/obj/i2c.o
LOAD build/obj/pal.o
LOAD build/obj/pwm.o
LOAD build/obj/serial.o
LOAD build/obj/spi.o
LOAD build/obj/nvic.o
LOAD build/obj/hal_lld.o
LOAD build/obj/stm32_dma.o
LOAD build/obj/st_lld.o
LOAD build/obj/pal_lld.o
LOAD build/obj/i2c_lld.o
LOAD build/obj/spi_lld.o
LOAD build/obj/gpt_lld.o
LOAD build/obj/pwm_lld.o
LOAD build/obj/serial_lld.o
LOAD build/obj/board.o
LOAD build/obj/shell.o
LOAD build/obj/evtimer.o
LOAD build/obj/syscalls.o
LOAD build/obj/memstreams.o
LOAD build/obj/chprintf.o
LOAD build/obj/main.o
LOAD build/obj/shellcfg.o
LOAD build/obj/tft_display.o
LOAD build/obj/hall.o
LOAD build/obj/motor.o
LOAD build/obj/rc.o
LOAD build/obj/flash.o
LOAD build/obj/mpu6050.o
                0x20000000                __ram0_start__ = ORIGIN (ram0)
                0x00020000                __ram0_size__ = 0x20000
                0x20020000                __ram0_end__ = (__ram0_start__ + __ram0_size__)
                0x20000000                __ram1_start__ = ORIGIN (ram1)
                0x0001c000                __ram1_size__ = 0x1c000
                0x2001c000                __ram1_end__ = (__ram1_start__ + __ram1_size__)
                0x2001c000                __ram2_start__ = ORIGIN (ram2)
                0x00004000                __ram2_size__ = 0x4000
                0x20020000                __ram2_end__ = (__ram2_start__ + __ram2_size__)
                0x00000000                __ram3_start__ = ORIGIN (ram3)
                0x00000000                __ram3_size__ = 0x0
                0x00000000                __ram3_end__ = (__ram3_start__ + __ram3_size__)
                0x10000000                __ram4_start__ = ORIGIN (ram4)
                0x00010000                __ram4_size__ = 0x10000
                0x10010000                __ram4_end__ = (__ram4_start__ + __ram4_size__)
                0x40024000                __ram5_start__ = ORIGIN (ram5)
                0x00001000                __ram5_size__ = 0x1000
                0x40025000                __ram5_end__ = (__ram5_start__ + __ram5_size__)
                0x00000000                __ram6_start__ = ORIGIN (ram6)
                0x00000000                __ram6_size__ = 0x0
                0x00000000                __ram6_end__ = (__ram6_start__ + __ram6_size__)
                0x00000000                __ram7_start__ = ORIGIN (ram7)
                0x00000000                __ram7_size__ = 0x0
                0x00000000                __ram7_end__ = (__ram7_start__ + __ram7_size__)
                0x00000000                . = 0x0
                0x00000000                _text = .

startup         0x08000000      0x1c0
 *(.vectors)
 .vectors       0x08000000      0x1c0 C:\Users\nameless\AppData\Local\Temp\ccLzGxSd.ltrans1.ltrans.o
                0x08000000                _vectors

constructors    0x080001c0        0x0
                0x080001c0                __init_array_start = .
 *(SORT(.init_array.*))
 *(.init_array)
                0x080001c0                __init_array_end = .

destructors     0x080001c0        0x0
                0x080001c0                __fini_array_start = .
 *(.fini_array)
 *(SORT(.fini_array.*))
                0x080001c0                __fini_array_end = .

.text           0x080001c0     0x7dd0
 *(.text)
 .text          0x080001c0      0x10c build/obj/crt0_v7m.o
                0x080001c0                Reset_Handler
 *fill*         0x080002cc        0x4 
 .text          0x080002d0       0x48 build/obj/chcoreasm_v7m.o
                0x080002d0                _port_switch
                0x080002e8                _port_thread_start
                0x08000300                _port_switch_from_isr
                0x08000314                _port_exit_from_isr
 *fill*         0x08000318        0x8 
 .text          0x08000320      0x370 d:/chibistudio/tools/gnu tools arm embedded/4.9 2015q3/bin/../lib/gcc/arm-none-eabi/4.9.3/armv7e-m/fpu\libgcc.a(_arm_addsubdf3.o)
                0x08000320                __aeabi_drsub
                0x08000328                __aeabi_dsub
                0x08000328                __subdf3
                0x0800032c                __aeabi_dadd
                0x0800032c                __adddf3
                0x080005a4                __floatunsidf
                0x080005a4                __aeabi_ui2d
                0x080005c4                __floatsidf
                0x080005c4                __aeabi_i2d
                0x080005e8                __aeabi_f2d
                0x080005e8                __extendsfdf2
                0x08000624                __floatundidf
                0x08000624                __aeabi_ul2d
                0x08000634                __floatdidf
                0x08000634                __aeabi_l2d
 .text          0x08000690      0x424 d:/chibistudio/tools/gnu tools arm embedded/4.9 2015q3/bin/../lib/gcc/arm-none-eabi/4.9.3/armv7e-m/fpu\libgcc.a(_arm_muldivdf3.o)
                0x08000690                __aeabi_dmul
                0x08000690                __muldf3
                0x080008e4                __divdf3
                0x080008e4                __aeabi_ddiv
 *fill*         0x08000ab4        0xc 
 .text          0x08000ac0       0xa0 d:/chibistudio/tools/gnu tools arm embedded/4.9 2015q3/bin/../lib/gcc/arm-none-eabi/4.9.3/armv7e-m/fpu\libgcc.a(_arm_truncdfsf2.o)
                0x08000ac0                __truncdfsf2
                0x08000ac0                __aeabi_d2f
 .text          0x08000b60      0x134 d:/chibistudio/tools/gnu tools arm embedded/4.9 2015q3/bin/../lib/gcc/arm-none-eabi/4.9.3/../../../../arm-none-eabi/lib/armv7e-m/fpu\libg.a(lib_a-memcpy.o)
                0x08000b60                memcpy
 *fill*         0x08000c94        0xc 
 .text          0x08000ca0      0x2dc d:/chibistudio/tools/gnu tools arm embedded/4.9 2015q3/bin/../lib/gcc/arm-none-eabi/4.9.3/../../../../arm-none-eabi/lib/armv7e-m/fpu\libg.a(lib_a-strcmp.o)
                0x08000ca8                strcmp
 *fill*         0x08000f7c        0x4 
 .text          0x08000f80      0x110 d:/chibistudio/tools/gnu tools arm embedded/4.9 2015q3/bin/../lib/gcc/arm-none-eabi/4.9.3/armv7e-m/fpu\libgcc.a(_arm_cmpdf2.o)
                0x08000f80                __gtdf2
                0x08000f80                __gedf2
                0x08000f88                __ltdf2
                0x08000f88                __ledf2
                0x08000f90                __nedf2
                0x08000f90                __eqdf2
                0x08000f90                __cmpdf2
                0x0800100c                __aeabi_cdrcmple
                0x0800101c                __aeabi_cdcmpeq
                0x0800101c                __aeabi_cdcmple
                0x0800102c                __aeabi_dcmpeq
                0x08001040                __aeabi_dcmplt
                0x08001054                __aeabi_dcmple
                0x08001068                __aeabi_dcmpge
                0x0800107c                __aeabi_dcmpgt
 *(.text.*)
 .text.get.lto_priv.70
                0x08001090       0x1c C:\Users\nameless\AppData\Local\Temp\ccLzGxSd.ltrans0.ltrans.o
                0x08001090                get.lto_priv.70
 *fill*         0x080010ac        0x4 
 .text.put.lto_priv.69
                0x080010b0       0x1c C:\Users\nameless\AppData\Local\Temp\ccLzGxSd.ltrans0.ltrans.o
                0x080010b0                put.lto_priv.69
 *fill*         0x080010cc        0x4 
 .text.Test_thread.lto_priv.71
                0x080010d0       0xe4 C:\Users\nameless\AppData\Local\Temp\ccLzGxSd.ltrans0.ltrans.o
                0x080010d0                Test_thread.lto_priv.71
 *fill*         0x080011b4        0xc 
 .text.reads.lto_priv.68
                0x080011c0       0x28 C:\Users\nameless\AppData\Local\Temp\ccLzGxSd.ltrans0.ltrans.o
                0x080011c0                reads.lto_priv.68
 *fill*         0x080011e8        0x8 
 .text.writes.lto_priv.67
                0x080011f0       0x24 C:\Users\nameless\AppData\Local\Temp\ccLzGxSd.ltrans0.ltrans.o
                0x080011f0                writes.lto_priv.67
 *fill*         0x08001214        0xc 
 .text.chvprintf
                0x08001220      0x30c C:\Users\nameless\AppData\Local\Temp\ccLzGxSd.ltrans0.ltrans.o
                0x08001220                chvprintf
 *fill*         0x0800152c        0x4 
 .text.chprintf
                0x08001530       0x1c C:\Users\nameless\AppData\Local\Temp\ccLzGxSd.ltrans0.ltrans.o
                0x08001530                chprintf
 *fill*         0x0800154c        0x4 
 .text.MPU_thread.lto_priv.72
                0x08001550      0x7f0 C:\Users\nameless\AppData\Local\Temp\ccLzGxSd.ltrans0.ltrans.o
                0x08001550                MPU_thread.lto_priv.72
 .text.Controller_thread
                0x08001d40      0x1c8 C:\Users\nameless\AppData\Local\Temp\ccLzGxSd.ltrans0.ltrans.o
 *fill*         0x08001f08        0x8 
 .text.notify4.lto_priv.83
                0x08001f10       0x10 C:\Users\nameless\AppData\Local\Temp\ccLzGxSd.ltrans1.ltrans.o
                0x08001f10                notify4.lto_priv.83
 .text.pwm_lld_serve_interrupt
                0x08001f20       0x5c C:\Users\nameless\AppData\Local\Temp\ccLzGxSd.ltrans1.ltrans.o
 *fill*         0x08001f7c        0x4 
 .text.gpt_lld_serve_interrupt
                0x08001f80       0x24 C:\Users\nameless\AppData\Local\Temp\ccLzGxSd.ltrans1.ltrans.o
 *fill*         0x08001fa4        0xc 
 .text.spi_lld_serve_tx_interrupt.lto_priv.94
                0x08001fb0       0x1c C:\Users\nameless\AppData\Local\Temp\ccLzGxSd.ltrans1.ltrans.o
                0x08001fb0                spi_lld_serve_tx_interrupt.lto_priv.94
 *fill*         0x08001fcc        0x4 
 .text.i2c_lld_serve_tx_end_irq.lto_priv.97
                0x08001fd0       0x48 C:\Users\nameless\AppData\Local\Temp\ccLzGxSd.ltrans1.ltrans.o
                0x08001fd0                i2c_lld_serve_tx_end_irq.lto_priv.97
 *fill*         0x08002018        0x8 
 .text.cmd_info
                0x08002020       0xbc C:\Users\nameless\AppData\Local\Temp\ccLzGxSd.ltrans1.ltrans.o
 *fill*         0x080020dc        0x4 
 .text.VectorA0
                0x080020e0       0x20 C:\Users\nameless\AppData\Local\Temp\ccLzGxSd.ltrans1.ltrans.o
 .text.VectorF8
                0x08002100       0x20 C:\Users\nameless\AppData\Local\Temp\ccLzGxSd.ltrans1.ltrans.o
 .text.VectorF0
                0x08002120       0x20 C:\Users\nameless\AppData\Local\Temp\ccLzGxSd.ltrans1.ltrans.o
 .text.VectorB8
                0x08002140       0x20 C:\Users\nameless\AppData\Local\Temp\ccLzGxSd.ltrans1.ltrans.o
 .text.VectorB4
                0x08002160       0x20 C:\Users\nameless\AppData\Local\Temp\ccLzGxSd.ltrans1.ltrans.o
 .text.VectorB0
                0x08002180       0x20 C:\Users\nameless\AppData\Local\Temp\ccLzGxSd.ltrans1.ltrans.o
 .text.VectorA4
                0x080021a0       0x20 C:\Users\nameless\AppData\Local\Temp\ccLzGxSd.ltrans1.ltrans.o
 .text.Vector110
                0x080021c0      0x208 C:\Users\nameless\AppData\Local\Temp\ccLzGxSd.ltrans1.ltrans.o
 *fill*         0x080023c8        0x8 
 .text.spi_lld_serve_rx_interrupt.lto_priv.93
                0x080023d0       0x98 C:\Users\nameless\AppData\Local\Temp\ccLzGxSd.ltrans1.ltrans.o
                0x080023d0                spi_lld_serve_rx_interrupt.lto_priv.93
 *fill*         0x08002468        0x8 
 .text.VectorC0
                0x08002470      0x100 C:\Users\nameless\AppData\Local\Temp\ccLzGxSd.ltrans1.ltrans.o
 .text.VectorBC
                0x08002570      0x118 C:\Users\nameless\AppData\Local\Temp\ccLzGxSd.ltrans1.ltrans.o
 *fill*         0x08002688        0x8 
 .text.i2c_lld_serve_rx_end_irq.lto_priv.96
                0x08002690       0x7c C:\Users\nameless\AppData\Local\Temp\ccLzGxSd.ltrans1.ltrans.o
                0x08002690                i2c_lld_serve_rx_end_irq.lto_priv.96
 *fill*         0x0800270c        0x4 
 .text.Vector108
                0x08002710       0xf4 C:\Users\nameless\AppData\Local\Temp\ccLzGxSd.ltrans1.ltrans.o
 *fill*         0x08002804        0xc 
 .text.__early_init
                0x08002810       0xc8 C:\Users\nameless\AppData\Local\Temp\ccLzGxSd.ltrans1.ltrans.o
                0x08002810                __early_init
 *fill*         0x080028d8        0x8 
 .text.shell_thread.lto_priv.77
                0x080028e0      0x228 C:\Users\nameless\AppData\Local\Temp\ccLzGxSd.ltrans1.ltrans.o
                0x080028e0                shell_thread.lto_priv.77
 *fill*         0x08002b08        0x8 
 .text.cmd_systime
                0x08002b10       0x70 C:\Users\nameless\AppData\Local\Temp\ccLzGxSd.ltrans1.ltrans.o
 .text.SVC_Handler
                0x08002b80       0x20 C:\Users\nameless\AppData\Local\Temp\ccLzGxSd.ltrans2.ltrans.o
                0x08002b80                SVC_Handler
 .text.dmaStreamAllocate
                0x08002ba0       0xcc C:\Users\nameless\AppData\Local\Temp\ccLzGxSd.ltrans2.ltrans.o
                0x08002ba0                dmaStreamAllocate
 *fill*         0x08002c6c        0x4 
 .text.stSetAlarm
                0x08002c70       0x24 C:\Users\nameless\AppData\Local\Temp\ccLzGxSd.ltrans2.ltrans.o
                0x08002c70                stSetAlarm
 *fill*         0x08002c94        0xc 
 .text._port_irq_epilogue
                0x08002ca0       0x64 C:\Users\nameless\AppData\Local\Temp\ccLzGxSd.ltrans2.ltrans.o
                0x08002ca0                _port_irq_epilogue
 *fill*         0x08002d04        0xc 
 .text.Vector158
                0x08002d10       0x38 C:\Users\nameless\AppData\Local\Temp\ccLzGxSd.ltrans2.ltrans.o
                0x08002d10                Vector158
 *fill*         0x08002d48        0x8 
 .text.Vector154
                0x08002d50       0x38 C:\Users\nameless\AppData\Local\Temp\ccLzGxSd.ltrans2.ltrans.o
                0x08002d50                Vector154
 *fill*         0x08002d88        0x8 
 .text.Vector150
                0x08002d90       0x38 C:\Users\nameless\AppData\Local\Temp\ccLzGxSd.ltrans2.ltrans.o
                0x08002d90                Vector150
 *fill*         0x08002dc8        0x8 
 .text.Vector130
                0x08002dd0       0x34 C:\Users\nameless\AppData\Local\Temp\ccLzGxSd.ltrans2.ltrans.o
                0x08002dd0                Vector130
 *fill*         0x08002e04        0xc 
 .text.Vector12C
                0x08002e10       0x38 C:\Users\nameless\AppData\Local\Temp\ccLzGxSd.ltrans2.ltrans.o
                0x08002e10                Vector12C
 *fill*         0x08002e48        0x8 
 .text.Vector128
                0x08002e50       0x38 C:\Users\nameless\AppData\Local\Temp\ccLzGxSd.ltrans2.ltrans.o
                0x08002e50                Vector128
 *fill*         0x08002e88        0x8 
 .text.Vector124
                0x08002e90       0x38 C:\Users\nameless\AppData\Local\Temp\ccLzGxSd.ltrans2.ltrans.o
                0x08002e90                Vector124
 *fill*         0x08002ec8        0x8 
 .text.Vector120
                0x08002ed0       0x34 C:\Users\nameless\AppData\Local\Temp\ccLzGxSd.ltrans2.ltrans.o
                0x08002ed0                Vector120
 *fill*         0x08002f04        0xc 
 .text.VectorFC
                0x08002f10       0x38 C:\Users\nameless\AppData\Local\Temp\ccLzGxSd.ltrans2.ltrans.o
                0x08002f10                VectorFC
 *fill*         0x08002f48        0x8 
 .text.Vector84
                0x08002f50       0x38 C:\Users\nameless\AppData\Local\Temp\ccLzGxSd.ltrans2.ltrans.o
                0x08002f50                Vector84
 *fill*         0x08002f88        0x8 
 .text.Vector80
                0x08002f90       0x38 C:\Users\nameless\AppData\Local\Temp\ccLzGxSd.ltrans2.ltrans.o
                0x08002f90                Vector80
 *fill*         0x08002fc8        0x8 
 .text.Vector7C
                0x08002fd0       0x34 C:\Users\nameless\AppData\Local\Temp\ccLzGxSd.ltrans2.ltrans.o
                0x08002fd0                Vector7C
 *fill*         0x08003004        0xc 
 .text.Vector78
                0x08003010       0x38 C:\Users\nameless\AppData\Local\Temp\ccLzGxSd.ltrans2.ltrans.o
                0x08003010                Vector78
 *fill*         0x08003048        0x8 
 .text.Vector74
                0x08003050       0x38 C:\Users\nameless\AppData\Local\Temp\ccLzGxSd.ltrans2.ltrans.o
                0x08003050                Vector74
 *fill*         0x08003088        0x8 
 .text.Vector70
                0x08003090       0x38 C:\Users\nameless\AppData\Local\Temp\ccLzGxSd.ltrans2.ltrans.o
                0x08003090                Vector70
 *fill*         0x080030c8        0x8 
 .text.Vector6C
                0x080030d0       0x34 C:\Users\nameless\AppData\Local\Temp\ccLzGxSd.ltrans2.ltrans.o
                0x080030d0                Vector6C
 *fill*         0x08003104        0xc 
 .text.chEvtBroadcastFlagsI
                0x08003110       0x9c C:\Users\nameless\AppData\Local\Temp\ccLzGxSd.ltrans2.ltrans.o
                0x08003110                chEvtBroadcastFlagsI
 *fill*         0x080031ac        0x4 
 .text.gptStart
                0x080031b0      0x1a8 C:\Users\nameless\AppData\Local\Temp\ccLzGxSd.ltrans2.ltrans.o
                0x080031b0                gptStart
 *fill*         0x08003358        0x8 
 .text.chCoreAlloc
                0x08003360       0x70 C:\Users\nameless\AppData\Local\Temp\ccLzGxSd.ltrans2.ltrans.o
                0x08003360                chCoreAlloc
 .text.chOQWriteTimeout
                0x080033d0      0x110 C:\Users\nameless\AppData\Local\Temp\ccLzGxSd.ltrans2.ltrans.o
 .text.writet.lto_priv.91
                0x080034e0        0x8 C:\Users\nameless\AppData\Local\Temp\ccLzGxSd.ltrans2.ltrans.o
                0x080034e0                writet.lto_priv.91
 *fill*         0x080034e8        0x8 
 .text.write.lto_priv.85
                0x080034f0        0xc C:\Users\nameless\AppData\Local\Temp\ccLzGxSd.ltrans2.ltrans.o
                0x080034f0                write.lto_priv.85
 *fill*         0x080034fc        0x4 
 .text.chOQPutTimeout
                0x08003500       0xb0 C:\Users\nameless\AppData\Local\Temp\ccLzGxSd.ltrans2.ltrans.o
 .text.putt.lto_priv.89
                0x080035b0        0x8 C:\Users\nameless\AppData\Local\Temp\ccLzGxSd.ltrans2.ltrans.o
                0x080035b0                putt.lto_priv.89
 *fill*         0x080035b8        0x8 
 .text.put.lto_priv.87
                0x080035c0        0xc C:\Users\nameless\AppData\Local\Temp\ccLzGxSd.ltrans2.ltrans.o
                0x080035c0                put.lto_priv.87
 *fill*         0x080035cc        0x4 
 .text.chIQReadTimeout
                0x080035d0      0x108 C:\Users\nameless\AppData\Local\Temp\ccLzGxSd.ltrans2.ltrans.o
 *fill*         0x080036d8        0x8 
 .text.readt.lto_priv.92
                0x080036e0        0x8 C:\Users\nameless\AppData\Local\Temp\ccLzGxSd.ltrans2.ltrans.o
                0x080036e0                readt.lto_priv.92
 *fill*         0x080036e8        0x8 
 .text.read.lto_priv.86
                0x080036f0        0xc C:\Users\nameless\AppData\Local\Temp\ccLzGxSd.ltrans2.ltrans.o
                0x080036f0                read.lto_priv.86
 *fill*         0x080036fc        0x4 
 .text.chIQGetTimeout
                0x08003700       0xa4 C:\Users\nameless\AppData\Local\Temp\ccLzGxSd.ltrans2.ltrans.o
 *fill*         0x080037a4        0xc 
 .text.gett.lto_priv.90
                0x080037b0        0x8 C:\Users\nameless\AppData\Local\Temp\ccLzGxSd.ltrans2.ltrans.o
                0x080037b0                gett.lto_priv.90
 *fill*         0x080037b8        0x8 
 .text.get.lto_priv.88
                0x080037c0        0xc C:\Users\nameless\AppData\Local\Temp\ccLzGxSd.ltrans2.ltrans.o
                0x080037c0                get.lto_priv.88
 *fill*         0x080037cc        0x4 
 .text.chTMChainMeasurementToX
                0x080037d0       0x3c C:\Users\nameless\AppData\Local\Temp\ccLzGxSd.ltrans3.ltrans.o
 *fill*         0x0800380c        0x4 
 .text._dbg_trace
                0x08003810       0x38 C:\Users\nameless\AppData\Local\Temp\ccLzGxSd.ltrans3.ltrans.o
 *fill*         0x08003848        0x8 
 .text._idle_thread.lto_priv.82
                0x08003850        0x4 C:\Users\nameless\AppData\Local\Temp\ccLzGxSd.ltrans3.ltrans.o
                0x08003850                _idle_thread.lto_priv.82
 *fill*         0x08003854        0xc 
 .text._stats_increase_irq
                0x08003860       0x20 C:\Users\nameless\AppData\Local\Temp\ccLzGxSd.ltrans3.ltrans.o
                0x08003860                _stats_increase_irq
 .text.chTMStopMeasurementX
                0x08003880       0x48 C:\Users\nameless\AppData\Local\Temp\ccLzGxSd.ltrans3.ltrans.o
                0x08003880                chTMStopMeasurementX
 *fill*         0x080038c8        0x8 
 .text._stats_stop_measure_crit_isr
                0x080038d0        0xc C:\Users\nameless\AppData\Local\Temp\ccLzGxSd.ltrans3.ltrans.o
                0x080038d0                _stats_stop_measure_crit_isr
 *fill*         0x080038dc        0x4 
 .text._stats_stop_measure_crit_thd
                0x080038e0        0xc C:\Users\nameless\AppData\Local\Temp\ccLzGxSd.ltrans3.ltrans.o
                0x080038e0                _stats_stop_measure_crit_thd
 *fill*         0x080038ec        0x4 
 .text.chTMStartMeasurementX
                0x080038f0        0xc C:\Users\nameless\AppData\Local\Temp\ccLzGxSd.ltrans3.ltrans.o
                0x080038f0                chTMStartMeasurementX
 *fill*         0x080038fc        0x4 
 .text._stats_start_measure_crit_isr
                0x08003900        0xc C:\Users\nameless\AppData\Local\Temp\ccLzGxSd.ltrans3.ltrans.o
                0x08003900                _stats_start_measure_crit_isr
 *fill*         0x0800390c        0x4 
 .text._stats_start_measure_crit_thd
                0x08003910        0xc C:\Users\nameless\AppData\Local\Temp\ccLzGxSd.ltrans3.ltrans.o
                0x08003910                _stats_start_measure_crit_thd
 *fill*         0x0800391c        0x4 
 .text.chSchDoRescheduleAhead
                0x08003920       0x78 C:\Users\nameless\AppData\Local\Temp\ccLzGxSd.ltrans3.ltrans.o
                0x08003920                chSchDoRescheduleAhead
 *fill*         0x08003998        0x8 
 .text.chSchDoReschedule
                0x080039a0        0x4 C:\Users\nameless\AppData\Local\Temp\ccLzGxSd.ltrans3.ltrans.o
                0x080039a0                chSchDoReschedule
 *fill*         0x080039a4        0xc 
 .text.chDbgCheckClassS
                0x080039b0       0x20 C:\Users\nameless\AppData\Local\Temp\ccLzGxSd.ltrans3.ltrans.o
                0x080039b0                chDbgCheckClassS
 .text.chSchGoSleepS
                0x080039d0       0x64 C:\Users\nameless\AppData\Local\Temp\ccLzGxSd.ltrans3.ltrans.o
                0x080039d0                chSchGoSleepS
 *fill*         0x08003a34        0xc 
 .text.chDbgCheckClassI
                0x08003a40       0x20 C:\Users\nameless\AppData\Local\Temp\ccLzGxSd.ltrans3.ltrans.o
                0x08003a40                chDbgCheckClassI
 .text.chSchGoSleepTimeoutS
                0x08003a60      0x16c C:\Users\nameless\AppData\Local\Temp\ccLzGxSd.ltrans3.ltrans.o
                0x08003a60                chSchGoSleepTimeoutS
 *fill*         0x08003bcc        0x4 
 .text.chThdEnqueueTimeoutS
                0x08003bd0       0x28 C:\Users\nameless\AppData\Local\Temp\ccLzGxSd.ltrans3.ltrans.o
                0x08003bd0                chThdEnqueueTimeoutS
 *fill*         0x08003bf8        0x8 
 .text.chSchReadyI
                0x08003c00       0x50 C:\Users\nameless\AppData\Local\Temp\ccLzGxSd.ltrans3.ltrans.o
                0x08003c00                chSchReadyI
 .text.chThdResumeI
                0x08003c50       0x2c C:\Users\nameless\AppData\Local\Temp\ccLzGxSd.ltrans3.ltrans.o
                0x08003c50                chThdResumeI
 *fill*         0x08003c7c        0x4 
 .text.chThdExitS
                0x08003c80       0x4c C:\Users\nameless\AppData\Local\Temp\ccLzGxSd.ltrans3.ltrans.o
                0x08003c80                chThdExitS
 *fill*         0x08003ccc        0x4 
 .text._dbg_check_leave_isr
                0x08003cd0       0x2c C:\Users\nameless\AppData\Local\Temp\ccLzGxSd.ltrans3.ltrans.o
                0x08003cd0                _dbg_check_leave_isr
 *fill*         0x08003cfc        0x4 
 .text._dbg_check_enter_isr
                0x08003d00       0x2c C:\Users\nameless\AppData\Local\Temp\ccLzGxSd.ltrans3.ltrans.o
                0x08003d00                _dbg_check_enter_isr
 *fill*         0x08003d2c        0x4 
 .text._dbg_check_unlock_from_isr
                0x08003d30       0x24 C:\Users\nameless\AppData\Local\Temp\ccLzGxSd.ltrans3.ltrans.o
                0x08003d30                _dbg_check_unlock_from_isr
 *fill*         0x08003d54        0xc 
 .text._dbg_check_lock_from_isr
                0x08003d60       0x24 C:\Users\nameless\AppData\Local\Temp\ccLzGxSd.ltrans3.ltrans.o
                0x08003d60                _dbg_check_lock_from_isr
 *fill*         0x08003d84        0xc 
 .text.wakeup   0x08003d90       0x6c C:\Users\nameless\AppData\Local\Temp\ccLzGxSd.ltrans3.ltrans.o
 *fill*         0x08003dfc        0x4 
 .text._dbg_check_unlock
                0x08003e00       0x20 C:\Users\nameless\AppData\Local\Temp\ccLzGxSd.ltrans3.ltrans.o
                0x08003e00                _dbg_check_unlock
 .text._dbg_check_lock
                0x08003e20       0x20 C:\Users\nameless\AppData\Local\Temp\ccLzGxSd.ltrans3.ltrans.o
                0x08003e20                _dbg_check_lock
 .text.chMtxLock
                0x08003e40      0x134 C:\Users\nameless\AppData\Local\Temp\ccLzGxSd.ltrans3.ltrans.o
                0x08003e40                chMtxLock
 *fill*         0x08003f74        0xc 
 .text.chThdExit
                0x08003f80       0x18 C:\Users\nameless\AppData\Local\Temp\ccLzGxSd.ltrans3.ltrans.o
                0x08003f80                chThdExit
 *fill*         0x08003f98        0x8 
 .text.chThdSleepUntil
                0x08003fa0       0x58 C:\Users\nameless\AppData\Local\Temp\ccLzGxSd.ltrans3.ltrans.o
                0x08003fa0                chThdSleepUntil
 *fill*         0x08003ff8        0x8 
 .text.chThdSleep
                0x08004000       0x5c C:\Users\nameless\AppData\Local\Temp\ccLzGxSd.ltrans3.ltrans.o
                0x08004000                chThdSleep
 *fill*         0x0800405c        0x4 
 .text.chThdCreateStatic
                0x08004060      0x198 C:\Users\nameless\AppData\Local\Temp\ccLzGxSd.ltrans3.ltrans.o
                0x08004060                chThdCreateStatic
 *fill*         0x080041f8        0x8 
 .text._unhandled_exception
                0x08004200        0x4 C:\Users\nameless\AppData\Local\Temp\ccLzGxSd.ltrans3.ltrans.o
                0x08004200                Vector58
                0x08004200                VectorE8
                0x08004200                Vector9C
                0x08004200                VectorAC
                0x08004200                DebugMon_Handler
                0x08004200                Vector1A0
                0x08004200                Vector5C
                0x08004200                Vector11C
                0x08004200                HardFault_Handler
                0x08004200                Vector1B8
                0x08004200                Vector19C
                0x08004200                Vector8C
                0x08004200                SysTick_Handler
                0x08004200                VectorDC
                0x08004200                PendSV_Handler
                0x08004200                Vector168
                0x08004200                NMI_Handler
                0x08004200                VectorC8
                0x08004200                Vector94
                0x08004200                VectorA8
                0x08004200                Vector160
                0x08004200                Vector1B0
                0x08004200                UsageFault_Handler
                0x08004200                VectorEC
                0x08004200                Vector40
                0x08004200                Vector190
                0x08004200                Vector148
                0x08004200                Vector188
                0x08004200                Vector198
                0x08004200                Vector118
                0x08004200                Vector64
                0x08004200                VectorCC
                0x08004200                Vector54
                0x08004200                Vector98
                0x08004200                VectorD8
                0x08004200                Vector138
                0x08004200                Vector24
                0x08004200                Vector1AC
                0x08004200                Vector178
                0x08004200                Vector1A4
                0x08004200                VectorD0
                0x08004200                Vector1B4
                0x08004200                Vector140
                0x08004200                VectorE4
                0x08004200                Vector134
                0x08004200                Vector13C
                0x08004200                Vector100
                0x08004200                VectorE0
                0x08004200                VectorF4
                0x08004200                MemManage_Handler
                0x08004200                VectorC4
                0x08004200                Vector180
                0x08004200                Vector90
                0x08004200                Vector114
                0x08004200                Vector164
                0x08004200                Vector60
                0x08004200                Vector1C
                0x08004200                Vector1BC
                0x08004200                Vector17C
                0x08004200                Vector48
                0x08004200                Vector1A8
                0x08004200                Vector16C
                0x08004200                VectorD4
                0x08004200                Vector4C
                0x08004200                Vector144
                0x08004200                Vector15C
                0x08004200                Vector68
                0x08004200                Vector170
                0x08004200                Vector88
                0x08004200                Vector104
                0x08004200                Vector184
                0x08004200                Vector10C
                0x08004200                Vector14C
                0x08004200                BusFault_Handler
                0x08004200                Vector50
                0x08004200                Vector194
                0x08004200                Vector44
                0x08004200                Vector28
                0x08004200                Vector34
                0x08004200                Vector20
                0x08004200                Vector18C
                0x08004200                Vector174
 *fill*         0x08004204        0xc 
 .text.__init_ram_areas
                0x08004210       0x4c C:\Users\nameless\AppData\Local\Temp\ccLzGxSd.ltrans3.ltrans.o
                0x08004210                __init_ram_areas
 *fill*         0x0800425c        0x4 
 .text.__default_exit
                0x08004260        0x4 C:\Users\nameless\AppData\Local\Temp\ccLzGxSd.ltrans3.ltrans.o
                0x08004260                __default_exit
 *fill*         0x08004264        0xc 
 .text.__late_init
                0x08004270        0x4 C:\Users\nameless\AppData\Local\Temp\ccLzGxSd.ltrans3.ltrans.o
                0x08004270                __late_init
 *fill*         0x08004274        0xc 
 .text.__core_init
                0x08004280        0x4 C:\Users\nameless\AppData\Local\Temp\ccLzGxSd.ltrans3.ltrans.o
                0x08004280                __core_init
 *fill*         0x08004284        0xc 
 .text.cmd_print
                0x08004290       0x50 C:\Users\nameless\AppData\Local\Temp\ccLzGxSd.ltrans4.ltrans.o
 .text.tft_write_data
                0x080042e0       0x28 C:\Users\nameless\AppData\Local\Temp\ccLzGxSd.ltrans4.ltrans.o
                0x080042e0                tft_write_data
 *fill*         0x08004308        0x8 
 .text.tft_write_command
                0x08004310       0x28 C:\Users\nameless\AppData\Local\Temp\ccLzGxSd.ltrans4.ltrans.o
                0x08004310                tft_write_command
 *fill*         0x08004338        0x8 
 .text.startup.main
                0x08004340      0x7c0 C:\Users\nameless\AppData\Local\Temp\ccLzGxSd.ltrans4.ltrans.o
                0x08004340                main
 .text.Motor_thread
                0x08004b00      0x17c C:\Users\nameless\AppData\Local\Temp\ccLzGxSd.ltrans4.ltrans.o
 *fill*         0x08004c7c        0x4 
 .text.Hall_update
                0x08004c80       0x50 C:\Users\nameless\AppData\Local\Temp\ccLzGxSd.ltrans5.ltrans.o
 .text.RC_thread.lto_priv.100
                0x08004cd0       0x38 C:\Users\nameless\AppData\Local\Temp\ccLzGxSd.ltrans5.ltrans.o
                0x08004cd0                RC_thread.lto_priv.100
 *fill*         0x08004d08        0x8 
 .text.Hall_init
                0x08004d10       0x50 C:\Users\nameless\AppData\Local\Temp\ccLzGxSd.ltrans5.ltrans.o
 .text.Hall_thread.lto_priv.84
                0x08004d60       0xe8 C:\Users\nameless\AppData\Local\Temp\ccLzGxSd.ltrans5.ltrans.o
                0x08004d60                Hall_thread.lto_priv.84
 *fill*         0x08004e48        0x8 
 .text.chThdDequeueNextI.constprop.54
                0x08004e50       0x34 C:\Users\nameless\AppData\Local\Temp\ccLzGxSd.ltrans5.ltrans.o
                0x08004e50                chThdDequeueNextI.constprop.54
 *fill*         0x08004e84        0xc 
 .text._strtok.constprop.15
                0x08004e90       0x40 C:\Users\nameless\AppData\Local\Temp\ccLzGxSd.ltrans5.ltrans.o
                0x08004e90                _strtok.constprop.15
 .text.long_to_string_with_divisor.constprop.14
                0x08004ed0       0x44 C:\Users\nameless\AppData\Local\Temp\ccLzGxSd.ltrans5.ltrans.o
                0x08004ed0                long_to_string_with_divisor.constprop.14
 *fill*         0x08004f14        0xc 
 .text.tft_printf.constprop.9
                0x08004f20      0x108 C:\Users\nameless\AppData\Local\Temp\ccLzGxSd.ltrans5.ltrans.o
                0x08004f20                tft_printf.constprop.9
 *fill*         0x08005028        0x8 
 .text.flashRead
                0x08005030       0x58 C:\Users\nameless\AppData\Local\Temp\ccLzGxSd.ltrans5.ltrans.o
                0x08005030                flashRead
 *fill*         0x08005088        0x8 
 .text.motor_pwmUpdate
                0x08005090      0x114 C:\Users\nameless\AppData\Local\Temp\ccLzGxSd.ltrans5.ltrans.o
                0x08005090                motor_pwmUpdate
 *fill*         0x080051a4        0xc 
 .text.tft_char_is_changed
                0x080051b0       0x88 C:\Users\nameless\AppData\Local\Temp\ccLzGxSd.ltrans5.ltrans.o
                0x080051b0                tft_char_is_changed
 *fill*         0x08005238        0x8 
 .text.tft_set_char_pos
                0x08005240       0x50 C:\Users\nameless\AppData\Local\Temp\ccLzGxSd.ltrans5.ltrans.o
                0x08005240                tft_set_char_pos
 .text.chMtxUnlock.constprop.53
                0x08005290       0xec C:\Users\nameless\AppData\Local\Temp\ccLzGxSd.ltrans5.ltrans.o
                0x08005290                chMtxUnlock.constprop.53
 *fill*         0x0800537c        0x4 
 .text.i2cMasterTransmitTimeout.constprop.39
                0x08005380      0x18c C:\Users\nameless\AppData\Local\Temp\ccLzGxSd.ltrans5.ltrans.o
                0x08005380                i2cMasterTransmitTimeout.constprop.39
 *fill*         0x0800550c        0x4 
 .text.spiSelect.constprop.25
                0x08005510       0x6c C:\Users\nameless\AppData\Local\Temp\ccLzGxSd.ltrans5.ltrans.o
                0x08005510                spiSelect.constprop.25
 *fill*         0x0800557c        0x4 
 .text.spiUnselect.constprop.23
                0x08005580       0x6c C:\Users\nameless\AppData\Local\Temp\ccLzGxSd.ltrans5.ltrans.o
                0x08005580                spiUnselect.constprop.23
 *fill*         0x080055ec        0x4 
 .text.spiSend.constprop.21
                0x080055f0       0xd0 C:\Users\nameless\AppData\Local\Temp\ccLzGxSd.ltrans5.ltrans.o
                0x080055f0                spiSend.constprop.21
 .text.TFT_thread.lto_priv.73
                0x080056c0      0xad0 C:\Users\nameless\AppData\Local\Temp\ccLzGxSd.ltrans6.ltrans.o
                0x080056c0                TFT_thread.lto_priv.73
 .text.abs      0x08006190        0x8 d:/chibistudio/tools/gnu tools arm embedded/4.9 2015q3/bin/../lib/gcc/arm-none-eabi/4.9.3/../../../../arm-none-eabi/lib/armv7e-m/fpu\libg.a(lib_a-abs.o)
                0x08006190                abs
 *fill*         0x08006198        0x8 
 .text.memset   0x080061a0       0x9c d:/chibistudio/tools/gnu tools arm embedded/4.9 2015q3/bin/../lib/gcc/arm-none-eabi/4.9.3/../../../../arm-none-eabi/lib/armv7e-m/fpu\libg.a(lib_a-memset.o)
                0x080061a0                memset
 *fill*         0x0800623c        0x4 
 .text.strpbrk  0x08006240       0x48 d:/chibistudio/tools/gnu tools arm embedded/4.9 2015q3/bin/../lib/gcc/arm-none-eabi/4.9.3/../../../../arm-none-eabi/lib/armv7e-m/fpu\libg.a(lib_a-strpbrk.o)
                0x08006240                strpbrk
 *fill*         0x08006288        0x8 
 .text.strspn   0x08006290       0x34 d:/chibistudio/tools/gnu tools arm embedded/4.9 2015q3/bin/../lib/gcc/arm-none-eabi/4.9.3/../../../../arm-none-eabi/lib/armv7e-m/fpu\libg.a(lib_a-strspn.o)
                0x08006290                strspn
 *fill*         0x080062c4        0xc 
 .text.atan     0x080062d0      0x368 d:/chibistudio/tools/gnu tools arm embedded/4.9 2015q3/bin/../lib/gcc/arm-none-eabi/4.9.3/../../../../arm-none-eabi/lib/armv7e-m/fpu\libm.a(lib_a-s_atan.o)
                0x080062d0                atan
 *fill*         0x08006638        0x8 
 .text.fabs     0x08006640       0x10 d:/chibistudio/tools/gnu tools arm embedded/4.9 2015q3/bin/../lib/gcc/arm-none-eabi/4.9.3/../../../../arm-none-eabi/lib/armv7e-m/fpu\libm.a(lib_a-s_fabs.o)
                0x08006640                fabs
 *(.rodata)
 *(.rodata.*)
 .rodata.__func__.7544
                0x08006650        0x8 C:\Users\nameless\AppData\Local\Temp\ccLzGxSd.ltrans0.ltrans.o
 *fill*         0x08006658        0x8 
 .rodata.__func__.7614
                0x08006660        0xe C:\Users\nameless\AppData\Local\Temp\ccLzGxSd.ltrans0.ltrans.o
 *fill*         0x0800666e        0x2 
 .rodata.str1.4
                0x08006670       0x23 C:\Users\nameless\AppData\Local\Temp\ccLzGxSd.ltrans0.ltrans.o
 *fill*         0x08006693        0xd 
 .rodata.__func__.7549
                0x080066a0       0x12 C:\Users\nameless\AppData\Local\Temp\ccLzGxSd.ltrans0.ltrans.o
 *fill*         0x080066b2        0xe 
 .rodata.RC_cfg
                0x080066c0       0x10 C:\Users\nameless\AppData\Local\Temp\ccLzGxSd.ltrans0.ltrans.o
 .rodata.i2cfg  0x080066d0        0xc C:\Users\nameless\AppData\Local\Temp\ccLzGxSd.ltrans0.ltrans.o
 *fill*         0x080066dc        0x4 
 .rodata.__func__.7540
                0x080066e0        0x9 C:\Users\nameless\AppData\Local\Temp\ccLzGxSd.ltrans0.ltrans.o
 *fill*         0x080066e9        0x7 
 .rodata.__func__.6282
                0x080066f0        0xc C:\Users\nameless\AppData\Local\Temp\ccLzGxSd.ltrans1.ltrans.o
 *fill*         0x080066fc        0x4 
 .rodata.__func__.6057
                0x08006700        0xc C:\Users\nameless\AppData\Local\Temp\ccLzGxSd.ltrans1.ltrans.o
 *fill*         0x0800670c        0x4 
 .rodata.str1.4
                0x08006710      0x24a C:\Users\nameless\AppData\Local\Temp\ccLzGxSd.ltrans1.ltrans.o
                                0x24e (size before relaxing)
 *fill*         0x0800695a        0x6 
 .rodata.local_commands
                0x08006960       0x18 C:\Users\nameless\AppData\Local\Temp\ccLzGxSd.ltrans1.ltrans.o
 *fill*         0x08006978        0x8 
 .rodata.__func__.7543
                0x08006980        0xb C:\Users\nameless\AppData\Local\Temp\ccLzGxSd.ltrans2.ltrans.o
 *fill*         0x0800698b        0x5 
 .rodata.__func__.6708
                0x08006990        0xd C:\Users\nameless\AppData\Local\Temp\ccLzGxSd.ltrans2.ltrans.o
 *fill*         0x0800699d        0x3 
 .rodata.__func__.7553
                0x080069a0        0xe C:\Users\nameless\AppData\Local\Temp\ccLzGxSd.ltrans2.ltrans.o
 *fill*         0x080069ae        0x2 
 .rodata.__func__.6730
                0x080069b0       0x11 C:\Users\nameless\AppData\Local\Temp\ccLzGxSd.ltrans2.ltrans.o
 *fill*         0x080069c1        0xf 
 .rodata.__func__.7614
                0x080069d0       0x12 C:\Users\nameless\AppData\Local\Temp\ccLzGxSd.ltrans2.ltrans.o
 *fill*         0x080069e2        0xe 
 .rodata.__func__.6691
                0x080069f0       0x15 C:\Users\nameless\AppData\Local\Temp\ccLzGxSd.ltrans2.ltrans.o
 *fill*         0x08006a05        0xb 
 .rodata.__func__.5968.lto_priv.107
                0x08006a10        0xc C:\Users\nameless\AppData\Local\Temp\ccLzGxSd.ltrans2.ltrans.o
 *fill*         0x08006a1c        0x4 
 .rodata.__func__.5968.lto_priv.108
                0x08006a20        0xc C:\Users\nameless\AppData\Local\Temp\ccLzGxSd.ltrans2.ltrans.o
 *fill*         0x08006a2c        0x4 
 .rodata.__func__.6694
                0x08006a30       0x10 C:\Users\nameless\AppData\Local\Temp\ccLzGxSd.ltrans2.ltrans.o
 .rodata.__func__.5968.lto_priv.106
                0x08006a40        0xc C:\Users\nameless\AppData\Local\Temp\ccLzGxSd.ltrans2.ltrans.o
 *fill*         0x08006a4c        0x4 
 .rodata.__func__.7540
                0x08006a50        0x9 C:\Users\nameless\AppData\Local\Temp\ccLzGxSd.ltrans2.ltrans.o
 *fill*         0x08006a59        0x7 
 .rodata.__func__.7536
                0x08006a60        0xd C:\Users\nameless\AppData\Local\Temp\ccLzGxSd.ltrans3.ltrans.o
 *fill*         0x08006a6d        0x3 
 .rodata.__func__.6671
                0x08006a70        0xc C:\Users\nameless\AppData\Local\Temp\ccLzGxSd.ltrans3.ltrans.o
 *fill*         0x08006a7c        0x4 
 .rodata.__func__.6727
                0x08006a80        0xb C:\Users\nameless\AppData\Local\Temp\ccLzGxSd.ltrans3.ltrans.o
 *fill*         0x08006a8b        0x5 
 .rodata.__func__.6683
                0x08006a90        0xd C:\Users\nameless\AppData\Local\Temp\ccLzGxSd.ltrans3.ltrans.o
 *fill*         0x08006a9d        0x3 
 .rodata.str1.4
                0x08006aa0       0x4d C:\Users\nameless\AppData\Local\Temp\ccLzGxSd.ltrans3.ltrans.o
 *fill*         0x08006aed        0x3 
 .rodata.ram_areas
                0x08006af0       0x80 C:\Users\nameless\AppData\Local\Temp\ccLzGxSd.ltrans3.ltrans.o
 .rodata.__func__.6674.lto_priv.111
                0x08006b70        0xb C:\Users\nameless\AppData\Local\Temp\ccLzGxSd.ltrans3.ltrans.o
 *fill*         0x08006b7b        0x5 
 .rodata.__func__.6674.lto_priv.112
                0x08006b80        0xb C:\Users\nameless\AppData\Local\Temp\ccLzGxSd.ltrans3.ltrans.o
 *fill*         0x08006b8b        0x5 
 .rodata.__func__.5968
                0x08006b90        0xc C:\Users\nameless\AppData\Local\Temp\ccLzGxSd.ltrans3.ltrans.o
 *fill*         0x08006b9c        0x4 
 .rodata.__func__.6699
                0x08006ba0        0xd C:\Users\nameless\AppData\Local\Temp\ccLzGxSd.ltrans3.ltrans.o
 *fill*         0x08006bad        0x3 
 .rodata.__func__.6142
                0x08006bb0        0xc C:\Users\nameless\AppData\Local\Temp\ccLzGxSd.ltrans3.ltrans.o
 *fill*         0x08006bbc        0x4 
 .rodata.__func__.6749
                0x08006bc0        0xd C:\Users\nameless\AppData\Local\Temp\ccLzGxSd.ltrans3.ltrans.o
 *fill*         0x08006bcd        0x3 
 .rodata.__func__.7540
                0x08006bd0        0x9 C:\Users\nameless\AppData\Local\Temp\ccLzGxSd.ltrans4.ltrans.o
 *fill*         0x08006bd9        0x7 
 .rodata.__func__.5968.lto_priv.80
                0x08006be0        0xc C:\Users\nameless\AppData\Local\Temp\ccLzGxSd.ltrans4.ltrans.o
                0x08006be0                __func__.5968.lto_priv.80
 *fill*         0x08006bec        0x4 
 .rodata.__func__.7549
                0x08006bf0        0xe C:\Users\nameless\AppData\Local\Temp\ccLzGxSd.ltrans4.ltrans.o
 *fill*         0x08006bfe        0x2 
 .rodata.vmt    0x08006c00       0x20 C:\Users\nameless\AppData\Local\Temp\ccLzGxSd.ltrans4.ltrans.o
 .rodata.motor_pwmcfg
                0x08006c20       0x34 C:\Users\nameless\AppData\Local\Temp\ccLzGxSd.ltrans4.ltrans.o
 *fill*         0x08006c54        0xc 
 .rodata._stm32_dma_streams
                0x08006c60       0xc0 C:\Users\nameless\AppData\Local\Temp\ccLzGxSd.ltrans4.ltrans.o
 .rodata.__func__.7581
                0x08006d20        0x8 C:\Users\nameless\AppData\Local\Temp\ccLzGxSd.ltrans4.ltrans.o
 *fill*         0x08006d28        0x8 
 .rodata.ch_debug
                0x08006d30       0x16 C:\Users\nameless\AppData\Local\Temp\ccLzGxSd.ltrans4.ltrans.o
 *fill*         0x08006d46        0xa 
 .rodata.__func__.5968.lto_priv.81
                0x08006d50        0xc C:\Users\nameless\AppData\Local\Temp\ccLzGxSd.ltrans4.ltrans.o
 *fill*         0x08006d5c        0x4 
 .rodata.commands
                0x08006d60        0x8 C:\Users\nameless\AppData\Local\Temp\ccLzGxSd.ltrans4.ltrans.o
 *fill*         0x08006d68        0x8 
 .rodata.shell_cfg1
                0x08006d70        0x8 C:\Users\nameless\AppData\Local\Temp\ccLzGxSd.ltrans4.ltrans.o
 *fill*         0x08006d78        0x8 
 .rodata.str1.4
                0x08006d80       0x3e C:\Users\nameless\AppData\Local\Temp\ccLzGxSd.ltrans4.ltrans.o
 *fill*         0x08006dbe        0x2 
 .rodata.__func__.7552
                0x08006dc0        0xc C:\Users\nameless\AppData\Local\Temp\ccLzGxSd.ltrans5.ltrans.o
 *fill*         0x08006dcc        0x4 
 .rodata.__func__.7594
                0x08006dd0        0x8 C:\Users\nameless\AppData\Local\Temp\ccLzGxSd.ltrans5.ltrans.o
 *fill*         0x08006dd8        0x8 
 .rodata.__func__.5968.lto_priv.63
                0x08006de0        0xc C:\Users\nameless\AppData\Local\Temp\ccLzGxSd.ltrans5.ltrans.o
                0x08006de0                __func__.5968.lto_priv.63
 *fill*         0x08006dec        0x4 
 .rodata.__func__.5968.lto_priv.64
                0x08006df0        0xc C:\Users\nameless\AppData\Local\Temp\ccLzGxSd.ltrans5.ltrans.o
                0x08006df0                __func__.5968.lto_priv.64
 *fill*         0x08006dfc        0x4 
 .rodata.__func__.5968.lto_priv.66
                0x08006e00        0xc C:\Users\nameless\AppData\Local\Temp\ccLzGxSd.ltrans5.ltrans.o
 *fill*         0x08006e0c        0x4 
 .rodata.__func__.7559
                0x08006e10       0x19 C:\Users\nameless\AppData\Local\Temp\ccLzGxSd.ltrans5.ltrans.o
 *fill*         0x08006e29        0x7 
 .rodata.__func__.6154
                0x08006e30       0x14 C:\Users\nameless\AppData\Local\Temp\ccLzGxSd.ltrans5.ltrans.o
 *fill*         0x08006e44        0xc 
 .rodata.hall_cfg
                0x08006e50       0x10 C:\Users\nameless\AppData\Local\Temp\ccLzGxSd.ltrans5.ltrans.o
 .rodata.str1.4
                0x08006e60       0x1f C:\Users\nameless\AppData\Local\Temp\ccLzGxSd.ltrans5.ltrans.o
 *fill*         0x08006e7f        0x1 
 .rodata.vmt    0x08006e80       0x10 C:\Users\nameless\AppData\Local\Temp\ccLzGxSd.ltrans5.ltrans.o
 .rodata.__func__.6737
                0x08006e90        0xe C:\Users\nameless\AppData\Local\Temp\ccLzGxSd.ltrans5.ltrans.o
 *fill*         0x08006e9e        0x2 
 .rodata.__func__.6697
                0x08006ea0        0xc C:\Users\nameless\AppData\Local\Temp\ccLzGxSd.ltrans5.ltrans.o
 *fill*         0x08006eac        0x4 
 .rodata.__func__.6743
                0x08006eb0       0x15 C:\Users\nameless\AppData\Local\Temp\ccLzGxSd.ltrans5.ltrans.o
 *fill*         0x08006ec5        0xb 
 .rodata.__func__.5968.lto_priv.65
                0x08006ed0        0xc C:\Users\nameless\AppData\Local\Temp\ccLzGxSd.ltrans5.ltrans.o
                0x08006ed0                __func__.5968.lto_priv.65
 *fill*         0x08006edc        0x4 
 .rodata.__func__.7548
                0x08006ee0        0xa C:\Users\nameless\AppData\Local\Temp\ccLzGxSd.ltrans5.ltrans.o
 *fill*         0x08006eea        0x6 
 .rodata.__func__.7554
                0x08006ef0        0xe C:\Users\nameless\AppData\Local\Temp\ccLzGxSd.ltrans6.ltrans.o
 *fill*         0x08006efe        0x2 
 .rodata.ascii_8x16
                0x08006f00     0x1000 C:\Users\nameless\AppData\Local\Temp\ccLzGxSd.ltrans6.ltrans.o
 .rodata.str1.4
                0x08007f00       0x30 C:\Users\nameless\AppData\Local\Temp\ccLzGxSd.ltrans6.ltrans.o
 .rodata.TFTSPI_cfg
                0x08007f30        0xc C:\Users\nameless\AppData\Local\Temp\ccLzGxSd.ltrans6.ltrans.o
 *fill*         0x08007f3c        0x4 
 .rodata.__func__.7540
                0x08007f40        0x9 C:\Users\nameless\AppData\Local\Temp\ccLzGxSd.ltrans6.ltrans.o
 *fill*         0x08007f49        0x7 
 .rodata.atanlo
                0x08007f50       0x20 d:/chibistudio/tools/gnu tools arm embedded/4.9 2015q3/bin/../lib/gcc/arm-none-eabi/4.9.3/../../../../arm-none-eabi/lib/armv7e-m/fpu\libm.a(lib_a-s_atan.o)
 .rodata.atanhi
                0x08007f70       0x20 d:/chibistudio/tools/gnu tools arm embedded/4.9 2015q3/bin/../lib/gcc/arm-none-eabi/4.9.3/../../../../arm-none-eabi/lib/armv7e-m/fpu\libm.a(lib_a-s_atan.o)
 *(.glue_7t)
 .glue_7t       0x00000000        0x0 linker stubs
 *(.glue_7)
 .glue_7        0x00000000        0x0 linker stubs
 *(.gcc*)

.vfp11_veneer   0x08007f90        0x0
 .vfp11_veneer  0x00000000        0x0 linker stubs

.v4_bx          0x08007f90        0x0
 .v4_bx         0x00000000        0x0 linker stubs

.iplt           0x08007f90        0x0
 .iplt          0x00000000        0x0 build/obj/crt0_v7m.o

.rel.dyn        0x08007f90        0x0
 .rel.iplt      0x00000000        0x0 build/obj/crt0_v7m.o

.ARM.extab
 *(.ARM.extab* .gnu.linkonce.armextab.*)

.ARM.exidx      0x08007f90        0x0
                0x08007f90                __exidx_start = .
 *(.ARM.exidx* .gnu.linkonce.armexidx.*)
                0x08007f90                __exidx_end = .

.eh_frame_hdr
 *(.eh_frame_hdr)

.eh_frame
 *(.eh_frame)

.textalign      0x08007f90        0x0
                0x08007f90                . = ALIGN (0x8)
                0x08007f90                . = ALIGN (0x4)
                0x08007f90                PROVIDE (_etext, .)

.mstack         0x20000000      0x400
                0x20000000                . = ALIGN (0x8)
                0x20000000                __main_stack_base__ = .
                0x20000400                . = (. + __main_stack_size__)
 *fill*         0x20000000      0x400 
                0x20000400                . = ALIGN (0x8)
                0x20000400                __main_stack_end__ = .

.pstack         0x20000400      0x400
                0x20000400                __process_stack_base__ = .
                0x20000400                __main_thread_stack_base__ = .
                0x20000800                . = (. + __process_stack_size__)
 *fill*         0x20000400      0x400 
                0x20000800                . = ALIGN (0x8)
                0x20000800                __process_stack_end__ = .
                0x20000800                __main_thread_stack_end__ = .

.data           0x20000800       0x84 load address 0x08007f90
                0x20000800                . = ALIGN (0x4)
                0x08007f90                PROVIDE (_textdata, LOADADDR (.data))
                0x20000800                PROVIDE (_data, .)
                0x08007f90                _textdata_start = LOADADDR (.data)
                0x20000800                _data_start = .
 *(.data)
 *(.data.*)
 .data.g_sensorSettings
                0x20000800        0x3 C:\Users\nameless\AppData\Local\Temp\ccLzGxSd.ltrans0.ltrans.o
 *fill*         0x20000803        0x1 
 .data.hall_encoder
                0x20000804       0x20 C:\Users\nameless\AppData\Local\Temp\ccLzGxSd.ltrans5.ltrans.o
 .data.motors.lto_priv.76
                0x20000824       0x60 C:\Users\nameless\AppData\Local\Temp\ccLzGxSd.ltrans5.ltrans.o
                0x20000824                motors.lto_priv.76
 *(.ramtext)
                0x20000884                . = ALIGN (0x4)
                0x20000884                PROVIDE (_edata, .)
                0x20000884                _data_end = .

.igot.plt       0x20000884        0x0 load address 0x08008014
 .igot.plt      0x00000000        0x0 build/obj/crt0_v7m.o

.bss            0x20000888     0xd530 load address 0x08008014
                0x20000888                . = ALIGN (0x4)
                0x20000888                _bss_start = .
 *(.bss)
 *(.bss.*)
 .bss.RC_thread_wa
                0x20000888      0x1b0 C:\Users\nameless\AppData\Local\Temp\ccLzGxSd.ltrans0.ltrans.o
 .bss.g_i2cErrorInfo
                0x20000a38        0x6 C:\Users\nameless\AppData\Local\Temp\ccLzGxSd.ltrans0.ltrans.o
 *fill*         0x20000a3e        0x2 
 .bss.mpu6050RXData
                0x20000a40        0xe C:\Users\nameless\AppData\Local\Temp\ccLzGxSd.ltrans0.ltrans.o
 *fill*         0x20000a4e        0x2 
 .bss.controller
                0x20000a50        0x8 C:\Users\nameless\AppData\Local\Temp\ccLzGxSd.ltrans0.ltrans.o
 .bss.Controller_thread_wa
                0x20000a58     0x1170 C:\Users\nameless\AppData\Local\Temp\ccLzGxSd.ltrans0.ltrans.o
 .bss.MPUFlash  0x20001bc8       0x18 C:\Users\nameless\AppData\Local\Temp\ccLzGxSd.ltrans0.ltrans.o
 .bss.shell_terminated
                0x20001be0        0x4 C:\Users\nameless\AppData\Local\Temp\ccLzGxSd.ltrans1.ltrans.o
 *fill*         0x20001be4        0x4 
 .bss.Motor_thread_wa
                0x20001be8     0x1170 C:\Users\nameless\AppData\Local\Temp\ccLzGxSd.ltrans4.ltrans.o
 .bss.PWMD9     0x20002d58       0x1c C:\Users\nameless\AppData\Local\Temp\ccLzGxSd.ltrans4.ltrans.o
                0x20002d58                PWMD9
 .bss.nextmem.lto_priv.110
                0x20002d74        0x4 C:\Users\nameless\AppData\Local\Temp\ccLzGxSd.ltrans4.ltrans.o
                0x20002d74                nextmem.lto_priv.110
 .bss.default_heap
                0x20002d78       0x20 C:\Users\nameless\AppData\Local\Temp\ccLzGxSd.ltrans4.ltrans.o
 .bss.endmem.lto_priv.109
                0x20002d98        0x4 C:\Users\nameless\AppData\Local\Temp\ccLzGxSd.ltrans4.ltrans.o
                0x20002d98                endmem.lto_priv.109
 .bss.SD4       0x20002d9c       0x78 C:\Users\nameless\AppData\Local\Temp\ccLzGxSd.ltrans4.ltrans.o
                0x20002d9c                SD4
 *fill*         0x20002e14        0x4 
 .bss.MPU_thread_wa
                0x20002e18     0x8170 C:\Users\nameless\AppData\Local\Temp\ccLzGxSd.ltrans4.ltrans.o
 .bss.motors.lto_priv.74
                0x2000af88        0x4 C:\Users\nameless\AppData\Local\Temp\ccLzGxSd.ltrans4.ltrans.o
                0x2000af88                motors.lto_priv.74
 *fill*         0x2000af8c        0x4 
 .bss.Test_thread_wa
                0x2000af90      0x1b0 C:\Users\nameless\AppData\Local\Temp\ccLzGxSd.ltrans4.ltrans.o
 .bss.motors.lto_priv.75
                0x2000b140        0x4 C:\Users\nameless\AppData\Local\Temp\ccLzGxSd.ltrans4.ltrans.o
 *fill*         0x2000b144        0x4 
 .bss.Shell_thread_wa
                0x2000b148      0x570 C:\Users\nameless\AppData\Local\Temp\ccLzGxSd.ltrans4.ltrans.o
 .bss.Hall_thread_wa
                0x2000b6b8      0x570 C:\Users\nameless\AppData\Local\Temp\ccLzGxSd.ltrans4.ltrans.o
 .bss.dma_isr_redir.lto_priv.102
                0x2000bc28       0x80 C:\Users\nameless\AppData\Local\Temp\ccLzGxSd.ltrans4.ltrans.o
                0x2000bc28                dma_isr_redir.lto_priv.102
 .bss.GPTD1     0x2000bca8       0x10 C:\Users\nameless\AppData\Local\Temp\ccLzGxSd.ltrans4.ltrans.o
                0x2000bca8                GPTD1
 .bss.dummytx   0x2000bcb8        0x2 C:\Users\nameless\AppData\Local\Temp\ccLzGxSd.ltrans4.ltrans.o
 *fill*         0x2000bcba        0x2 
 .bss.g_IMU1    0x2000bcbc       0x81 C:\Users\nameless\AppData\Local\Temp\ccLzGxSd.ltrans4.ltrans.o
                0x2000bcbc                g_IMU1
 *fill*         0x2000bd3d        0x3 
 .bss.TFT_thread_wa
                0x2000bd40     0x1170 C:\Users\nameless\AppData\Local\Temp\ccLzGxSd.ltrans4.ltrans.o
 .bss.dma_streams_mask.lto_priv.101
                0x2000ceb0        0x4 C:\Users\nameless\AppData\Local\Temp\ccLzGxSd.ltrans4.ltrans.o
                0x2000ceb0                dma_streams_mask.lto_priv.101
 .bss.bg_color  0x2000ceb4      0x190 C:\Users\nameless\AppData\Local\Temp\ccLzGxSd.ltrans5.ltrans.o
                0x2000ceb4                bg_color
 .bss.SPID2     0x2000d044       0x30 C:\Users\nameless\AppData\Local\Temp\ccLzGxSd.ltrans5.ltrans.o
                0x2000d044                SPID2
 .bss.mpu6050TXData.lto_priv.95
                0x2000d074        0x5 C:\Users\nameless\AppData\Local\Temp\ccLzGxSd.ltrans5.ltrans.o
                0x2000d074                mpu6050TXData.lto_priv.95
 *fill*         0x2000d079        0x3 
 .bss.text      0x2000d07c       0xc8 C:\Users\nameless\AppData\Local\Temp\ccLzGxSd.ltrans5.ltrans.o
                0x2000d07c                text
 .bss.GPTD3     0x2000d144       0x10 C:\Users\nameless\AppData\Local\Temp\ccLzGxSd.ltrans5.ltrans.o
                0x2000d144                GPTD3
 .bss.text_prev
                0x2000d154       0xc8 C:\Users\nameless\AppData\Local\Temp\ccLzGxSd.ltrans5.ltrans.o
                0x2000d154                text_prev
 .bss.curr_text_color
                0x2000d21c        0x2 C:\Users\nameless\AppData\Local\Temp\ccLzGxSd.ltrans5.ltrans.o
                0x2000d21c                curr_text_color
 *fill*         0x2000d21e        0x2 
 .bss.ch        0x2000d220      0x660 C:\Users\nameless\AppData\Local\Temp\ccLzGxSd.ltrans5.ltrans.o
                0x2000d220                ch
 .bss.text_color_prev
                0x2000d880      0x190 C:\Users\nameless\AppData\Local\Temp\ccLzGxSd.ltrans5.ltrans.o
                0x2000d880                text_color_prev
 .bss.curr_bg_color
                0x2000da10        0x2 C:\Users\nameless\AppData\Local\Temp\ccLzGxSd.ltrans5.ltrans.o
                0x2000da10                curr_bg_color
 .bss.dummyrx   0x2000da12        0x2 C:\Users\nameless\AppData\Local\Temp\ccLzGxSd.ltrans5.ltrans.o
 .bss.PWMD8     0x2000da14       0x1c C:\Users\nameless\AppData\Local\Temp\ccLzGxSd.ltrans5.ltrans.o
                0x2000da14                PWMD8
 .bss.GPTD2     0x2000da30       0x10 C:\Users\nameless\AppData\Local\Temp\ccLzGxSd.ltrans5.ltrans.o
                0x2000da30                GPTD2
 .bss.text_color
                0x2000da40      0x190 C:\Users\nameless\AppData\Local\Temp\ccLzGxSd.ltrans5.ltrans.o
                0x2000da40                text_color
 .bss.GPTD4     0x2000dbd0       0x10 C:\Users\nameless\AppData\Local\Temp\ccLzGxSd.ltrans5.ltrans.o
                0x2000dbd0                GPTD4
 .bss.rc_channel.lto_priv.99
                0x2000dbe0        0x6 C:\Users\nameless\AppData\Local\Temp\ccLzGxSd.ltrans5.ltrans.o
                0x2000dbe0                rc_channel.lto_priv.99
 .bss.curr_text_color_sp
                0x2000dbe6        0x2 C:\Users\nameless\AppData\Local\Temp\ccLzGxSd.ltrans5.ltrans.o
                0x2000dbe6                curr_text_color_sp
 .bss.I2CD1     0x2000dbe8       0x38 C:\Users\nameless\AppData\Local\Temp\ccLzGxSd.ltrans5.ltrans.o
                0x2000dbe8                I2CD1
 .bss.bg_color_prev
                0x2000dc20      0x190 C:\Users\nameless\AppData\Local\Temp\ccLzGxSd.ltrans5.ltrans.o
                0x2000dc20                bg_color_prev
 .bss.tft_orientation
                0x2000ddb0        0x1 C:\Users\nameless\AppData\Local\Temp\ccLzGxSd.ltrans6.ltrans.o
 *fill*         0x2000ddb1        0x3 
 .bss.rc_channel.lto_priv.98
                0x2000ddb4        0x4 C:\Users\nameless\AppData\Local\Temp\ccLzGxSd.ltrans6.ltrans.o
                0x2000ddb4                rc_channel.lto_priv.98
 *(COMMON)
                0x2000ddb8                . = ALIGN (0x4)
                0x2000ddb8                _bss_end = .
                0x2000ddb8                PROVIDE (end, .)

.ram0_init      0x2000ddb8        0x0 load address 0x08008014
                0x2000ddb8                . = ALIGN (0x4)
                0x08008014                __ram0_init_text__ = LOADADDR (.ram0_init)
                0x2000ddb8                __ram0_init__ = .
 *(.ram0_init)
 *(.ram0_init.*)
                0x2000ddb8                . = ALIGN (0x4)

.ram0           0x2000ddb8        0x0 load address 0x08008014
                0x2000ddb8                . = ALIGN (0x4)
                0x2000ddb8                __ram0_clear__ = .
 *(.ram0_clear)
 *(.ram0_clear.*)
                0x2000ddb8                . = ALIGN (0x4)
                0x2000ddb8                __ram0_noinit__ = .
 *(.ram0)
 *(.ram0.*)
                0x2000ddb8                . = ALIGN (0x4)
                0x2000ddb8                __ram0_free__ = .

.ram1_init      0x20000000        0x0 load address 0x08008014
                0x20000000                . = ALIGN (0x4)
                0x08008014                __ram1_init_text__ = LOADADDR (.ram1_init)
                0x20000000                __ram1_init__ = .
 *(.ram1_init)
 *(.ram1_init.*)
                0x20000000                . = ALIGN (0x4)

.ram1           0x20000000        0x0 load address 0x08008014
                0x20000000                . = ALIGN (0x4)
                0x20000000                __ram1_clear__ = .
 *(.ram1_clear)
 *(.ram1_clear.*)
                0x20000000                . = ALIGN (0x4)
                0x20000000                __ram1_noinit__ = .
 *(.ram1)
 *(.ram1.*)
                0x20000000                . = ALIGN (0x4)
                0x20000000                __ram1_free__ = .

.ram2_init      0x2001c000        0x0 load address 0x08008014
                0x2001c000                . = ALIGN (0x4)
                0x08008014                __ram2_init_text__ = LOADADDR (.ram2_init)
                0x2001c000                __ram2_init__ = .
 *(.ram2_init)
 *(.ram2_init.*)
                0x2001c000                . = ALIGN (0x4)

.ram2           0x2001c000        0x0 load address 0x08008014
                0x2001c000                . = ALIGN (0x4)
                0x2001c000                __ram2_clear__ = .
 *(.ram2_clear)
 *(.ram2_clear.*)
                0x2001c000                . = ALIGN (0x4)
                0x2001c000                __ram2_noinit__ = .
 *(.ram2)
 *(.ram2.*)
                0x2001c000                . = ALIGN (0x4)
                0x2001c000                __ram2_free__ = .

.ram3_init      0x00000000        0x0 load address 0x08008014
                0x00000000                . = ALIGN (0x4)
                0x08008014                __ram3_init_text__ = LOADADDR (.ram3_init)
                0x00000000                __ram3_init__ = .
 *(.ram3_init)
 *(.ram3_init.*)
                0x00000000                . = ALIGN (0x4)

.ram3           0x00000000        0x0 load address 0x08008014
                0x00000000                . = ALIGN (0x4)
                0x00000000                __ram3_clear__ = .
 *(.ram3_clear)
 *(.ram3_clear.*)
                0x00000000                . = ALIGN (0x4)
                0x00000000                __ram3_noinit__ = .
 *(.ram3)
 *(.ram3.*)
                0x00000000                . = ALIGN (0x4)
                0x00000000                __ram3_free__ = .

.ram4_init      0x10000000        0x0 load address 0x08008014
                0x10000000                . = ALIGN (0x4)
                0x08008014                __ram4_init_text__ = LOADADDR (.ram4_init)
                0x10000000                __ram4_init__ = .
 *(.ram4_init)
 *(.ram4_init.*)
                0x10000000                . = ALIGN (0x4)

.ram4           0x10000000        0x0 load address 0x08008014
                0x10000000                . = ALIGN (0x4)
                0x10000000                __ram4_clear__ = .
 *(.ram4_clear)
 *(.ram4_clear.*)
                0x10000000                . = ALIGN (0x4)
                0x10000000                __ram4_noinit__ = .
 *(.ram4)
 *(.ram4.*)
                0x10000000                . = ALIGN (0x4)
                0x10000000                __ram4_free__ = .

.ram5_init      0x40024000        0x0 load address 0x08008014
                0x40024000                . = ALIGN (0x4)
                0x08008014                __ram5_init_text__ = LOADADDR (.ram5_init)
                0x40024000                __ram5_init__ = .
 *(.ram5_init)
 *(.ram5_init.*)
                0x40024000                . = ALIGN (0x4)

.ram5           0x40024000        0x0 load address 0x08008014
                0x40024000                . = ALIGN (0x4)
                0x40024000                __ram5_clear__ = .
 *(.ram5_clear)
 *(.ram5_clear.*)
                0x40024000                . = ALIGN (0x4)
                0x40024000                __ram5_noinit__ = .
 *(.ram5)
 *(.ram5.*)
                0x40024000                . = ALIGN (0x4)
                0x40024000                __ram5_free__ = .

.ram6_init      0x00000000        0x0 load address 0x08008014
                0x00000000                . = ALIGN (0x4)
                0x08008014                __ram6_init_text__ = LOADADDR (.ram6_init)
                0x00000000                __ram6_init__ = .
 *(.ram6_init)
 *(.ram6_init.*)
                0x00000000                . = ALIGN (0x4)

.ram6           0x00000000        0x0 load address 0x08008014
                0x00000000                . = ALIGN (0x4)
                0x00000000                __ram6_clear__ = .
 *(.ram6_clear)
 *(.ram6_clear.*)
                0x00000000                . = ALIGN (0x4)
                0x00000000                __ram6_noinit__ = .
 *(.ram6)
 *(.ram6.*)
                0x00000000                . = ALIGN (0x4)
                0x00000000                __ram6_free__ = .

.ram7_init      0x00000000        0x0 load address 0x08008014
                0x00000000                . = ALIGN (0x4)
                0x08008014                __ram7_init_text__ = LOADADDR (.ram7_init)
                0x00000000                __ram7_init__ = .
 *(.ram7_init)
 *(.ram7_init.*)
                0x00000000                . = ALIGN (0x4)

.ram7           0x00000000        0x0 load address 0x08008014
                0x00000000                . = ALIGN (0x4)
                0x00000000                __ram7_clear__ = .
 *(.ram7_clear)
 *(.ram7_clear.*)
                0x00000000                . = ALIGN (0x4)
                0x00000000                __ram7_noinit__ = .
 *(.ram7)
 *(.ram7.*)
                0x00000000                . = ALIGN (0x4)
                0x00000000                __ram7_free__ = .

.heap           0x2000ddb8    0x12248
                0x2000ddb8                . = ALIGN (0x8)
                0x2000ddb8                __heap_base__ = .
                0x20020000                . = (ORIGIN (HEAP_RAM) + 0x20000)
 *fill*         0x2000ddb8    0x12248 
                0x20020000                __heap_end__ = .
                0x00000400                __process_stack_size__ = 0x400
                0x00000400                __main_stack_size__ = 0x400
LOAD d:/chibistudio/tools/gnu tools arm embedded/4.9 2015q3/bin/../lib/gcc/arm-none-eabi/4.9.3/../../../../arm-none-eabi/lib/armv7e-m/fpu\libm.a
START GROUP
LOAD d:/chibistudio/tools/gnu tools arm embedded/4.9 2015q3/bin/../lib/gcc/arm-none-eabi/4.9.3/armv7e-m/fpu\libgcc.a
LOAD d:/chibistudio/tools/gnu tools arm embedded/4.9 2015q3/bin/../lib/gcc/arm-none-eabi/4.9.3/../../../../arm-none-eabi/lib/armv7e-m/fpu\libg.a
LOAD d:/chibistudio/tools/gnu tools arm embedded/4.9 2015q3/bin/../lib/gcc/arm-none-eabi/4.9.3/../../../../arm-none-eabi/lib/armv7e-m/fpu\libc.a
END GROUP
OUTPUT(build/ch.elf elf32-littlearm)

.ARM.attributes
                0x00000000       0x35
 .ARM.attributes
                0x00000000       0x25 build/obj/crt0_v7m.o
 .ARM.attributes
                0x00000025       0x25 build/obj/chcoreasm_v7m.o
 .ARM.attributes
                0x0000004a       0x37 C:\Users\nameless\AppData\Local\Temp\ccLzGxSd.ltrans0.ltrans.o
 .ARM.attributes
                0x00000081       0x37 C:\Users\nameless\AppData\Local\Temp\ccLzGxSd.ltrans1.ltrans.o
 .ARM.attributes
                0x000000b8       0x37 C:\Users\nameless\AppData\Local\Temp\ccLzGxSd.ltrans2.ltrans.o
 .ARM.attributes
                0x000000ef       0x37 C:\Users\nameless\AppData\Local\Temp\ccLzGxSd.ltrans3.ltrans.o
 .ARM.attributes
                0x00000126       0x37 C:\Users\nameless\AppData\Local\Temp\ccLzGxSd.ltrans4.ltrans.o
 .ARM.attributes
                0x0000015d       0x37 C:\Users\nameless\AppData\Local\Temp\ccLzGxSd.ltrans5.ltrans.o
 .ARM.attributes
                0x00000194       0x37 C:\Users\nameless\AppData\Local\Temp\ccLzGxSd.ltrans6.ltrans.o
 .ARM.attributes
                0x000001cb       0x22 d:/chibistudio/tools/gnu tools arm embedded/4.9 2015q3/bin/../lib/gcc/arm-none-eabi/4.9.3/armv7e-m/fpu\libgcc.a(_arm_addsubdf3.o)
 .ARM.attributes
                0x000001ed       0x22 d:/chibistudio/tools/gnu tools arm embedded/4.9 2015q3/bin/../lib/gcc/arm-none-eabi/4.9.3/armv7e-m/fpu\libgcc.a(_arm_muldivdf3.o)
 .ARM.attributes
                0x0000020f       0x22 d:/chibistudio/tools/gnu tools arm embedded/4.9 2015q3/bin/../lib/gcc/arm-none-eabi/4.9.3/armv7e-m/fpu\libgcc.a(_arm_truncdfsf2.o)
 .ARM.attributes
                0x00000231       0x34 d:/chibistudio/tools/gnu tools arm embedded/4.9 2015q3/bin/../lib/gcc/arm-none-eabi/4.9.3/../../../../arm-none-eabi/lib/armv7e-m/fpu\libg.a(lib_a-abs.o)
 .ARM.attributes
                0x00000265       0x20 d:/chibistudio/tools/gnu tools arm embedded/4.9 2015q3/bin/../lib/gcc/arm-none-eabi/4.9.3/../../../../arm-none-eabi/lib/armv7e-m/fpu\libg.a(lib_a-memcpy.o)
 .ARM.attributes
                0x00000285       0x34 d:/chibistudio/tools/gnu tools arm embedded/4.9 2015q3/bin/../lib/gcc/arm-none-eabi/4.9.3/../../../../arm-none-eabi/lib/armv7e-m/fpu\libg.a(lib_a-memset.o)
 .ARM.attributes
                0x000002b9       0x20 d:/chibistudio/tools/gnu tools arm embedded/4.9 2015q3/bin/../lib/gcc/arm-none-eabi/4.9.3/../../../../arm-none-eabi/lib/armv7e-m/fpu\libg.a(lib_a-strcmp.o)
 .ARM.attributes
                0x000002d9       0x34 d:/chibistudio/tools/gnu tools arm embedded/4.9 2015q3/bin/../lib/gcc/arm-none-eabi/4.9.3/../../../../arm-none-eabi/lib/armv7e-m/fpu\libg.a(lib_a-strpbrk.o)
 .ARM.attributes
                0x0000030d       0x34 d:/chibistudio/tools/gnu tools arm embedded/4.9 2015q3/bin/../lib/gcc/arm-none-eabi/4.9.3/../../../../arm-none-eabi/lib/armv7e-m/fpu\libg.a(lib_a-strspn.o)
 .ARM.attributes
                0x00000341       0x34 d:/chibistudio/tools/gnu tools arm embedded/4.9 2015q3/bin/../lib/gcc/arm-none-eabi/4.9.3/../../../../arm-none-eabi/lib/armv7e-m/fpu\libm.a(lib_a-s_atan.o)
 .ARM.attributes
                0x00000375       0x34 d:/chibistudio/tools/gnu tools arm embedded/4.9 2015q3/bin/../lib/gcc/arm-none-eabi/4.9.3/../../../../arm-none-eabi/lib/armv7e-m/fpu\libm.a(lib_a-s_fabs.o)
 .ARM.attributes
                0x000003a9       0x22 d:/chibistudio/tools/gnu tools arm embedded/4.9 2015q3/bin/../lib/gcc/arm-none-eabi/4.9.3/armv7e-m/fpu\libgcc.a(_arm_cmpdf2.o)

.comment        0x00000000       0x70
 .comment       0x00000000       0x70 C:\Users\nameless\AppData\Local\Temp\ccLzGxSd.ltrans0.ltrans.o
                                 0x71 (size before relaxing)
 .comment       0x00000000       0x71 C:\Users\nameless\AppData\Local\Temp\ccLzGxSd.ltrans1.ltrans.o
 .comment       0x00000000       0x71 C:\Users\nameless\AppData\Local\Temp\ccLzGxSd.ltrans2.ltrans.o
 .comment       0x00000000       0x71 C:\Users\nameless\AppData\Local\Temp\ccLzGxSd.ltrans3.ltrans.o
 .comment       0x00000000       0x71 C:\Users\nameless\AppData\Local\Temp\ccLzGxSd.ltrans4.ltrans.o
 .comment       0x00000000       0x71 C:\Users\nameless\AppData\Local\Temp\ccLzGxSd.ltrans5.ltrans.o
 .comment       0x00000000       0x71 C:\Users\nameless\AppData\Local\Temp\ccLzGxSd.ltrans6.ltrans.o

.debug_info     0x00000000    0x152f7
 .debug_info    0x00000000     0x338c C:\Users\nameless\AppData\Local\Temp\ccLzGxSd.ltrans0.ltrans.o
 .debug_info    0x0000338c     0x45d3 C:\Users\nameless\AppData\Local\Temp\ccLzGxSd.ltrans1.ltrans.o
 .debug_info    0x0000795f     0x2be3 C:\Users\nameless\AppData\Local\Temp\ccLzGxSd.ltrans2.ltrans.o
 .debug_info    0x0000a542     0x28b3 C:\Users\nameless\AppData\Local\Temp\ccLzGxSd.ltrans3.ltrans.o
 .debug_info    0x0000cdf5     0x31ee C:\Users\nameless\AppData\Local\Temp\ccLzGxSd.ltrans4.ltrans.o
 .debug_info    0x0000ffe3     0x366b C:\Users\nameless\AppData\Local\Temp\ccLzGxSd.ltrans5.ltrans.o
 .debug_info    0x0001364e     0x1ca9 C:\Users\nameless\AppData\Local\Temp\ccLzGxSd.ltrans6.ltrans.o

.debug_abbrev   0x00000000     0x273a
 .debug_abbrev  0x00000000      0x675 C:\Users\nameless\AppData\Local\Temp\ccLzGxSd.ltrans0.ltrans.o
 .debug_abbrev  0x00000675      0x69a C:\Users\nameless\AppData\Local\Temp\ccLzGxSd.ltrans1.ltrans.o
 .debug_abbrev  0x00000d0f      0x5ae C:\Users\nameless\AppData\Local\Temp\ccLzGxSd.ltrans2.ltrans.o
 .debug_abbrev  0x000012bd      0x594 C:\Users\nameless\AppData\Local\Temp\ccLzGxSd.ltrans3.ltrans.o
 .debug_abbrev  0x00001851      0x507 C:\Users\nameless\AppData\Local\Temp\ccLzGxSd.ltrans4.ltrans.o
 .debug_abbrev  0x00001d58      0x633 C:\Users\nameless\AppData\Local\Temp\ccLzGxSd.ltrans5.ltrans.o
 .debug_abbrev  0x0000238b      0x3af C:\Users\nameless\AppData\Local\Temp\ccLzGxSd.ltrans6.ltrans.o

.debug_loc      0x00000000     0x5912
 .debug_loc     0x00000000     0x121b C:\Users\nameless\AppData\Local\Temp\ccLzGxSd.ltrans0.ltrans.o
 .debug_loc     0x0000121b      0xdbc C:\Users\nameless\AppData\Local\Temp\ccLzGxSd.ltrans1.ltrans.o
 .debug_loc     0x00001fd7     0x12cc C:\Users\nameless\AppData\Local\Temp\ccLzGxSd.ltrans2.ltrans.o
 .debug_loc     0x000032a3      0xf96 C:\Users\nameless\AppData\Local\Temp\ccLzGxSd.ltrans3.ltrans.o
 .debug_loc     0x00004239      0x342 C:\Users\nameless\AppData\Local\Temp\ccLzGxSd.ltrans4.ltrans.o
 .debug_loc     0x0000457b      0xdd0 C:\Users\nameless\AppData\Local\Temp\ccLzGxSd.ltrans5.ltrans.o
 .debug_loc     0x0000534b      0x5c7 C:\Users\nameless\AppData\Local\Temp\ccLzGxSd.ltrans6.ltrans.o

.debug_aranges  0x00000000      0x4d0
 .debug_aranges
                0x00000000       0x78 C:\Users\nameless\AppData\Local\Temp\ccLzGxSd.ltrans0.ltrans.o
 .debug_aranges
                0x00000078       0xe8 C:\Users\nameless\AppData\Local\Temp\ccLzGxSd.ltrans1.ltrans.o
 .debug_aranges
                0x00000160      0x130 C:\Users\nameless\AppData\Local\Temp\ccLzGxSd.ltrans2.ltrans.o
 .debug_aranges
                0x00000290      0x140 C:\Users\nameless\AppData\Local\Temp\ccLzGxSd.ltrans3.ltrans.o
 .debug_aranges
                0x000003d0       0x40 C:\Users\nameless\AppData\Local\Temp\ccLzGxSd.ltrans4.ltrans.o
 .debug_aranges
                0x00000410       0xa0 C:\Users\nameless\AppData\Local\Temp\ccLzGxSd.ltrans5.ltrans.o
 .debug_aranges
                0x000004b0       0x20 C:\Users\nameless\AppData\Local\Temp\ccLzGxSd.ltrans6.ltrans.o

.debug_ranges   0x00000000     0x2308
 .debug_ranges  0x00000000      0x4c0 C:\Users\nameless\AppData\Local\Temp\ccLzGxSd.ltrans0.ltrans.o
 .debug_ranges  0x000004c0      0x3b8 C:\Users\nameless\AppData\Local\Temp\ccLzGxSd.ltrans1.ltrans.o
 .debug_ranges  0x00000878      0x3e8 C:\Users\nameless\AppData\Local\Temp\ccLzGxSd.ltrans2.ltrans.o
 .debug_ranges  0x00000c60      0x618 C:\Users\nameless\AppData\Local\Temp\ccLzGxSd.ltrans3.ltrans.o
 .debug_ranges  0x00001278      0xb88 C:\Users\nameless\AppData\Local\Temp\ccLzGxSd.ltrans4.ltrans.o
 .debug_ranges  0x00001e00      0x310 C:\Users\nameless\AppData\Local\Temp\ccLzGxSd.ltrans5.ltrans.o
 .debug_ranges  0x00002110      0x1f8 C:\Users\nameless\AppData\Local\Temp\ccLzGxSd.ltrans6.ltrans.o

.debug_line     0x00000000     0x51f4
 .debug_line    0x00000000      0xc85 C:\Users\nameless\AppData\Local\Temp\ccLzGxSd.ltrans0.ltrans.o
 .debug_line    0x00000c85      0xd4e C:\Users\nameless\AppData\Local\Temp\ccLzGxSd.ltrans1.ltrans.o
 .debug_line    0x000019d3      0xbf9 C:\Users\nameless\AppData\Local\Temp\ccLzGxSd.ltrans2.ltrans.o
 .debug_line    0x000025cc      0xc66 C:\Users\nameless\AppData\Local\Temp\ccLzGxSd.ltrans3.ltrans.o
 .debug_line    0x00003232      0xd7b C:\Users\nameless\AppData\Local\Temp\ccLzGxSd.ltrans4.ltrans.o
 .debug_line    0x00003fad      0xc45 C:\Users\nameless\AppData\Local\Temp\ccLzGxSd.ltrans5.ltrans.o
 .debug_line    0x00004bf2      0x602 C:\Users\nameless\AppData\Local\Temp\ccLzGxSd.ltrans6.ltrans.o

.debug_str      0x00000000     0x32bd
 .debug_str     0x00000000     0x135e C:\Users\nameless\AppData\Local\Temp\ccLzGxSd.ltrans0.ltrans.o
                               0x14b9 (size before relaxing)
 .debug_str     0x0000135e      0xa0a C:\Users\nameless\AppData\Local\Temp\ccLzGxSd.ltrans1.ltrans.o
                               0x1726 (size before relaxing)
 .debug_str     0x00001d68      0x2d6 C:\Users\nameless\AppData\Local\Temp\ccLzGxSd.ltrans2.ltrans.o
                                0xbc0 (size before relaxing)
 .debug_str     0x0000203e      0x358 C:\Users\nameless\AppData\Local\Temp\ccLzGxSd.ltrans3.ltrans.o
                                0xb5d (size before relaxing)
 .debug_str     0x00002396      0x7d2 C:\Users\nameless\AppData\Local\Temp\ccLzGxSd.ltrans4.ltrans.o
                               0x1524 (size before relaxing)
 .debug_str     0x00002b68      0x5ec C:\Users\nameless\AppData\Local\Temp\ccLzGxSd.ltrans5.ltrans.o
                               0x1390 (size before relaxing)
 .debug_str     0x00003154      0x169 C:\Users\nameless\AppData\Local\Temp\ccLzGxSd.ltrans6.ltrans.o
                                0x94a (size before relaxing)

.debug_frame    0x00000000      0xfe8
 .debug_frame   0x00000000      0x168 C:\Users\nameless\AppData\Local\Temp\ccLzGxSd.ltrans0.ltrans.o
 .debug_frame   0x00000168      0x33c C:\Users\nameless\AppData\Local\Temp\ccLzGxSd.ltrans1.ltrans.o
 .debug_frame   0x000004a4      0x3a4 C:\Users\nameless\AppData\Local\Temp\ccLzGxSd.ltrans2.ltrans.o
 .debug_frame   0x00000848      0x370 C:\Users\nameless\AppData\Local\Temp\ccLzGxSd.ltrans3.ltrans.o
 .debug_frame   0x00000bb8       0xb4 C:\Users\nameless\AppData\Local\Temp\ccLzGxSd.ltrans4.ltrans.o
 .debug_frame   0x00000c6c      0x23c C:\Users\nameless\AppData\Local\Temp\ccLzGxSd.ltrans5.ltrans.o
 .debug_frame   0x00000ea8       0x2c C:\Users\nameless\AppData\Local\Temp\ccLzGxSd.ltrans6.ltrans.o
 .debug_frame   0x00000ed4       0x20 d:/chibistudio/tools/gnu tools arm embedded/4.9 2015q3/bin/../lib/gcc/arm-none-eabi/4.9.3/../../../../arm-none-eabi/lib/armv7e-m/fpu\libg.a(lib_a-abs.o)
 .debug_frame   0x00000ef4       0x34 d:/chibistudio/tools/gnu tools arm embedded/4.9 2015q3/bin/../lib/gcc/arm-none-eabi/4.9.3/../../../../arm-none-eabi/lib/armv7e-m/fpu\libg.a(lib_a-memset.o)
 .debug_frame   0x00000f28       0x34 d:/chibistudio/tools/gnu tools arm embedded/4.9 2015q3/bin/../lib/gcc/arm-none-eabi/4.9.3/../../../../arm-none-eabi/lib/armv7e-m/fpu\libg.a(lib_a-strpbrk.o)
 .debug_frame   0x00000f5c       0x34 d:/chibistudio/tools/gnu tools arm embedded/4.9 2015q3/bin/../lib/gcc/arm-none-eabi/4.9.3/../../../../arm-none-eabi/lib/armv7e-m/fpu\libg.a(lib_a-strspn.o)
 .debug_frame   0x00000f90       0x38 d:/chibistudio/tools/gnu tools arm embedded/4.9 2015q3/bin/../lib/gcc/arm-none-eabi/4.9.3/../../../../arm-none-eabi/lib/armv7e-m/fpu\libm.a(lib_a-s_atan.o)
 .debug_frame   0x00000fc8       0x20 d:/chibistudio/tools/gnu tools arm embedded/4.9 2015q3/bin/../lib/gcc/arm-none-eabi/4.9.3/../../../../arm-none-eabi/lib/armv7e-m/fpu\libm.a(lib_a-s_fabs.o)

Cross Reference Table

Symbol                                            File
BusFault_Handler                                  C:\Users\nameless\AppData\Local\Temp\ccLzGxSd.ltrans3.ltrans.o
                                                  build/obj/vectors.o (symbol from plugin)
                                                  C:\Users\nameless\AppData\Local\Temp\ccLzGxSd.ltrans1.ltrans.o
DebugMon_Handler                                  C:\Users\nameless\AppData\Local\Temp\ccLzGxSd.ltrans3.ltrans.o
                                                  build/obj/vectors.o (symbol from plugin)
                                                  C:\Users\nameless\AppData\Local\Temp\ccLzGxSd.ltrans1.ltrans.o
GPTD1                                             C:\Users\nameless\AppData\Local\Temp\ccLzGxSd.ltrans4.ltrans.o
                                                  build/obj/gpt_lld.o (symbol from plugin)
                                                  C:\Users\nameless\AppData\Local\Temp\ccLzGxSd.ltrans2.ltrans.o
                                                  C:\Users\nameless\AppData\Local\Temp\ccLzGxSd.ltrans1.ltrans.o
GPTD2                                             C:\Users\nameless\AppData\Local\Temp\ccLzGxSd.ltrans5.ltrans.o
                                                  build/obj/gpt_lld.o (symbol from plugin)
                                                  C:\Users\nameless\AppData\Local\Temp\ccLzGxSd.ltrans4.ltrans.o
                                                  C:\Users\nameless\AppData\Local\Temp\ccLzGxSd.ltrans2.ltrans.o
                                                  C:\Users\nameless\AppData\Local\Temp\ccLzGxSd.ltrans1.ltrans.o
                                                  C:\Users\nameless\AppData\Local\Temp\ccLzGxSd.ltrans0.ltrans.o
                                                  build/obj/rc.o (symbol from plugin)
GPTD3                                             C:\Users\nameless\AppData\Local\Temp\ccLzGxSd.ltrans5.ltrans.o
                                                  build/obj/gpt_lld.o (symbol from plugin)
                                                  C:\Users\nameless\AppData\Local\Temp\ccLzGxSd.ltrans4.ltrans.o
                                                  C:\Users\nameless\AppData\Local\Temp\ccLzGxSd.ltrans2.ltrans.o
                                                  C:\Users\nameless\AppData\Local\Temp\ccLzGxSd.ltrans1.ltrans.o
                                                  build/obj/motor.o (symbol from plugin)
GPTD4                                             C:\Users\nameless\AppData\Local\Temp\ccLzGxSd.ltrans5.ltrans.o
                                                  build/obj/gpt_lld.o (symbol from plugin)
                                                  C:\Users\nameless\AppData\Local\Temp\ccLzGxSd.ltrans4.ltrans.o
                                                  C:\Users\nameless\AppData\Local\Temp\ccLzGxSd.ltrans2.ltrans.o
                                                  C:\Users\nameless\AppData\Local\Temp\ccLzGxSd.ltrans1.ltrans.o
                                                  build/obj/motor.o (symbol from plugin)
Hall_init                                         build/obj/hall.o (symbol from plugin)
                                                  build/obj/motor.o (symbol from plugin)
Hall_thread.lto_priv.84                           C:\Users\nameless\AppData\Local\Temp\ccLzGxSd.ltrans5.ltrans.o
                                                  C:\Users\nameless\AppData\Local\Temp\ccLzGxSd.ltrans4.ltrans.o
Hall_update                                       build/obj/hall.o (symbol from plugin)
                                                  build/obj/motor.o (symbol from plugin)
HardFault_Handler                                 C:\Users\nameless\AppData\Local\Temp\ccLzGxSd.ltrans3.ltrans.o
                                                  build/obj/vectors.o (symbol from plugin)
                                                  C:\Users\nameless\AppData\Local\Temp\ccLzGxSd.ltrans1.ltrans.o
I2CD1                                             C:\Users\nameless\AppData\Local\Temp\ccLzGxSd.ltrans5.ltrans.o
                                                  build/obj/i2c_lld.o (symbol from plugin)
                                                  C:\Users\nameless\AppData\Local\Temp\ccLzGxSd.ltrans4.ltrans.o
                                                  C:\Users\nameless\AppData\Local\Temp\ccLzGxSd.ltrans1.ltrans.o
                                                  C:\Users\nameless\AppData\Local\Temp\ccLzGxSd.ltrans0.ltrans.o
                                                  build/obj/mpu6050.o (symbol from plugin)
MPUFlash                                          build/obj/mpu6050.o (symbol from plugin)
MPU_thread.lto_priv.72                            C:\Users\nameless\AppData\Local\Temp\ccLzGxSd.ltrans0.ltrans.o
                                                  C:\Users\nameless\AppData\Local\Temp\ccLzGxSd.ltrans4.ltrans.o
MemManage_Handler                                 C:\Users\nameless\AppData\Local\Temp\ccLzGxSd.ltrans3.ltrans.o
                                                  build/obj/vectors.o (symbol from plugin)
                                                  C:\Users\nameless\AppData\Local\Temp\ccLzGxSd.ltrans1.ltrans.o
NMI_Handler                                       C:\Users\nameless\AppData\Local\Temp\ccLzGxSd.ltrans3.ltrans.o
                                                  build/obj/vectors.o (symbol from plugin)
                                                  C:\Users\nameless\AppData\Local\Temp\ccLzGxSd.ltrans1.ltrans.o
PWMD8                                             C:\Users\nameless\AppData\Local\Temp\ccLzGxSd.ltrans5.ltrans.o
                                                  build/obj/pwm_lld.o (symbol from plugin)
                                                  C:\Users\nameless\AppData\Local\Temp\ccLzGxSd.ltrans4.ltrans.o
                                                  C:\Users\nameless\AppData\Local\Temp\ccLzGxSd.ltrans1.ltrans.o
                                                  C:\Users\nameless\AppData\Local\Temp\ccLzGxSd.ltrans0.ltrans.o
                                                  build/obj/motor.o (symbol from plugin)
                                                  build/obj/main.o (symbol from plugin)
PWMD9                                             C:\Users\nameless\AppData\Local\Temp\ccLzGxSd.ltrans4.ltrans.o
                                                  build/obj/pwm_lld.o (symbol from plugin)
                                                  C:\Users\nameless\AppData\Local\Temp\ccLzGxSd.ltrans1.ltrans.o
PendSV_Handler                                    C:\Users\nameless\AppData\Local\Temp\ccLzGxSd.ltrans3.ltrans.o
                                                  build/obj/vectors.o (symbol from plugin)
                                                  C:\Users\nameless\AppData\Local\Temp\ccLzGxSd.ltrans1.ltrans.o
RC_thread.lto_priv.100                            C:\Users\nameless\AppData\Local\Temp\ccLzGxSd.ltrans5.ltrans.o
                                                  C:\Users\nameless\AppData\Local\Temp\ccLzGxSd.ltrans0.ltrans.o
Reset_Handler                                     build/obj/crt0_v7m.o
                                                  C:\Users\nameless\AppData\Local\Temp\ccLzGxSd.ltrans1.ltrans.o
                                                  build/obj/vectors.o (symbol from plugin)
SD4                                               C:\Users\nameless\AppData\Local\Temp\ccLzGxSd.ltrans4.ltrans.o
                                                  build/obj/serial_lld.o (symbol from plugin)
                                                  C:\Users\nameless\AppData\Local\Temp\ccLzGxSd.ltrans1.ltrans.o
                                                  build/obj/shellcfg.o (symbol from plugin)
SPID2                                             C:\Users\nameless\AppData\Local\Temp\ccLzGxSd.ltrans5.ltrans.o
                                                  build/obj/spi_lld.o (symbol from plugin)
                                                  C:\Users\nameless\AppData\Local\Temp\ccLzGxSd.ltrans6.ltrans.o
                                                  C:\Users\nameless\AppData\Local\Temp\ccLzGxSd.ltrans4.ltrans.o
                                                  build/obj/tft_display.o (symbol from plugin)
SVC_Handler                                       C:\Users\nameless\AppData\Local\Temp\ccLzGxSd.ltrans2.ltrans.o
                                                  build/obj/chcore_v7m.o (symbol from plugin)
                                                  build/obj/vectors.o (symbol from plugin)
                                                  C:\Users\nameless\AppData\Local\Temp\ccLzGxSd.ltrans1.ltrans.o
SysTick_Handler                                   C:\Users\nameless\AppData\Local\Temp\ccLzGxSd.ltrans3.ltrans.o
                                                  build/obj/vectors.o (symbol from plugin)
                                                  C:\Users\nameless\AppData\Local\Temp\ccLzGxSd.ltrans1.ltrans.o
SystemCoreClock                                   build/obj/hal_lld.o (symbol from plugin)
TFT_thread.lto_priv.73                            C:\Users\nameless\AppData\Local\Temp\ccLzGxSd.ltrans6.ltrans.o
                                                  C:\Users\nameless\AppData\Local\Temp\ccLzGxSd.ltrans4.ltrans.o
Test_thread.lto_priv.71                           C:\Users\nameless\AppData\Local\Temp\ccLzGxSd.ltrans0.ltrans.o
                                                  C:\Users\nameless\AppData\Local\Temp\ccLzGxSd.ltrans4.ltrans.o
UsageFault_Handler                                C:\Users\nameless\AppData\Local\Temp\ccLzGxSd.ltrans3.ltrans.o
                                                  build/obj/vectors.o (symbol from plugin)
                                                  C:\Users\nameless\AppData\Local\Temp\ccLzGxSd.ltrans1.ltrans.o
Vector100                                         C:\Users\nameless\AppData\Local\Temp\ccLzGxSd.ltrans3.ltrans.o
                                                  build/obj/vectors.o (symbol from plugin)
                                                  C:\Users\nameless\AppData\Local\Temp\ccLzGxSd.ltrans1.ltrans.o
Vector104                                         C:\Users\nameless\AppData\Local\Temp\ccLzGxSd.ltrans3.ltrans.o
                                                  build/obj/vectors.o (symbol from plugin)
                                                  C:\Users\nameless\AppData\Local\Temp\ccLzGxSd.ltrans1.ltrans.o
Vector108                                         build/obj/st_lld.o (symbol from plugin)
                                                  build/obj/vectors.o (symbol from plugin)
Vector10C                                         C:\Users\nameless\AppData\Local\Temp\ccLzGxSd.ltrans3.ltrans.o
                                                  build/obj/vectors.o (symbol from plugin)
                                                  C:\Users\nameless\AppData\Local\Temp\ccLzGxSd.ltrans1.ltrans.o
Vector110                                         build/obj/serial_lld.o (symbol from plugin)
                                                  build/obj/vectors.o (symbol from plugin)
Vector114                                         C:\Users\nameless\AppData\Local\Temp\ccLzGxSd.ltrans3.ltrans.o
                                                  build/obj/vectors.o (symbol from plugin)
                                                  C:\Users\nameless\AppData\Local\Temp\ccLzGxSd.ltrans1.ltrans.o
Vector118                                         C:\Users\nameless\AppData\Local\Temp\ccLzGxSd.ltrans3.ltrans.o
                                                  build/obj/vectors.o (symbol from plugin)
                                                  C:\Users\nameless\AppData\Local\Temp\ccLzGxSd.ltrans1.ltrans.o
Vector11C                                         C:\Users\nameless\AppData\Local\Temp\ccLzGxSd.ltrans3.ltrans.o
                                                  build/obj/vectors.o (symbol from plugin)
                                                  C:\Users\nameless\AppData\Local\Temp\ccLzGxSd.ltrans1.ltrans.o
Vector120                                         C:\Users\nameless\AppData\Local\Temp\ccLzGxSd.ltrans2.ltrans.o
                                                  build/obj/stm32_dma.o (symbol from plugin)
                                                  build/obj/vectors.o (symbol from plugin)