Archive member included because of file (symbol)

d:/chibistudio/tools/gnu tools arm embedded/4.9 2015q3/bin/../lib/gcc/arm-none-eabi/4.9.3/armv7e-m/fpu\libgcc.a(_arm_addsubdf3.o)
                              C:\Users\nameless\AppData\Local\Temp\ccNZd4me.ltrans1.ltrans.o (__aeabi_f2d)
d:/chibistudio/tools/gnu tools arm embedded/4.9 2015q3/bin/../lib/gcc/arm-none-eabi/4.9.3/armv7e-m/fpu\libgcc.a(_arm_muldivdf3.o)
                              C:\Users\nameless\AppData\Local\Temp\ccNZd4me.ltrans1.ltrans.o (__aeabi_dmul)
d:/chibistudio/tools/gnu tools arm embedded/4.9 2015q3/bin/../lib/gcc/arm-none-eabi/4.9.3/armv7e-m/fpu\libgcc.a(_arm_truncdfsf2.o)
                              C:\Users\nameless\AppData\Local\Temp\ccNZd4me.ltrans1.ltrans.o (__aeabi_d2f)
d:/chibistudio/tools/gnu tools arm embedded/4.9 2015q3/bin/../lib/gcc/arm-none-eabi/4.9.3/../../../../arm-none-eabi/lib/armv7e-m/fpu\libg.a(lib_a-abs.o)
                              C:\Users\nameless\AppData\Local\Temp\ccNZd4me.ltrans1.ltrans.o (abs)
d:/chibistudio/tools/gnu tools arm embedded/4.9 2015q3/bin/../lib/gcc/arm-none-eabi/4.9.3/../../../../arm-none-eabi/lib/armv7e-m/fpu\libg.a(lib_a-memcpy.o)
                              C:\Users\nameless\AppData\Local\Temp\ccNZd4me.ltrans1.ltrans.o (memcpy)
d:/chibistudio/tools/gnu tools arm embedded/4.9 2015q3/bin/../lib/gcc/arm-none-eabi/4.9.3/../../../../arm-none-eabi/lib/armv7e-m/fpu\libg.a(lib_a-memset.o)
                              C:\Users\nameless\AppData\Local\Temp\ccNZd4me.ltrans0.ltrans.o (memset)
d:/chibistudio/tools/gnu tools arm embedded/4.9 2015q3/bin/../lib/gcc/arm-none-eabi/4.9.3/../../../../arm-none-eabi/lib/armv7e-m/fpu\libg.a(lib_a-strcmp.o)
                              C:\Users\nameless\AppData\Local\Temp\ccNZd4me.ltrans0.ltrans.o (strcmp)
d:/chibistudio/tools/gnu tools arm embedded/4.9 2015q3/bin/../lib/gcc/arm-none-eabi/4.9.3/../../../../arm-none-eabi/lib/armv7e-m/fpu\libg.a(lib_a-strpbrk.o)
                              C:\Users\nameless\AppData\Local\Temp\ccNZd4me.ltrans5.ltrans.o (strpbrk)
d:/chibistudio/tools/gnu tools arm embedded/4.9 2015q3/bin/../lib/gcc/arm-none-eabi/4.9.3/../../../../arm-none-eabi/lib/armv7e-m/fpu\libg.a(lib_a-strspn.o)
                              C:\Users\nameless\AppData\Local\Temp\ccNZd4me.ltrans5.ltrans.o (strspn)
d:/chibistudio/tools/gnu tools arm embedded/4.9 2015q3/bin/../lib/gcc/arm-none-eabi/4.9.3/../../../../arm-none-eabi/lib/armv7e-m/fpu\libm.a(lib_a-s_atan.o)
                              C:\Users\nameless\AppData\Local\Temp\ccNZd4me.ltrans1.ltrans.o (atan)
d:/chibistudio/tools/gnu tools arm embedded/4.9 2015q3/bin/../lib/gcc/arm-none-eabi/4.9.3/../../../../arm-none-eabi/lib/armv7e-m/fpu\libm.a(lib_a-s_fabs.o)
                              d:/chibistudio/tools/gnu tools arm embedded/4.9 2015q3/bin/../lib/gcc/arm-none-eabi/4.9.3/../../../../arm-none-eabi/lib/armv7e-m/fpu\libm.a(lib_a-s_atan.o) (fabs)
d:/chibistudio/tools/gnu tools arm embedded/4.9 2015q3/bin/../lib/gcc/arm-none-eabi/4.9.3/armv7e-m/fpu\libgcc.a(_arm_cmpdf2.o)
                              d:/chibistudio/tools/gnu tools arm embedded/4.9 2015q3/bin/../lib/gcc/arm-none-eabi/4.9.3/../../../../arm-none-eabi/lib/armv7e-m/fpu\libm.a(lib_a-s_atan.o) (__aeabi_dcmpgt)

Discarded input sections

 .data          0x00000000        0x0 build/obj/crt0_v7m.o
 .bss           0x00000000        0x0 build/obj/crt0_v7m.o
 .data          0x00000000        0x0 build/obj/chcoreasm_v7m.o
 .bss           0x00000000        0x0 build/obj/chcoreasm_v7m.o
 .text          0x00000000        0x0 build/obj/crt1.o (symbol from plugin)
 .text          0x00000000        0x0 C:\Users\nameless\AppData\Local\Temp\ccNZd4me.ltrans0.ltrans.o
 .data          0x00000000        0x0 C:\Users\nameless\AppData\Local\Temp\ccNZd4me.ltrans0.ltrans.o
 .bss           0x00000000        0x0 C:\Users\nameless\AppData\Local\Temp\ccNZd4me.ltrans0.ltrans.o
 .text._isatty_r
                0x00000000        0x4 C:\Users\nameless\AppData\Local\Temp\ccNZd4me.ltrans0.ltrans.o
 .text._fstat_r
                0x00000000       0x18 C:\Users\nameless\AppData\Local\Temp\ccNZd4me.ltrans0.ltrans.o
 .text._sbrk_r  0x00000000       0x30 C:\Users\nameless\AppData\Local\Temp\ccNZd4me.ltrans0.ltrans.o
 .text._close_r
                0x00000000        0x4 C:\Users\nameless\AppData\Local\Temp\ccNZd4me.ltrans0.ltrans.o
 .text._write_r
                0x00000000        0x4 C:\Users\nameless\AppData\Local\Temp\ccNZd4me.ltrans0.ltrans.o
 .text._lseek_r
                0x00000000        0x4 C:\Users\nameless\AppData\Local\Temp\ccNZd4me.ltrans0.ltrans.o
 .text._read_r  0x00000000        0xc C:\Users\nameless\AppData\Local\Temp\ccNZd4me.ltrans0.ltrans.o
 .rodata.__func__.7609
                0x00000000        0x8 C:\Users\nameless\AppData\Local\Temp\ccNZd4me.ltrans0.ltrans.o
 .text          0x00000000        0x0 C:\Users\nameless\AppData\Local\Temp\ccNZd4me.ltrans1.ltrans.o
[...]
Memory Configuration

Name             Origin             Length             Attributes
flash            0x08000000         0x00100000
ram0             0x20000000         0x00020000
ram1             0x20000000         0x0001c000
ram2             0x2001c000         0x00004000
ram3             0x00000000         0x00000000
ram4             0x10000000         0x00010000
ram5             0x40024000         0x00001000
ram6             0x00000000         0x00000000
ram7             0x00000000         0x00000000
*default*        0x00000000         0xffffffff

Linker script and memory map

LOAD build/obj/crt0_v7m.o
LOAD build/obj/chcoreasm_v7m.o
LOAD build/obj/crt1.o
LOAD C:\Users\nameless\AppData\Local\Temp\ccNZd4me.ltrans0.ltrans.o
LOAD C:\Users\nameless\AppData\Local\Temp\ccNZd4me.ltrans1.ltrans.o
LOAD C:\Users\nameless\AppData\Local\Temp\ccNZd4me.ltrans2.ltrans.o
LOAD C:\Users\nameless\AppData\Local\Temp\ccNZd4me.ltrans3.ltrans.o
LOAD C:\Users\nameless\AppData\Local\Temp\ccNZd4me.ltrans4.ltrans.o
LOAD C:\Users\nameless\AppData\Local\Temp\ccNZd4me.ltrans5.ltrans.o
LOAD C:\Users\nameless\AppData\Local\Temp\ccNZd4me.ltrans6.ltrans.o
LOAD d:/chibistudio/tools/gnu tools arm embedded/4.9 2015q3/bin/../lib/gcc/arm-none-eabi/4.9.3/armv7e-m/fpu\libgcc.a
LOAD d:/chibistudio/tools/gnu tools arm embedded/4.9 2015q3/bin/../lib/gcc/arm-none-eabi/4.9.3/../../../../arm-none-eabi/lib/armv7e-m/fpu\libg.a
LOAD d:/chibistudio/tools/gnu tools arm embedded/4.9 2015q3/bin/../lib/gcc/arm-none-eabi/4.9.3/../../../../arm-none-eabi/lib/armv7e-m/fpu\libc.a
LOAD build/obj/vectors.o
LOAD build/obj/chsys.o
LOAD build/obj/chdebug.o
LOAD build/obj/chvt.o
LOAD build/obj/chschd.o
LOAD build/obj/chthreads.o
LOAD build/obj/chtm.o
LOAD build/obj/chstats.o
LOAD build/obj/chdynamic.o
LOAD build/obj/chregistry.o
LOAD build/obj/chsem.o
LOAD build/obj/chmtx.o
LOAD build/obj/chcond.o
LOAD build/obj/chevents.o
LOAD build/obj/chmsg.o
LOAD build/obj/chmboxes.o
LOAD build/obj/chqueues.o
LOAD build/obj/chmemcore.o
LOAD build/obj/chheap.o
LOAD build/obj/chmempools.o
LOAD build/obj/chcore.o
LOAD build/obj/chcore_v7m.o
LOAD build/obj/osal.o
LOAD build/obj/hal.o
LOAD build/obj/st.o
LOAD build/obj/hal_buffers.o
LOAD build/obj/hal_queues.o
LOAD build/obj/hal_mmcsd.o
LOAD build/obj/gpt.o
LOAD build/obj/i2c.o
LOAD build/obj/pal.o
LOAD build/obj/pwm.o
LOAD build/obj/serial.o
LOAD build/obj/spi.o
LOAD build/obj/nvic.o
LOAD build/obj/hal_lld.o
LOAD build/obj/stm32_dma.o
LOAD build/obj/st_lld.o
LOAD build/obj/pal_lld.o
LOAD build/obj/i2c_lld.o
LOAD build/obj/spi_lld.o
LOAD build/obj/gpt_lld.o
LOAD build/obj/pwm_lld.o
LOAD build/obj/serial_lld.o
LOAD build/obj/board.o
LOAD build/obj/shell.o
LOAD build/obj/evtimer.o
LOAD build/obj/syscalls.o
LOAD build/obj/memstreams.o
LOAD build/obj/chprintf.o
LOAD build/obj/main.o
LOAD build/obj/shellcfg.o
LOAD build/obj/tft_display.o
LOAD build/obj/hall.o
LOAD build/obj/motor.o
LOAD build/obj/rc.o
LOAD build/obj/flash.o
LOAD build/obj/mpu6050.o
                0x20000000                __ram0_start__ = ORIGIN (ram0)
                0x00020000                __ram0_size__ = 0x20000
                0x20020000                __ram0_end__ = (__ram0_start__ + __ram0_size__)
                0x20000000                __ram1_start__ = ORIGIN (ram1)
                0x0001c000                __ram1_size__ = 0x1c000
                0x2001c000                __ram1_end__ = (__ram1_start__ + __ram1_size__)
                0x2001c000                __ram2_start__ = ORIGIN (ram2)
                0x00004000                __ram2_size__ = 0x4000
                0x20020000                __ram2_end__ = (__ram2_start__ + __ram2_size__)
                0x00000000                __ram3_start__ = ORIGIN (ram3)
                0x00000000                __ram3_size__ = 0x0
                0x00000000                __ram3_end__ = (__ram3_start__ + __ram3_size__)
                0x10000000                __ram4_start__ = ORIGIN (ram4)
                0x00010000                __ram4_size__ = 0x10000
                0x10010000                __ram4_end__ = (__ram4_start__ + __ram4_size__)
                0x40024000                __ram5_start__ = ORIGIN (ram5)
                0x00001000                __ram5_size__ = 0x1000
                0x40025000                __ram5_end__ = (__ram5_start__ + __ram5_size__)
                0x00000000                __ram6_start__ = ORIGIN (ram6)
                0x00000000                __ram6_size__ = 0x0
                0x00000000                __ram6_end__ = (__ram6_start__ + __ram6_size__)
                0x00000000                __ram7_start__ = ORIGIN (ram7)
                0x00000000                __ram7_size__ = 0x0
                0x00000000                __ram7_end__ = (__ram7_start__ + __ram7_size__)
                0x00000000                . = 0x0
                0x00000000                _text = .

startup         0x08000000      0x1c0
 *(.vectors)
 .vectors       0x08000000      0x1c0 C:\Users\nameless\AppData\Local\Temp\ccNZd4me.ltrans0.ltrans.o
                0x08000000                _vectors

constructors    0x080001c0        0x0
                0x080001c0                __init_array_start = .
 *(SORT(.init_array.*))
 *(.init_array)
                0x080001c0                __init_array_end = .

destructors     0x080001c0        0x0
                0x080001c0                __fini_array_start = .
 *(.fini_array)
 *(SORT(.fini_array.*))
                0x080001c0                __fini_array_end = .

.text           0x080001c0     0x7e20
 *(.text)
 .text          0x080001c0      0x10c build/obj/crt0_v7m.o
                0x080001c0                Reset_Handler
 *fill*         0x080002cc        0x4 
 .text          0x080002d0       0x48 build/obj/chcoreasm_v7m.o
                0x080002d0                _port_switch
                0x080002e8                _port_thread_start
                0x08000300                _port_switch_from_isr
                0x08000314                _port_exit_from_isr
 *fill*         0x08000318        0x8 
 .text          0x08000320      0x370 d:/chibistudio/tools/gnu tools arm embedded/4.9 2015q3/bin/../lib/gcc/arm-none-eabi/4.9.3/armv7e-m/fpu\libgcc.a(_arm_addsubdf3.o)
                0x08000320                __aeabi_drsub
                0x08000328                __aeabi_dsub
                0x08000328                __subdf3
                0x0800032c                __aeabi_dadd
                0x0800032c                __adddf3
                0x080005a4                __floatunsidf
                0x080005a4                __aeabi_ui2d
                0x080005c4                __floatsidf
                0x080005c4                __aeabi_i2d
                0x080005e8                __aeabi_f2d
                0x080005e8                __extendsfdf2
                0x08000624                __floatundidf
                0x08000624                __aeabi_ul2d
                0x08000634                __floatdidf
                0x08000634                __aeabi_l2d
 .text          0x08000690      0x424 d:/chibistudio/tools/gnu tools arm embedded/4.9 2015q3/bin/../lib/gcc/arm-none-eabi/4.9.3/armv7e-m/fpu\libgcc.a(_arm_muldivdf3.o)
                0x08000690                __aeabi_dmul
                0x08000690                __muldf3
                0x080008e4                __divdf3
                0x080008e4                __aeabi_ddiv
 *fill*         0x08000ab4        0xc 
 .text          0x08000ac0       0xa0 d:/chibistudio/tools/gnu tools arm embedded/4.9 2015q3/bin/../lib/gcc/arm-none-eabi/4.9.3/armv7e-m/fpu\libgcc.a(_arm_truncdfsf2.o)
                0x08000ac0                __truncdfsf2
                0x08000ac0                __aeabi_d2f
 .text          0x08000b60      0x134 d:/chibistudio/tools/gnu tools arm embedded/4.9 2015q3/bin/../lib/gcc/arm-none-eabi/4.9.3/../../../../arm-none-eabi/lib/armv7e-m/fpu\libg.a(lib_a-memcpy.o)
                0x08000b60                memcpy
 *fill*         0x08000c94        0xc 
 .text          0x08000ca0      0x2dc d:/chibistudio/tools/gnu tools arm embedded/4.9 2015q3/bin/../lib/gcc/arm-none-eabi/4.9.3/../../../../arm-none-eabi/lib/armv7e-m/fpu\libg.a(lib_a-strcmp.o)
                0x08000ca8                strcmp
 *fill*         0x08000f7c        0x4 
 .text          0x08000f80      0x110 d:/chibistudio/tools/gnu tools arm embedded/4.9 2015q3/bin/../lib/gcc/arm-none-eabi/4.9.3/armv7e-m/fpu\libgcc.a(_arm_cmpdf2.o)
                0x08000f80                __gtdf2
                0x08000f80                __gedf2
                0x08000f88                __ltdf2
                0x08000f88                __ledf2
                0x08000f90                __nedf2
                0x08000f90                __eqdf2
                0x08000f90                __cmpdf2
                0x0800100c                __aeabi_cdrcmple
                0x0800101c                __aeabi_cdcmpeq
                0x0800101c                __aeabi_cdcmple
                0x0800102c                __aeabi_dcmpeq
                0x08001040                __aeabi_dcmplt
                0x08001054                __aeabi_dcmple
                0x08001068                __aeabi_dcmpge
                0x0800107c                __aeabi_dcmpgt
 *(.text.*)
 .text.notify4.lto_priv.83
                0x08001090       0x10 C:\Users\nameless\AppData\Local\Temp\ccNZd4me.ltrans0.ltrans.o
                0x08001090                notify4.lto_priv.83
 .text.pwm_lld_serve_interrupt
                0x080010a0       0x5c C:\Users\nameless\AppData\Local\Temp\ccNZd4me.ltrans0.ltrans.o
 *fill*         0x080010fc        0x4 
 .text.gpt_lld_serve_interrupt
                0x08001100       0x24 C:\Users\nameless\AppData\Local\Temp\ccNZd4me.ltrans0.ltrans.o
 *fill*         0x08001124        0xc 
 .text.spi_lld_serve_tx_interrupt.lto_priv.94
                0x08001130       0x1c C:\Users\nameless\AppData\Local\Temp\ccNZd4me.ltrans0.ltrans.o
                0x08001130                spi_lld_serve_tx_interrupt.lto_priv.94
 *fill*         0x0800114c        0x4 
 .text.i2c_lld_serve_tx_end_irq.lto_priv.97
                0x08001150       0x48 C:\Users\nameless\AppData\Local\Temp\ccNZd4me.ltrans0.ltrans.o
                0x08001150                i2c_lld_serve_tx_end_irq.lto_priv.97
 *fill*         0x08001198        0x8 
 .text.cmd_info
                0x080011a0       0xbc C:\Users\nameless\AppData\Local\Temp\ccNZd4me.ltrans0.ltrans.o
 *fill*         0x0800125c        0x4 
 .text.VectorA0
                0x08001260       0x20 C:\Users\nameless\AppData\Local\Temp\ccNZd4me.ltrans0.ltrans.o
 .text.VectorF8
                0x08001280       0x20 C:\Users\nameless\AppData\Local\Temp\ccNZd4me.ltrans0.ltrans.o
 .text.VectorF0
                0x080012a0       0x20 C:\Users\nameless\AppData\Local\Temp\ccNZd4me.ltrans0.ltrans.o
 .text.VectorB8
                0x080012c0       0x20 C:\Users\nameless\AppData\Local\Temp\ccNZd4me.ltrans0.ltrans.o
 .text.VectorB4
                0x080012e0       0x20 C:\Users\nameless\AppData\Local\Temp\ccNZd4me.ltrans0.ltrans.o
 .text.VectorB0
                0x08001300       0x20 C:\Users\nameless\AppData\Local\Temp\ccNZd4me.ltrans0.ltrans.o
 .text.VectorA4
                0x08001320       0x20 C:\Users\nameless\AppData\Local\Temp\ccNZd4me.ltrans0.ltrans.o
 .text.Vector110
                0x08001340      0x208 C:\Users\nameless\AppData\Local\Temp\ccNZd4me.ltrans0.ltrans.o
 *fill*         0x08001548        0x8 
 .text.spi_lld_serve_rx_interrupt.lto_priv.93
                0x08001550       0x98 C:\Users\nameless\AppData\Local\Temp\ccNZd4me.ltrans0.ltrans.o
                0x08001550                spi_lld_serve_rx_interrupt.lto_priv.93
 *fill*         0x080015e8        0x8 
 .text.VectorC0
                0x080015f0      0x100 C:\Users\nameless\AppData\Local\Temp\ccNZd4me.ltrans0.ltrans.o
 .text.VectorBC
                0x080016f0      0x118 C:\Users\nameless\AppData\Local\Temp\ccNZd4me.ltrans0.ltrans.o
 *fill*         0x08001808        0x8 
 .text.i2c_lld_serve_rx_end_irq.lto_priv.96
                0x08001810       0x7c C:\Users\nameless\AppData\Local\Temp\ccNZd4me.ltrans0.ltrans.o
                0x08001810                i2c_lld_serve_rx_end_irq.lto_priv.96
 *fill*         0x0800188c        0x4 
 .text.Vector108
                0x08001890       0xf4 C:\Users\nameless\AppData\Local\Temp\ccNZd4me.ltrans0.ltrans.o
 *fill*         0x08001984        0xc 
 .text.__early_init
                0x08001990       0xc8 C:\Users\nameless\AppData\Local\Temp\ccNZd4me.ltrans0.ltrans.o
                0x08001990                __early_init
 *fill*         0x08001a58        0x8 
 .text.shell_thread.lto_priv.77
                0x08001a60      0x228 C:\Users\nameless\AppData\Local\Temp\ccNZd4me.ltrans0.ltrans.o
                0x08001a60                shell_thread.lto_priv.77
 *fill*         0x08001c88        0x8 
 .text.cmd_systime
                0x08001c90       0x70 C:\Users\nameless\AppData\Local\Temp\ccNZd4me.ltrans0.ltrans.o
 .text.get.lto_priv.70
                0x08001d00       0x1c C:\Users\nameless\AppData\Local\Temp\ccNZd4me.ltrans1.ltrans.o
                0x08001d00                get.lto_priv.70
 *fill*         0x08001d1c        0x4 
 .text.put.lto_priv.69
                0x08001d20       0x1c C:\Users\nameless\AppData\Local\Temp\ccNZd4me.ltrans1.ltrans.o
                0x08001d20                put.lto_priv.69
 *fill*         0x08001d3c        0x4 
 .text.Test_thread.lto_priv.71
                0x08001d40       0xe4 C:\Users\nameless\AppData\Local\Temp\ccNZd4me.ltrans1.ltrans.o
                0x08001d40                Test_thread.lto_priv.71
 *fill*         0x08001e24        0xc 
 .text.reads.lto_priv.68
                0x08001e30       0x28 C:\Users\nameless\AppData\Local\Temp\ccNZd4me.ltrans1.ltrans.o
                0x08001e30                reads.lto_priv.68
 *fill*         0x08001e58        0x8 
 .text.writes.lto_priv.67
                0x08001e60       0x24 C:\Users\nameless\AppData\Local\Temp\ccNZd4me.ltrans1.ltrans.o
                0x08001e60                writes.lto_priv.67
 *fill*         0x08001e84        0xc 
 .text.chvprintf
                0x08001e90      0x30c C:\Users\nameless\AppData\Local\Temp\ccNZd4me.ltrans1.ltrans.o
                0x08001e90                chvprintf
 *fill*         0x0800219c        0x4 
 .text.chprintf
                0x080021a0       0x1c C:\Users\nameless\AppData\Local\Temp\ccNZd4me.ltrans1.ltrans.o
                0x080021a0                chprintf
 *fill*         0x080021bc        0x4 
 .text.MPU_thread.lto_priv.72
                0x080021c0      0x7f0 C:\Users\nameless\AppData\Local\Temp\ccNZd4me.ltrans1.ltrans.o
                0x080021c0                MPU_thread.lto_priv.72
 .text.Controller_thread
                0x080029b0      0x21c C:\Users\nameless\AppData\Local\Temp\ccNZd4me.ltrans1.ltrans.o
 *fill*         0x08002bcc        0x4 
 .text.SVC_Handler
                0x08002bd0       0x20 C:\Users\nameless\AppData\Local\Temp\ccNZd4me.ltrans2.ltrans.o
                0x08002bd0                SVC_Handler
 .text.dmaStreamAllocate
                0x08002bf0       0xcc C:\Users\nameless\AppData\Local\Temp\ccNZd4me.ltrans2.ltrans.o
                0x08002bf0                dmaStreamAllocate
 *fill*         0x08002cbc        0x4 
 .text.stSetAlarm
                0x08002cc0       0x24 C:\Users\nameless\AppData\Local\Temp\ccNZd4me.ltrans2.ltrans.o
                0x08002cc0                stSetAlarm
 *fill*         0x08002ce4        0xc 
 .text._port_irq_epilogue
                0x08002cf0       0x64 C:\Users\nameless\AppData\Local\Temp\ccNZd4me.ltrans2.ltrans.o
                0x08002cf0                _port_irq_epilogue
 *fill*         0x08002d54        0xc 
 .text.Vector158
                0x08002d60       0x38 C:\Users\nameless\AppData\Local\Temp\ccNZd4me.ltrans2.ltrans.o
                0x08002d60                Vector158
 *fill*         0x08002d98        0x8 
 .text.Vector154
                0x08002da0       0x38 C:\Users\nameless\AppData\Local\Temp\ccNZd4me.ltrans2.ltrans.o
                0x08002da0                Vector154
 *fill*         0x08002dd8        0x8 
 .text.Vector150
                0x08002de0       0x38 C:\Users\nameless\AppData\Local\Temp\ccNZd4me.ltrans2.ltrans.o
                0x08002de0                Vector150
 *fill*         0x08002e18        0x8 
 .text.Vector130
                0x08002e20       0x34 C:\Users\nameless\AppData\Local\Temp\ccNZd4me.ltrans2.ltrans.o
                0x08002e20                Vector130
 *fill*         0x08002e54        0xc 
 .text.Vector12C
                0x08002e60       0x38 C:\Users\nameless\AppData\Local\Temp\ccNZd4me.ltrans2.ltrans.o
                0x08002e60                Vector12C
 *fill*         0x08002e98        0x8 
 .text.Vector128
                0x08002ea0       0x38 C:\Users\nameless\AppData\Local\Temp\ccNZd4me.ltrans2.ltrans.o
                0x08002ea0                Vector128
 *fill*         0x08002ed8        0x8 
 .text.Vector124
                0x08002ee0       0x38 C:\Users\nameless\AppData\Local\Temp\ccNZd4me.ltrans2.ltrans.o
                0x08002ee0                Vector124
 *fill*         0x08002f18        0x8 
 .text.Vector120
                0x08002f20       0x34 C:\Users\nameless\AppData\Local\Temp\ccNZd4me.ltrans2.ltrans.o
                0x08002f20                Vector120
 *fill*         0x08002f54        0xc 
 .text.VectorFC
                0x08002f60       0x38 C:\Users\nameless\AppData\Local\Temp\ccNZd4me.ltrans2.ltrans.o
                0x08002f60                VectorFC
 *fill*         0x08002f98        0x8 
 .text.Vector84
                0x08002fa0       0x38 C:\Users\nameless\AppData\Local\Temp\ccNZd4me.ltrans2.ltrans.o
                0x08002fa0                Vector84
 *fill*         0x08002fd8        0x8 
 .text.Vector80
                0x08002fe0       0x38 C:\Users\nameless\AppData\Local\Temp\ccNZd4me.ltrans2.ltrans.o
                0x08002fe0                Vector80
 *fill*         0x08003018        0x8 
 .text.Vector7C
                0x08003020       0x34 C:\Users\nameless\AppData\Local\Temp\ccNZd4me.ltrans2.ltrans.o
                0x08003020                Vector7C
 *fill*         0x08003054        0xc 
 .text.Vector78
                0x08003060       0x38 C:\Users\nameless\AppData\Local\Temp\ccNZd4me.ltrans2.ltrans.o
                0x08003060                Vector78
 *fill*         0x08003098        0x8 
 .text.Vector74
                0x080030a0       0x38 C:\Users\nameless\AppData\Local\Temp\ccNZd4me.ltrans2.ltrans.o
                0x080030a0                Vector74
 *fill*         0x080030d8        0x8 
 .text.Vector70
                0x080030e0       0x38 C:\Users\nameless\AppData\Local\Temp\ccNZd4me.ltrans2.ltrans.o
                0x080030e0                Vector70
 *fill*         0x08003118        0x8 
 .text.Vector6C
                0x08003120       0x34 C:\Users\nameless\AppData\Local\Temp\ccNZd4me.ltrans2.ltrans.o
                0x08003120                Vector6C
 *fill*         0x08003154        0xc 
 .text.chEvtBroadcastFlagsI
                0x08003160       0x9c C:\Users\nameless\AppData\Local\Temp\ccNZd4me.ltrans2.ltrans.o
                0x08003160                chEvtBroadcastFlagsI
 *fill*         0x080031fc        0x4 
 .text.gptStart
                0x08003200      0x1a8 C:\Users\nameless\AppData\Local\Temp\ccNZd4me.ltrans2.ltrans.o
                0x08003200                gptStart
 *fill*         0x080033a8        0x8 
 .text.chCoreAlloc
                0x080033b0       0x70 C:\Users\nameless\AppData\Local\Temp\ccNZd4me.ltrans2.ltrans.o
                0x080033b0                chCoreAlloc
 .text.chOQWriteTimeout
                0x08003420      0x110 C:\Users\nameless\AppData\Local\Temp\ccNZd4me.ltrans2.ltrans.o
 .text.writet.lto_priv.91
                0x08003530        0x8 C:\Users\nameless\AppData\Local\Temp\ccNZd4me.ltrans2.ltrans.o
                0x08003530                writet.lto_priv.91
 *fill*         0x08003538        0x8 
 .text.write.lto_priv.85
                0x08003540        0xc C:\Users\nameless\AppData\Local\Temp\ccNZd4me.ltrans2.ltrans.o
                0x08003540                write.lto_priv.85
 *fill*         0x0800354c        0x4 
 .text.chOQPutTimeout
                0x08003550       0xb0 C:\Users\nameless\AppData\Local\Temp\ccNZd4me.ltrans2.ltrans.o
 .text.putt.lto_priv.89
                0x08003600        0x8 C:\Users\nameless\AppData\Local\Temp\ccNZd4me.ltrans2.ltrans.o
                0x08003600                putt.lto_priv.89
 *fill*         0x08003608        0x8 
 .text.put.lto_priv.87
                0x08003610        0xc C:\Users\nameless\AppData\Local\Temp\ccNZd4me.ltrans2.ltrans.o
                0x08003610                put.lto_priv.87
 *fill*         0x0800361c        0x4 
 .text.chIQReadTimeout
                0x08003620      0x108 C:\Users\nameless\AppData\Local\Temp\ccNZd4me.ltrans2.ltrans.o
 *fill*         0x08003728        0x8 
 .text.readt.lto_priv.92
                0x08003730        0x8 C:\Users\nameless\AppData\Local\Temp\ccNZd4me.ltrans2.ltrans.o
                0x08003730                readt.lto_priv.92
 *fill*         0x08003738        0x8 
 .text.read.lto_priv.86
                0x08003740        0xc C:\Users\nameless\AppData\Local\Temp\ccNZd4me.ltrans2.ltrans.o
                0x08003740                read.lto_priv.86
 *fill*         0x0800374c        0x4 
 .text.chIQGetTimeout
                0x08003750       0xa4 C:\Users\nameless\AppData\Local\Temp\ccNZd4me.ltrans2.ltrans.o
 *fill*         0x080037f4        0xc 
 .text.gett.lto_priv.90
                0x08003800        0x8 C:\Users\nameless\AppData\Local\Temp\ccNZd4me.ltrans2.ltrans.o
                0x08003800                gett.lto_priv.90
 *fill*         0x08003808        0x8 
 .text.get.lto_priv.88
                0x08003810        0xc C:\Users\nameless\AppData\Local\Temp\ccNZd4me.ltrans2.ltrans.o
                0x08003810                get.lto_priv.88
 *fill*         0x0800381c        0x4 
 .text.chTMChainMeasurementToX
                0x08003820       0x3c C:\Users\nameless\AppData\Local\Temp\ccNZd4me.ltrans3.ltrans.o
 *fill*         0x0800385c        0x4 
 .text._dbg_trace
                0x08003860       0x38 C:\Users\nameless\AppData\Local\Temp\ccNZd4me.ltrans3.ltrans.o
 *fill*         0x08003898        0x8 
 .text._idle_thread.lto_priv.82
                0x080038a0        0x4 C:\Users\nameless\AppData\Local\Temp\ccNZd4me.ltrans3.ltrans.o
                0x080038a0                _idle_thread.lto_priv.82
 *fill*         0x080038a4        0xc 
 .text._stats_increase_irq
                0x080038b0       0x20 C:\Users\nameless\AppData\Local\Temp\ccNZd4me.ltrans3.ltrans.o
                0x080038b0                _stats_increase_irq
 .text.chTMStopMeasurementX
                0x080038d0       0x48 C:\Users\nameless\AppData\Local\Temp\ccNZd4me.ltrans3.ltrans.o
                0x080038d0                chTMStopMeasurementX
 *fill*         0x08003918        0x8 
 .text._stats_stop_measure_crit_isr
                0x08003920        0xc C:\Users\nameless\AppData\Local\Temp\ccNZd4me.ltrans3.ltrans.o
                0x08003920                _stats_stop_measure_crit_isr
 *fill*         0x0800392c        0x4 
 .text._stats_stop_measure_crit_thd
                0x08003930        0xc C:\Users\nameless\AppData\Local\Temp\ccNZd4me.ltrans3.ltrans.o
                0x08003930                _stats_stop_measure_crit_thd
 *fill*         0x0800393c        0x4 
 .text.chTMStartMeasurementX
                0x08003940        0xc C:\Users\nameless\AppData\Local\Temp\ccNZd4me.ltrans3.ltrans.o
                0x08003940                chTMStartMeasurementX
 *fill*         0x0800394c        0x4 
 .text._stats_start_measure_crit_isr
                0x08003950        0xc C:\Users\nameless\AppData\Local\Temp\ccNZd4me.ltrans3.ltrans.o
                0x08003950                _stats_start_measure_crit_isr
 *fill*         0x0800395c        0x4 
 .text._stats_start_measure_crit_thd
                0x08003960        0xc C:\Users\nameless\AppData\Local\Temp\ccNZd4me.ltrans3.ltrans.o
                0x08003960                _stats_start_measure_crit_thd
 *fill*         0x0800396c        0x4 
 .text.chSchDoRescheduleAhead
                0x08003970       0x78 C:\Users\nameless\AppData\Local\Temp\ccNZd4me.ltrans3.ltrans.o
                0x08003970                chSchDoRescheduleAhead
 *fill*         0x080039e8        0x8 
 .text.chSchDoReschedule
                0x080039f0        0x4 C:\Users\nameless\AppData\Local\Temp\ccNZd4me.ltrans3.ltrans.o
                0x080039f0                chSchDoReschedule
 *fill*         0x080039f4        0xc 
 .text.chDbgCheckClassS
                0x08003a00       0x20 C:\Users\nameless\AppData\Local\Temp\ccNZd4me.ltrans3.ltrans.o
                0x08003a00                chDbgCheckClassS
 .text.chSchGoSleepS
                0x08003a20       0x64 C:\Users\nameless\AppData\Local\Temp\ccNZd4me.ltrans3.ltrans.o
                0x08003a20                chSchGoSleepS
 *fill*         0x08003a84        0xc 
 .text.chDbgCheckClassI
                0x08003a90       0x20 C:\Users\nameless\AppData\Local\Temp\ccNZd4me.ltrans3.ltrans.o
                0x08003a90                chDbgCheckClassI
 .text.chSchGoSleepTimeoutS
                0x08003ab0      0x16c C:\Users\nameless\AppData\Local\Temp\ccNZd4me.ltrans3.ltrans.o
                0x08003ab0                chSchGoSleepTimeoutS
 *fill*         0x08003c1c        0x4 
 .text.chThdEnqueueTimeoutS
                0x08003c20       0x28 C:\Users\nameless\AppData\Local\Temp\ccNZd4me.ltrans3.ltrans.o
                0x08003c20                chThdEnqueueTimeoutS
 *fill*         0x08003c48        0x8 
 .text.chSchReadyI
                0x08003c50       0x50 C:\Users\nameless\AppData\Local\Temp\ccNZd4me.ltrans3.ltrans.o
                0x08003c50                chSchReadyI
 .text.chThdResumeI
                0x08003ca0       0x2c C:\Users\nameless\AppData\Local\Temp\ccNZd4me.ltrans3.ltrans.o
                0x08003ca0                chThdResumeI
 *fill*         0x08003ccc        0x4 
 .text.chThdExitS
                0x08003cd0       0x4c C:\Users\nameless\AppData\Local\Temp\ccNZd4me.ltrans3.ltrans.o
                0x08003cd0                chThdExitS
 *fill*         0x08003d1c        0x4 
 .text._dbg_check_leave_isr
                0x08003d20       0x2c C:\Users\nameless\AppData\Local\Temp\ccNZd4me.ltrans3.ltrans.o
                0x08003d20                _dbg_check_leave_isr
 *fill*         0x08003d4c        0x4 
 .text._dbg_check_enter_isr
                0x08003d50       0x2c C:\Users\nameless\AppData\Local\Temp\ccNZd4me.ltrans3.ltrans.o
                0x08003d50                _dbg_check_enter_isr
 *fill*         0x08003d7c        0x4 
 .text._dbg_check_unlock_from_isr
                0x08003d80       0x24 C:\Users\nameless\AppData\Local\Temp\ccNZd4me.ltrans3.ltrans.o
                0x08003d80                _dbg_check_unlock_from_isr
 *fill*         0x08003da4        0xc 
 .text._dbg_check_lock_from_isr
                0x08003db0       0x24 C:\Users\nameless\AppData\Local\Temp\ccNZd4me.ltrans3.ltrans.o
                0x08003db0                _dbg_check_lock_from_isr
 *fill*         0x08003dd4        0xc 
 .text.wakeup   0x08003de0       0x6c C:\Users\nameless\AppData\Local\Temp\ccNZd4me.ltrans3.ltrans.o
 *fill*         0x08003e4c        0x4 
 .text._dbg_check_unlock
                0x08003e50       0x20 C:\Users\nameless\AppData\Local\Temp\ccNZd4me.ltrans3.ltrans.o
                0x08003e50                _dbg_check_unlock
 .text._dbg_check_lock
                0x08003e70       0x20 C:\Users\nameless\AppData\Local\Temp\ccNZd4me.ltrans3.ltrans.o
                0x08003e70                _dbg_check_lock
 .text.chMtxLock
                0x08003e90      0x134 C:\Users\nameless\AppData\Local\Temp\ccNZd4me.ltrans3.ltrans.o
                0x08003e90                chMtxLock
 *fill*         0x08003fc4        0xc 
 .text.chThdExit
                0x08003fd0       0x18 C:\Users\nameless\AppData\Local\Temp\ccNZd4me.ltrans3.ltrans.o
                0x08003fd0                chThdExit
 *fill*         0x08003fe8        0x8 
 .text.chThdSleepUntil
                0x08003ff0       0x58 C:\Users\nameless\AppData\Local\Temp\ccNZd4me.ltrans3.ltrans.o
                0x08003ff0                chThdSleepUntil
 *fill*         0x08004048        0x8 
 .text.chThdSleep
                0x08004050       0x5c C:\Users\nameless\AppData\Local\Temp\ccNZd4me.ltrans3.ltrans.o
                0x08004050                chThdSleep
 *fill*         0x080040ac        0x4 
 .text.chThdCreateStatic
                0x080040b0      0x198 C:\Users\nameless\AppData\Local\Temp\ccNZd4me.ltrans3.ltrans.o
                0x080040b0                chThdCreateStatic
 *fill*         0x08004248        0x8 
 .text._unhandled_exception
                0x08004250        0x4 C:\Users\nameless\AppData\Local\Temp\ccNZd4me.ltrans3.ltrans.o
                0x08004250                Vector58
                0x08004250                VectorE8
                0x08004250                Vector9C
                0x08004250                VectorAC
                0x08004250                DebugMon_Handler
                0x08004250                Vector1A0
                0x08004250                Vector5C
                0x08004250                Vector11C
                0x08004250                HardFault_Handler
                0x08004250                Vector1B8
                0x08004250                Vector19C
                0x08004250                Vector8C
                0x08004250                SysTick_Handler
                0x08004250                VectorDC
                0x08004250                PendSV_Handler
                0x08004250                Vector168
                0x08004250                NMI_Handler
                0x08004250                VectorC8
                0x08004250                Vector94
                0x08004250                VectorA8
                0x08004250                Vector160
                0x08004250                Vector1B0
                0x08004250                UsageFault_Handler
                0x08004250                VectorEC
                0x08004250                Vector40
                0x08004250                Vector190
                0x08004250                Vector148
                0x08004250                Vector188
                0x08004250                Vector198
                0x08004250                Vector118
                0x08004250                Vector64
                0x08004250                VectorCC
                0x08004250                Vector54
                0x08004250                Vector98
                0x08004250                VectorD8
                0x08004250                Vector138
                0x08004250                Vector24
                0x08004250                Vector1AC
                0x08004250                Vector178
                0x08004250                Vector1A4
                0x08004250                VectorD0
                0x08004250                Vector1B4
                0x08004250                Vector140
                0x08004250                VectorE4
                0x08004250                Vector134
                0x08004250                Vector13C
                0x08004250                Vector100
                0x08004250                VectorE0
                0x08004250                VectorF4
                0x08004250                MemManage_Handler
                0x08004250                VectorC4
                0x08004250                Vector180
                0x08004250                Vector90
                0x08004250                Vector114
                0x08004250                Vector164
                0x08004250                Vector60
                0x08004250                Vector1C
                0x08004250                Vector1BC
                0x08004250                Vector17C
                0x08004250                Vector48
                0x08004250                Vector1A8
                0x08004250                Vector16C
                0x08004250                VectorD4
                0x08004250                Vector4C
                0x08004250                Vector144
                0x08004250                Vector15C
                0x08004250                Vector68
                0x08004250                Vector170
                0x08004250                Vector88
                0x08004250                Vector104
                0x08004250                Vector184
                0x08004250                Vector10C
                0x08004250                Vector14C
                0x08004250                BusFault_Handler
                0x08004250                Vector50
                0x08004250                Vector194
                0x08004250                Vector44
                0x08004250                Vector28
                0x08004250                Vector34
                0x08004250                Vector20
                0x08004250                Vector18C
                0x08004250                Vector174
 *fill*         0x08004254        0xc 
 .text.__init_ram_areas
                0x08004260       0x4c C:\Users\nameless\AppData\Local\Temp\ccNZd4me.ltrans3.ltrans.o
                0x08004260                __init_ram_areas
 *fill*         0x080042ac        0x4 
 .text.__default_exit
                0x080042b0        0x4 C:\Users\nameless\AppData\Local\Temp\ccNZd4me.ltrans3.ltrans.o
                0x080042b0                __default_exit
 *fill*         0x080042b4        0xc 
 .text.__late_init
                0x080042c0        0x4 C:\Users\nameless\AppData\Local\Temp\ccNZd4me.ltrans3.ltrans.o
                0x080042c0                __late_init
 *fill*         0x080042c4        0xc 
 .text.__core_init
                0x080042d0        0x4 C:\Users\nameless\AppData\Local\Temp\ccNZd4me.ltrans3.ltrans.o
                0x080042d0                __core_init
 *fill*         0x080042d4        0xc 
 .text.cmd_print
                0x080042e0       0x50 C:\Users\nameless\AppData\Local\Temp\ccNZd4me.ltrans4.ltrans.o
 .text.tft_write_data
                0x08004330       0x28 C:\Users\nameless\AppData\Local\Temp\ccNZd4me.ltrans4.ltrans.o
                0x08004330                tft_write_data
 *fill*         0x08004358        0x8 
 .text.tft_write_command
                0x08004360       0x28 C:\Users\nameless\AppData\Local\Temp\ccNZd4me.ltrans4.ltrans.o
                0x08004360                tft_write_command
 *fill*         0x08004388        0x8 
 .text.startup.main
                0x08004390      0x7c0 C:\Users\nameless\AppData\Local\Temp\ccNZd4me.ltrans4.ltrans.o
                0x08004390                main
 .text.Motor_thread
                0x08004b50      0x17c C:\Users\nameless\AppData\Local\Temp\ccNZd4me.ltrans4.ltrans.o
 *fill*         0x08004ccc        0x4 
 .text.Hall_update
                0x08004cd0       0x50 C:\Users\nameless\AppData\Local\Temp\ccNZd4me.ltrans5.ltrans.o
 .text.RC_thread.lto_priv.100
                0x08004d20       0x38 C:\Users\nameless\AppData\Local\Temp\ccNZd4me.ltrans5.ltrans.o
                0x08004d20                RC_thread.lto_priv.100
 *fill*         0x08004d58        0x8 
 .text.Hall_init
                0x08004d60       0x50 C:\Users\nameless\AppData\Local\Temp\ccNZd4me.ltrans5.ltrans.o
 .text.Hall_thread.lto_priv.84
                0x08004db0       0xe8 C:\Users\nameless\AppData\Local\Temp\ccNZd4me.ltrans5.ltrans.o
                0x08004db0                Hall_thread.lto_priv.84
 *fill*         0x08004e98        0x8 
 .text.chThdDequeueNextI.constprop.54
                0x08004ea0       0x34 C:\Users\nameless\AppData\Local\Temp\ccNZd4me.ltrans5.ltrans.o
                0x08004ea0                chThdDequeueNextI.constprop.54
 *fill*         0x08004ed4        0xc 
 .text._strtok.constprop.15
                0x08004ee0       0x40 C:\Users\nameless\AppData\Local\Temp\ccNZd4me.ltrans5.ltrans.o
                0x08004ee0                _strtok.constprop.15
 .text.long_to_string_with_divisor.constprop.14
                0x08004f20       0x44 C:\Users\nameless\AppData\Local\Temp\ccNZd4me.ltrans5.ltrans.o
                0x08004f20                long_to_string_with_divisor.constprop.14
 *fill*         0x08004f64        0xc 
 .text.tft_printf.constprop.9
                0x08004f70      0x108 C:\Users\nameless\AppData\Local\Temp\ccNZd4me.ltrans5.ltrans.o
                0x08004f70                tft_printf.constprop.9
 *fill*         0x08005078        0x8 
 .text.flashRead
                0x08005080       0x58 C:\Users\nameless\AppData\Local\Temp\ccNZd4me.ltrans5.ltrans.o
                0x08005080                flashRead
 *fill*         0x080050d8        0x8 
 .text.motor_pwmUpdate
                0x080050e0      0x114 C:\Users\nameless\AppData\Local\Temp\ccNZd4me.ltrans5.ltrans.o
                0x080050e0                motor_pwmUpdate
 *fill*         0x080051f4        0xc 
 .text.tft_char_is_changed
                0x08005200       0x88 C:\Users\nameless\AppData\Local\Temp\ccNZd4me.ltrans5.ltrans.o
                0x08005200                tft_char_is_changed
 *fill*         0x08005288        0x8 
 .text.tft_set_char_pos
                0x08005290       0x50 C:\Users\nameless\AppData\Local\Temp\ccNZd4me.ltrans5.ltrans.o
                0x08005290                tft_set_char_pos
 .text.chMtxUnlock.constprop.53
                0x080052e0       0xec C:\Users\nameless\AppData\Local\Temp\ccNZd4me.ltrans5.ltrans.o
                0x080052e0                chMtxUnlock.constprop.53
 *fill*         0x080053cc        0x4 
 .text.i2cMasterTransmitTimeout.constprop.39
                0x080053d0      0x18c C:\Users\nameless\AppData\Local\Temp\ccNZd4me.ltrans5.ltrans.o
                0x080053d0                i2cMasterTransmitTimeout.constprop.39
 *fill*         0x0800555c        0x4 
 .text.spiSelect.constprop.25
                0x08005560       0x6c C:\Users\nameless\AppData\Local\Temp\ccNZd4me.ltrans5.ltrans.o
                0x08005560                spiSelect.constprop.25
 *fill*         0x080055cc        0x4 
 .text.spiUnselect.constprop.23
                0x080055d0       0x6c C:\Users\nameless\AppData\Local\Temp\ccNZd4me.ltrans5.ltrans.o
                0x080055d0                spiUnselect.constprop.23
 *fill*         0x0800563c        0x4 
 .text.spiSend.constprop.21
                0x08005640       0xd0 C:\Users\nameless\AppData\Local\Temp\ccNZd4me.ltrans5.ltrans.o
                0x08005640                spiSend.constprop.21
 .text.TFT_thread.lto_priv.73
                0x08005710      0xad0 C:\Users\nameless\AppData\Local\Temp\ccNZd4me.ltrans6.ltrans.o
                0x08005710                TFT_thread.lto_priv.73
 .text.abs      0x080061e0        0x8 d:/chibistudio/tools/gnu tools arm embedded/4.9 2015q3/bin/../lib/gcc/arm-none-eabi/4.9.3/../../../../arm-none-eabi/lib/armv7e-m/fpu\libg.a(lib_a-abs.o)
                0x080061e0                abs
 *fill*         0x080061e8        0x8 
 .text.memset   0x080061f0       0x9c d:/chibistudio/tools/gnu tools arm embedded/4.9 2015q3/bin/../lib/gcc/arm-none-eabi/4.9.3/../../../../arm-none-eabi/lib/armv7e-m/fpu\libg.a(lib_a-memset.o)
                0x080061f0                memset
 *fill*         0x0800628c        0x4 
 .text.strpbrk  0x08006290       0x48 d:/chibistudio/tools/gnu tools arm embedded/4.9 2015q3/bin/../lib/gcc/arm-none-eabi/4.9.3/../../../../arm-none-eabi/lib/armv7e-m/fpu\libg.a(lib_a-strpbrk.o)
                0x08006290                strpbrk
 *fill*         0x080062d8        0x8 
 .text.strspn   0x080062e0       0x34 d:/chibistudio/tools/gnu tools arm embedded/4.9 2015q3/bin/../lib/gcc/arm-none-eabi/4.9.3/../../../../arm-none-eabi/lib/armv7e-m/fpu\libg.a(lib_a-strspn.o)
                0x080062e0                strspn
 *fill*         0x08006314        0xc 
 .text.atan     0x08006320      0x368 d:/chibistudio/tools/gnu tools arm embedded/4.9 2015q3/bin/../lib/gcc/arm-none-eabi/4.9.3/../../../../arm-none-eabi/lib/armv7e-m/fpu\libm.a(lib_a-s_atan.o)
                0x08006320                atan
 *fill*         0x08006688        0x8 
 .text.fabs     0x08006690       0x10 d:/chibistudio/tools/gnu tools arm embedded/4.9 2015q3/bin/../lib/gcc/arm-none-eabi/4.9.3/../../../../arm-none-eabi/lib/armv7e-m/fpu\libm.a(lib_a-s_fabs.o)
                0x08006690                fabs
 *(.rodata)
 *(.rodata.*)
 .rodata.__func__.6282
                0x080066a0        0xc C:\Users\nameless\AppData\Local\Temp\ccNZd4me.ltrans0.ltrans.o
 *fill*         0x080066ac        0x4 
 .rodata.__func__.6057
                0x080066b0        0xc C:\Users\nameless\AppData\Local\Temp\ccNZd4me.ltrans0.ltrans.o
 *fill*         0x080066bc        0x4 
 .rodata.str1.4
                0x080066c0      0x24a C:\Users\nameless\AppData\Local\Temp\ccNZd4me.ltrans0.ltrans.o
                                0x24e (size before relaxing)
 *fill*         0x0800690a        0x6 
 .rodata.local_commands
                0x08006910       0x18 C:\Users\nameless\AppData\Local\Temp\ccNZd4me.ltrans0.ltrans.o
 *fill*         0x08006928        0x8 
 .rodata.__func__.7544
                0x08006930        0x8 C:\Users\nameless\AppData\Local\Temp\ccNZd4me.ltrans1.ltrans.o
 *fill*         0x08006938        0x8 
 .rodata.__func__.7549
                0x08006940       0x12 C:\Users\nameless\AppData\Local\Temp\ccNZd4me.ltrans1.ltrans.o
 *fill*         0x08006952        0xe 
 .rodata.__func__.7614
                0x08006960        0xe C:\Users\nameless\AppData\Local\Temp\ccNZd4me.ltrans1.ltrans.o
 *fill*         0x0800696e        0x2 
 .rodata.str1.4
                0x08006970       0x23 C:\Users\nameless\AppData\Local\Temp\ccNZd4me.ltrans1.ltrans.o
 *fill*         0x08006993        0xd 
 .rodata.RC_cfg
                0x080069a0       0x10 C:\Users\nameless\AppData\Local\Temp\ccNZd4me.ltrans1.ltrans.o
 .rodata.i2cfg  0x080069b0        0xc C:\Users\nameless\AppData\Local\Temp\ccNZd4me.ltrans1.ltrans.o
 *fill*         0x080069bc        0x4 
 .rodata.__func__.7540
                0x080069c0        0x9 C:\Users\nameless\AppData\Local\Temp\ccNZd4me.ltrans1.ltrans.o
 *fill*         0x080069c9        0x7 
 .rodata.__func__.7543
                0x080069d0        0xb C:\Users\nameless\AppData\Local\Temp\ccNZd4me.ltrans2.ltrans.o
 *fill*         0x080069db        0x5 
 .rodata.__func__.6708
                0x080069e0        0xd C:\Users\nameless\AppData\Local\Temp\ccNZd4me.ltrans2.ltrans.o
 *fill*         0x080069ed        0x3 
 .rodata.__func__.7553
                0x080069f0        0xe C:\Users\nameless\AppData\Local\Temp\ccNZd4me.ltrans2.ltrans.o
 *fill*         0x080069fe        0x2 
 .rodata.__func__.6730
                0x08006a00       0x11 C:\Users\nameless\AppData\Local\Temp\ccNZd4me.ltrans2.ltrans.o
 *fill*         0x08006a11        0xf 
 .rodata.__func__.7614
                0x08006a20       0x12 C:\Users\nameless\AppData\Local\Temp\ccNZd4me.ltrans2.ltrans.o
 *fill*         0x08006a32        0xe 
 .rodata.__func__.6691
                0x08006a40       0x15 C:\Users\nameless\AppData\Local\Temp\ccNZd4me.ltrans2.ltrans.o
 *fill*         0x08006a55        0xb 
 .rodata.__func__.5968.lto_priv.107
                0x08006a60        0xc C:\Users\nameless\AppData\Local\Temp\ccNZd4me.ltrans2.ltrans.o
 *fill*         0x08006a6c        0x4 
 .rodata.__func__.5968.lto_priv.108
                0x08006a70        0xc C:\Users\nameless\AppData\Local\Temp\ccNZd4me.ltrans2.ltrans.o
 *fill*         0x08006a7c        0x4 
 .rodata.__func__.6694
                0x08006a80       0x10 C:\Users\nameless\AppData\Local\Temp\ccNZd4me.ltrans2.ltrans.o
 .rodata.__func__.5968.lto_priv.106
                0x08006a90        0xc C:\Users\nameless\AppData\Local\Temp\ccNZd4me.ltrans2.ltrans.o
 *fill*         0x08006a9c        0x4 
 .rodata.__func__.7540
                0x08006aa0        0x9 C:\Users\nameless\AppData\Local\Temp\ccNZd4me.ltrans2.ltrans.o
 *fill*         0x08006aa9        0x7 
 .rodata.__func__.7536
                0x08006ab0        0xd C:\Users\nameless\AppData\Local\Temp\ccNZd4me.ltrans3.ltrans.o
 *fill*         0x08006abd        0x3 
 .rodata.__func__.6671
                0x08006ac0        0xc C:\Users\nameless\AppData\Local\Temp\ccNZd4me.ltrans3.ltrans.o
 *fill*         0x08006acc        0x4 
 .rodata.__func__.6727
                0x08006ad0        0xb C:\Users\nameless\AppData\Local\Temp\ccNZd4me.ltrans3.ltrans.o
 *fill*         0x08006adb        0x5 
 .rodata.__func__.6683
                0x08006ae0        0xd C:\Users\nameless\AppData\Local\Temp\ccNZd4me.ltrans3.ltrans.o
 *fill*         0x08006aed        0x3 
 .rodata.str1.4
                0x08006af0       0x4d C:\Users\nameless\AppData\Local\Temp\ccNZd4me.ltrans3.ltrans.o
 *fill*         0x08006b3d        0x3 
 .rodata.ram_areas
                0x08006b40       0x80 C:\Users\nameless\AppData\Local\Temp\ccNZd4me.ltrans3.ltrans.o
 .rodata.__func__.6674.lto_priv.111
                0x08006bc0        0xb C:\Users\nameless\AppData\Local\Temp\ccNZd4me.ltrans3.ltrans.o
 *fill*         0x08006bcb        0x5 
 .rodata.__func__.6674.lto_priv.112
                0x08006bd0        0xb C:\Users\nameless\AppData\Local\Temp\ccNZd4me.ltrans3.ltrans.o
 *fill*         0x08006bdb        0x5 
 .rodata.__func__.5968
                0x08006be0        0xc C:\Users\nameless\AppData\Local\Temp\ccNZd4me.ltrans3.ltrans.o
 *fill*         0x08006bec        0x4 
 .rodata.__func__.6699
                0x08006bf0        0xd C:\Users\nameless\AppData\Local\Temp\ccNZd4me.ltrans3.ltrans.o
 *fill*         0x08006bfd        0x3 
 .rodata.__func__.6142
                0x08006c00        0xc C:\Users\nameless\AppData\Local\Temp\ccNZd4me.ltrans3.ltrans.o
 *fill*         0x08006c0c        0x4 
 .rodata.__func__.6749
                0x08006c10        0xd C:\Users\nameless\AppData\Local\Temp\ccNZd4me.ltrans3.ltrans.o
 *fill*         0x08006c1d        0x3 
 .rodata.__func__.7540
                0x08006c20        0x9 C:\Users\nameless\AppData\Local\Temp\ccNZd4me.ltrans4.ltrans.o
 *fill*         0x08006c29        0x7 
 .rodata.__func__.5968.lto_priv.80
                0x08006c30        0xc C:\Users\nameless\AppData\Local\Temp\ccNZd4me.ltrans4.ltrans.o
                0x08006c30                __func__.5968.lto_priv.80
 *fill*         0x08006c3c        0x4 
 .rodata.__func__.7549
                0x08006c40        0xe C:\Users\nameless\AppData\Local\Temp\ccNZd4me.ltrans4.ltrans.o
 *fill*         0x08006c4e        0x2 
 .rodata.vmt    0x08006c50       0x20 C:\Users\nameless\AppData\Local\Temp\ccNZd4me.ltrans4.ltrans.o
 .rodata.motor_pwmcfg
                0x08006c70       0x34 C:\Users\nameless\AppData\Local\Temp\ccNZd4me.ltrans4.ltrans.o
 *fill*         0x08006ca4        0xc 
 .rodata._stm32_dma_streams
                0x08006cb0       0xc0 C:\Users\nameless\AppData\Local\Temp\ccNZd4me.ltrans4.ltrans.o
 .rodata.__func__.7581
                0x08006d70        0x8 C:\Users\nameless\AppData\Local\Temp\ccNZd4me.ltrans4.ltrans.o
 *fill*         0x08006d78        0x8 
 .rodata.ch_debug
                0x08006d80       0x16 C:\Users\nameless\AppData\Local\Temp\ccNZd4me.ltrans4.ltrans.o
 *fill*         0x08006d96        0xa 
 .rodata.__func__.5968.lto_priv.81
                0x08006da0        0xc C:\Users\nameless\AppData\Local\Temp\ccNZd4me.ltrans4.ltrans.o
 *fill*         0x08006dac        0x4 
 .rodata.commands
                0x08006db0        0x8 C:\Users\nameless\AppData\Local\Temp\ccNZd4me.ltrans4.ltrans.o
 *fill*         0x08006db8        0x8 
 .rodata.shell_cfg1
                0x08006dc0        0x8 C:\Users\nameless\AppData\Local\Temp\ccNZd4me.ltrans4.ltrans.o
 *fill*         0x08006dc8        0x8 
 .rodata.str1.4
                0x08006dd0       0x3e C:\Users\nameless\AppData\Local\Temp\ccNZd4me.ltrans4.ltrans.o
 *fill*         0x08006e0e        0x2 
 .rodata.__func__.7552
                0x08006e10        0xc C:\Users\nameless\AppData\Local\Temp\ccNZd4me.ltrans5.ltrans.o
 *fill*         0x08006e1c        0x4 
 .rodata.__func__.7594
                0x08006e20        0x8 C:\Users\nameless\AppData\Local\Temp\ccNZd4me.ltrans5.ltrans.o
 *fill*         0x08006e28        0x8 
 .rodata.__func__.5968.lto_priv.63
                0x08006e30        0xc C:\Users\nameless\AppData\Local\Temp\ccNZd4me.ltrans5.ltrans.o
                0x08006e30                __func__.5968.lto_priv.63
 *fill*         0x08006e3c        0x4 
 .rodata.__func__.5968.lto_priv.64
                0x08006e40        0xc C:\Users\nameless\AppData\Local\Temp\ccNZd4me.ltrans5.ltrans.o
                0x08006e40                __func__.5968.lto_priv.64
 *fill*         0x08006e4c        0x4 
 .rodata.__func__.5968.lto_priv.66
                0x08006e50        0xc C:\Users\nameless\AppData\Local\Temp\ccNZd4me.ltrans5.ltrans.o
 *fill*         0x08006e5c        0x4 
 .rodata.__func__.7559
                0x08006e60       0x19 C:\Users\nameless\AppData\Local\Temp\ccNZd4me.ltrans5.ltrans.o
 *fill*         0x08006e79        0x7 
 .rodata.__func__.6154
                0x08006e80       0x14 C:\Users\nameless\AppData\Local\Temp\ccNZd4me.ltrans5.ltrans.o
 *fill*         0x08006e94        0xc 
 .rodata.hall_cfg
                0x08006ea0       0x10 C:\Users\nameless\AppData\Local\Temp\ccNZd4me.ltrans5.ltrans.o
 .rodata.str1.4
                0x08006eb0       0x1f C:\Users\nameless\AppData\Local\Temp\ccNZd4me.ltrans5.ltrans.o
 *fill*         0x08006ecf        0x1 
 .rodata.vmt    0x08006ed0       0x10 C:\Users\nameless\AppData\Local\Temp\ccNZd4me.ltrans5.ltrans.o
 .rodata.__func__.6737
                0x08006ee0        0xe C:\Users\nameless\AppData\Local\Temp\ccNZd4me.ltrans5.ltrans.o
 *fill*         0x08006eee        0x2 
 .rodata.__func__.6697
                0x08006ef0        0xc C:\Users\nameless\AppData\Local\Temp\ccNZd4me.ltrans5.ltrans.o
 *fill*         0x08006efc        0x4 
 .rodata.__func__.6743
                0x08006f00       0x15 C:\Users\nameless\AppData\Local\Temp\ccNZd4me.ltrans5.ltrans.o
 *fill*         0x08006f15        0xb 
 .rodata.__func__.5968.lto_priv.65
                0x08006f20        0xc C:\Users\nameless\AppData\Local\Temp\ccNZd4me.ltrans5.ltrans.o
                0x08006f20                __func__.5968.lto_priv.65
 *fill*         0x08006f2c        0x4 
 .rodata.__func__.7548
                0x08006f30        0xa C:\Users\nameless\AppData\Local\Temp\ccNZd4me.ltrans5.ltrans.o
 *fill*         0x08006f3a        0x6 
 .rodata.__func__.7554
                0x08006f40        0xe C:\Users\nameless\AppData\Local\Temp\ccNZd4me.ltrans6.ltrans.o
 *fill*         0x08006f4e        0x2 
 .rodata.ascii_8x16
                0x08006f50     0x1000 C:\Users\nameless\AppData\Local\Temp\ccNZd4me.ltrans6.ltrans.o
 .rodata.str1.4
                0x08007f50       0x30 C:\Users\nameless\AppData\Local\Temp\ccNZd4me.ltrans6.ltrans.o
 .rodata.TFTSPI_cfg
                0x08007f80        0xc C:\Users\nameless\AppData\Local\Temp\ccNZd4me.ltrans6.ltrans.o
 *fill*         0x08007f8c        0x4 
 .rodata.__func__.7540
                0x08007f90        0x9 C:\Users\nameless\AppData\Local\Temp\ccNZd4me.ltrans6.ltrans.o
 *fill*         0x08007f99        0x7 
 .rodata.atanlo
                0x08007fa0       0x20 d:/chibistudio/tools/gnu tools arm embedded/4.9 2015q3/bin/../lib/gcc/arm-none-eabi/4.9.3/../../../../arm-none-eabi/lib/armv7e-m/fpu\libm.a(lib_a-s_atan.o)
 .rodata.atanhi
                0x08007fc0       0x20 d:/chibistudio/tools/gnu tools arm embedded/4.9 2015q3/bin/../lib/gcc/arm-none-eabi/4.9.3/../../../../arm-none-eabi/lib/armv7e-m/fpu\libm.a(lib_a-s_atan.o)
 *(.glue_7t)
 .glue_7t       0x00000000        0x0 linker stubs
 *(.glue_7)
 .glue_7        0x00000000        0x0 linker stubs
 *(.gcc*)

.vfp11_veneer   0x08007fe0        0x0
 .vfp11_veneer  0x00000000        0x0 linker stubs

.v4_bx          0x08007fe0        0x0
 .v4_bx         0x00000000        0x0 linker stubs

.iplt           0x08007fe0        0x0
 .iplt          0x00000000        0x0 build/obj/crt0_v7m.o

.rel.dyn        0x08007fe0        0x0
 .rel.iplt      0x00000000        0x0 build/obj/crt0_v7m.o

.ARM.extab
 *(.ARM.extab* .gnu.linkonce.armextab.*)

.ARM.exidx      0x08007fe0        0x0
                0x08007fe0                __exidx_start = .
 *(.ARM.exidx* .gnu.linkonce.armexidx.*)
                0x08007fe0                __exidx_end = .

.eh_frame_hdr
 *(.eh_frame_hdr)

.eh_frame
 *(.eh_frame)

.textalign      0x08007fe0        0x0
                0x08007fe0                . = ALIGN (0x8)
                0x08007fe0                . = ALIGN (0x4)
                0x08007fe0                PROVIDE (_etext, .)

.mstack         0x20000000      0x400
                0x20000000                . = ALIGN (0x8)
                0x20000000                __main_stack_base__ = .
                0x20000400                . = (. + __main_stack_size__)
 *fill*         0x20000000      0x400 
                0x20000400                . = ALIGN (0x8)
                0x20000400                __main_stack_end__ = .

.pstack         0x20000400      0x400
                0x20000400                __process_stack_base__ = .
                0x20000400                __main_thread_stack_base__ = .
                0x20000800                . = (. + __process_stack_size__)
 *fill*         0x20000400      0x400 
                0x20000800                . = ALIGN (0x8)
                0x20000800                __process_stack_end__ = .
                0x20000800                __main_thread_stack_end__ = .

.data           0x20000800       0x8c load address 0x08007fe0
                0x20000800                . = ALIGN (0x4)
                0x08007fe0                PROVIDE (_textdata, LOADADDR (.data))
                0x20000800                PROVIDE (_data, .)
                0x08007fe0                _textdata_start = LOADADDR (.data)
                0x20000800                _data_start = .
 *(.data)
 *(.data.*)
 .data.g_sensorSettings
                0x20000800        0x3 C:\Users\nameless\AppData\Local\Temp\ccNZd4me.ltrans1.ltrans.o
 *fill*         0x20000803        0x1 
 .data.hall_encoder
                0x20000804       0x20 C:\Users\nameless\AppData\Local\Temp\ccNZd4me.ltrans5.ltrans.o
 .data.motors.lto_priv.76
                0x20000824       0x68 C:\Users\nameless\AppData\Local\Temp\ccNZd4me.ltrans5.ltrans.o
                0x20000824                motors.lto_priv.76
 *(.ramtext)
                0x2000088c                . = ALIGN (0x4)
                0x2000088c                PROVIDE (_edata, .)
                0x2000088c                _data_end = .

.igot.plt       0x2000088c        0x0 load address 0x0800806c
 .igot.plt      0x00000000        0x0 build/obj/crt0_v7m.o

.bss            0x20000890     0xd530 load address 0x0800806c
                0x20000890                . = ALIGN (0x4)
                0x20000890                _bss_start = .
 *(.bss)
 *(.bss.*)
 .bss.shell_terminated
                0x20000890        0x4 C:\Users\nameless\AppData\Local\Temp\ccNZd4me.ltrans0.ltrans.o
 *fill*         0x20000894        0x4 
 .bss.RC_thread_wa
                0x20000898      0x1b0 C:\Users\nameless\AppData\Local\Temp\ccNZd4me.ltrans1.ltrans.o
 .bss.g_i2cErrorInfo
                0x20000a48        0x6 C:\Users\nameless\AppData\Local\Temp\ccNZd4me.ltrans1.ltrans.o
 *fill*         0x20000a4e        0x2 
 .bss.mpu6050RXData
                0x20000a50        0xe C:\Users\nameless\AppData\Local\Temp\ccNZd4me.ltrans1.ltrans.o
 *fill*         0x20000a5e        0x2 
 .bss.controller
                0x20000a60        0x8 C:\Users\nameless\AppData\Local\Temp\ccNZd4me.ltrans1.ltrans.o
 .bss.Controller_thread_wa
                0x20000a68     0x1170 C:\Users\nameless\AppData\Local\Temp\ccNZd4me.ltrans1.ltrans.o
 .bss.MPUFlash  0x20001bd8       0x18 C:\Users\nameless\AppData\Local\Temp\ccNZd4me.ltrans1.ltrans.o
 .bss.Motor_thread_wa
                0x20001bf0     0x1170 C:\Users\nameless\AppData\Local\Temp\ccNZd4me.ltrans4.ltrans.o
 .bss.PWMD9     0x20002d60       0x1c C:\Users\nameless\AppData\Local\Temp\ccNZd4me.ltrans4.ltrans.o
                0x20002d60                PWMD9
 .bss.nextmem.lto_priv.110
                0x20002d7c        0x4 C:\Users\nameless\AppData\Local\Temp\ccNZd4me.ltrans4.ltrans.o
                0x20002d7c                nextmem.lto_priv.110
 .bss.default_heap
                0x20002d80       0x20 C:\Users\nameless\AppData\Local\Temp\ccNZd4me.ltrans4.ltrans.o
 .bss.endmem.lto_priv.109
                0x20002da0        0x4 C:\Users\nameless\AppData\Local\Temp\ccNZd4me.ltrans4.ltrans.o
                0x20002da0                endmem.lto_priv.109
 .bss.SD4       0x20002da4       0x78 C:\Users\nameless\AppData\Local\Temp\ccNZd4me.ltrans4.ltrans.o
                0x20002da4                SD4
 *fill*         0x20002e1c        0x4 
 .bss.MPU_thread_wa
                0x20002e20     0x8170 C:\Users\nameless\AppData\Local\Temp\ccNZd4me.ltrans4.ltrans.o
 .bss.motors.lto_priv.74
                0x2000af90        0x4 C:\Users\nameless\AppData\Local\Temp\ccNZd4me.ltrans4.ltrans.o
                0x2000af90                motors.lto_priv.74
 *fill*         0x2000af94        0x4 
 .bss.Test_thread_wa
                0x2000af98      0x1b0 C:\Users\nameless\AppData\Local\Temp\ccNZd4me.ltrans4.ltrans.o
 .bss.motors.lto_priv.75
                0x2000b148        0x4 C:\Users\nameless\AppData\Local\Temp\ccNZd4me.ltrans4.ltrans.o
 *fill*         0x2000b14c        0x4 
 .bss.Shell_thread_wa
                0x2000b150      0x570 C:\Users\nameless\AppData\Local\Temp\ccNZd4me.ltrans4.ltrans.o
 .bss.Hall_thread_wa
                0x2000b6c0      0x570 C:\Users\nameless\AppData\Local\Temp\ccNZd4me.ltrans4.ltrans.o
 .bss.dma_isr_redir.lto_priv.102
                0x2000bc30       0x80 C:\Users\nameless\AppData\Local\Temp\ccNZd4me.ltrans4.ltrans.o
                0x2000bc30                dma_isr_redir.lto_priv.102
 .bss.GPTD1     0x2000bcb0       0x10 C:\Users\nameless\AppData\Local\Temp\ccNZd4me.ltrans4.ltrans.o
                0x2000bcb0                GPTD1
 .bss.dummytx   0x2000bcc0        0x2 C:\Users\nameless\AppData\Local\Temp\ccNZd4me.ltrans4.ltrans.o
 *fill*         0x2000bcc2        0x2 
 .bss.g_IMU1    0x2000bcc4       0x81 C:\Users\nameless\AppData\Local\Temp\ccNZd4me.ltrans4.ltrans.o
                0x2000bcc4                g_IMU1
 *fill*         0x2000bd45        0x3 
 .bss.TFT_thread_wa
                0x2000bd48     0x1170 C:\Users\nameless\AppData\Local\Temp\ccNZd4me.ltrans4.ltrans.o
 .bss.dma_streams_mask.lto_priv.101
                0x2000ceb8        0x4 C:\Users\nameless\AppData\Local\Temp\ccNZd4me.ltrans4.ltrans.o
                0x2000ceb8                dma_streams_mask.lto_priv.101
 .bss.bg_color  0x2000cebc      0x190 C:\Users\nameless\AppData\Local\Temp\ccNZd4me.ltrans5.ltrans.o
                0x2000cebc                bg_color
 .bss.SPID2     0x2000d04c       0x30 C:\Users\nameless\AppData\Local\Temp\ccNZd4me.ltrans5.ltrans.o
                0x2000d04c                SPID2
 .bss.mpu6050TXData.lto_priv.95
                0x2000d07c        0x5 C:\Users\nameless\AppData\Local\Temp\ccNZd4me.ltrans5.ltrans.o
                0x2000d07c                mpu6050TXData.lto_priv.95
 *fill*         0x2000d081        0x3 
 .bss.text      0x2000d084       0xc8 C:\Users\nameless\AppData\Local\Temp\ccNZd4me.ltrans5.ltrans.o
                0x2000d084                text
 .bss.GPTD3     0x2000d14c       0x10 C:\Users\nameless\AppData\Local\Temp\ccNZd4me.ltrans5.ltrans.o
                0x2000d14c                GPTD3
 .bss.text_prev
                0x2000d15c       0xc8 C:\Users\nameless\AppData\Local\Temp\ccNZd4me.ltrans5.ltrans.o
                0x2000d15c                text_prev
 .bss.curr_text_color
                0x2000d224        0x2 C:\Users\nameless\AppData\Local\Temp\ccNZd4me.ltrans5.ltrans.o
                0x2000d224                curr_text_color
 *fill*         0x2000d226        0x2 
 .bss.ch        0x2000d228      0x660 C:\Users\nameless\AppData\Local\Temp\ccNZd4me.ltrans5.ltrans.o
                0x2000d228                ch
 .bss.text_color_prev
                0x2000d888      0x190 C:\Users\nameless\AppData\Local\Temp\ccNZd4me.ltrans5.ltrans.o
                0x2000d888                text_color_prev
 .bss.curr_bg_color
                0x2000da18        0x2 C:\Users\nameless\AppData\Local\Temp\ccNZd4me.ltrans5.ltrans.o
                0x2000da18                curr_bg_color
 .bss.dummyrx   0x2000da1a        0x2 C:\Users\nameless\AppData\Local\Temp\ccNZd4me.ltrans5.ltrans.o
 .bss.PWMD8     0x2000da1c       0x1c C:\Users\nameless\AppData\Local\Temp\ccNZd4me.ltrans5.ltrans.o
                0x2000da1c                PWMD8
 .bss.GPTD2     0x2000da38       0x10 C:\Users\nameless\AppData\Local\Temp\ccNZd4me.ltrans5.ltrans.o
                0x2000da38                GPTD2
 .bss.text_color
                0x2000da48      0x190 C:\Users\nameless\AppData\Local\Temp\ccNZd4me.ltrans5.ltrans.o
                0x2000da48                text_color
 .bss.GPTD4     0x2000dbd8       0x10 C:\Users\nameless\AppData\Local\Temp\ccNZd4me.ltrans5.ltrans.o
                0x2000dbd8                GPTD4
 .bss.rc_channel.lto_priv.99
                0x2000dbe8        0x6 C:\Users\nameless\AppData\Local\Temp\ccNZd4me.ltrans5.ltrans.o
                0x2000dbe8                rc_channel.lto_priv.99
 .bss.curr_text_color_sp
                0x2000dbee        0x2 C:\Users\nameless\AppData\Local\Temp\ccNZd4me.ltrans5.ltrans.o
                0x2000dbee                curr_text_color_sp
 .bss.I2CD1     0x2000dbf0       0x38 C:\Users\nameless\AppData\Local\Temp\ccNZd4me.ltrans5.ltrans.o
                0x2000dbf0                I2CD1
 .bss.bg_color_prev
                0x2000dc28      0x190 C:\Users\nameless\AppData\Local\Temp\ccNZd4me.ltrans5.ltrans.o
                0x2000dc28                bg_color_prev
 .bss.tft_orientation
                0x2000ddb8        0x1 C:\Users\nameless\AppData\Local\Temp\ccNZd4me.ltrans6.ltrans.o
 *fill*         0x2000ddb9        0x3 
 .bss.rc_channel.lto_priv.98
                0x2000ddbc        0x4 C:\Users\nameless\AppData\Local\Temp\ccNZd4me.ltrans6.ltrans.o
                0x2000ddbc                rc_channel.lto_priv.98
 *(COMMON)
                0x2000ddc0                . = ALIGN (0x4)
                0x2000ddc0                _bss_end = .
                0x2000ddc0                PROVIDE (end, .)

.ram0_init      0x2000ddc0        0x0 load address 0x0800806c
                0x2000ddc0                . = ALIGN (0x4)
                0x0800806c                __ram0_init_text__ = LOADADDR (.ram0_init)
                0x2000ddc0                __ram0_init__ = .
 *(.ram0_init)
 *(.ram0_init.*)
                0x2000ddc0                . = ALIGN (0x4)

.ram0           0x2000ddc0        0x0 load address 0x0800806c
                0x2000ddc0                . = ALIGN (0x4)
                0x2000ddc0                __ram0_clear__ = .
 *(.ram0_clear)
 *(.ram0_clear.*)
                0x2000ddc0                . = ALIGN (0x4)
                0x2000ddc0                __ram0_noinit__ = .
 *(.ram0)
 *(.ram0.*)
                0x2000ddc0                . = ALIGN (0x4)
                0x2000ddc0                __ram0_free__ = .

.ram1_init      0x20000000        0x0 load address 0x0800806c
                0x20000000                . = ALIGN (0x4)
                0x0800806c                __ram1_init_text__ = LOADADDR (.ram1_init)
                0x20000000                __ram1_init__ = .
 *(.ram1_init)
 *(.ram1_init.*)
                0x20000000                . = ALIGN (0x4)

.ram1           0x20000000        0x0 load address 0x0800806c
                0x20000000                . = ALIGN (0x4)
                0x20000000                __ram1_clear__ = .
 *(.ram1_clear)
 *(.ram1_clear.*)
                0x20000000                . = ALIGN (0x4)
                0x20000000                __ram1_noinit__ = .
 *(.ram1)
 *(.ram1.*)
                0x20000000                . = ALIGN (0x4)
                0x20000000                __ram1_free__ = .

.ram2_init      0x2001c000        0x0 load address 0x0800806c
                0x2001c000                . = ALIGN (0x4)
                0x0800806c                __ram2_init_text__ = LOADADDR (.ram2_init)
                0x2001c000                __ram2_init__ = .
 *(.ram2_init)
 *(.ram2_init.*)
                0x2001c000                . = ALIGN (0x4)

.ram2           0x2001c000        0x0 load address 0x0800806c
                0x2001c000                . = ALIGN (0x4)
                0x2001c000                __ram2_clear__ = .
 *(.ram2_clear)
 *(.ram2_clear.*)
                0x2001c000                . = ALIGN (0x4)
                0x2001c000                __ram2_noinit__ = .
 *(.ram2)
 *(.ram2.*)
                0x2001c000                . = ALIGN (0x4)
                0x2001c000                __ram2_free__ = .

.ram3_init      0x00000000        0x0 load address 0x0800806c
                0x00000000                . = ALIGN (0x4)
                0x0800806c                __ram3_init_text__ = LOADADDR (.ram3_init)
                0x00000000                __ram3_init__ = .
 *(.ram3_init)
 *(.ram3_init.*)
                0x00000000                . = ALIGN (0x4)

.ram3           0x00000000        0x0 load address 0x0800806c
                0x00000000                . = ALIGN (0x4)
                0x00000000                __ram3_clear__ = .
 *(.ram3_clear)
 *(.ram3_clear.*)
                0x00000000                . = ALIGN (0x4)
                0x00000000                __ram3_noinit__ = .
 *(.ram3)
 *(.ram3.*)
                0x00000000                . = ALIGN (0x4)
                0x00000000                __ram3_free__ = .

.ram4_init      0x10000000        0x0 load address 0x0800806c
                0x10000000                . = ALIGN (0x4)
                0x0800806c                __ram4_init_text__ = LOADADDR (.ram4_init)
                0x10000000                __ram4_init__ = .
 *(.ram4_init)
 *(.ram4_init.*)
                0x10000000                . = ALIGN (0x4)

.ram4           0x10000000        0x0 load address 0x0800806c
                0x10000000                . = ALIGN (0x4)
                0x10000000                __ram4_clear__ = .
 *(.ram4_clear)
 *(.ram4_clear.*)
                0x10000000                . = ALIGN (0x4)
                0x10000000                __ram4_noinit__ = .
 *(.ram4)
 *(.ram4.*)
                0x10000000                . = ALIGN (0x4)
                0x10000000                __ram4_free__ = .

.ram5_init      0x40024000        0x0 load address 0x0800806c
                0x40024000                . = ALIGN (0x4)
                0x0800806c                __ram5_init_text__ = LOADADDR (.ram5_init)
                0x40024000                __ram5_init__ = .
 *(.ram5_init)
 *(.ram5_init.*)
                0x40024000                . = ALIGN (0x4)

.ram5           0x40024000        0x0 load address 0x0800806c
                0x40024000                . = ALIGN (0x4)
                0x40024000                __ram5_clear__ = .
 *(.ram5_clear)
 *(.ram5_clear.*)
                0x40024000                . = ALIGN (0x4)
                0x40024000                __ram5_noinit__ = .
 *(.ram5)
 *(.ram5.*)
                0x40024000                . = ALIGN (0x4)
                0x40024000                __ram5_free__ = .

.ram6_init      0x00000000        0x0 load address 0x0800806c
                0x00000000                . = ALIGN (0x4)
                0x0800806c                __ram6_init_text__ = LOADADDR (.ram6_init)
                0x00000000                __ram6_init__ = .
 *(.ram6_init)
 *(.ram6_init.*)
                0x00000000                . = ALIGN (0x4)

.ram6           0x00000000        0x0 load address 0x0800806c
                0x00000000                . = ALIGN (0x4)
                0x00000000                __ram6_clear__ = .
 *(.ram6_clear)
 *(.ram6_clear.*)
                0x00000000                . = ALIGN (0x4)
                0x00000000                __ram6_noinit__ = .
 *(.ram6)
 *(.ram6.*)
                0x00000000                . = ALIGN (0x4)
                0x00000000                __ram6_free__ = .

.ram7_init      0x00000000        0x0 load address 0x0800806c
                0x00000000                . = ALIGN (0x4)
                0x0800806c                __ram7_init_text__ = LOADADDR (.ram7_init)
                0x00000000                __ram7_init__ = .
 *(.ram7_init)
 *(.ram7_init.*)
                0x00000000                . = ALIGN (0x4)

.ram7           0x00000000        0x0 load address 0x0800806c
                0x00000000                . = ALIGN (0x4)
                0x00000000                __ram7_clear__ = .
 *(.ram7_clear)
 *(.ram7_clear.*)
                0x00000000                . = ALIGN (0x4)
                0x00000000                __ram7_noinit__ = .
 *(.ram7)
 *(.ram7.*)
                0x00000000                . = ALIGN (0x4)
                0x00000000                __ram7_free__ = .

.heap           0x2000ddc0    0x12240
                0x2000ddc0                . = ALIGN (0x8)
                0x2000ddc0                __heap_base__ = .
                0x20020000                . = (ORIGIN (HEAP_RAM) + 0x20000)
 *fill*         0x2000ddc0    0x12240 
                0x20020000                __heap_end__ = .
                0x00000400                __process_stack_size__ = 0x400
                0x00000400                __main_stack_size__ = 0x400
LOAD d:/chibistudio/tools/gnu tools arm embedded/4.9 2015q3/bin/../lib/gcc/arm-none-eabi/4.9.3/../../../../arm-none-eabi/lib/armv7e-m/fpu\libm.a
START GROUP
LOAD d:/chibistudio/tools/gnu tools arm embedded/4.9 2015q3/bin/../lib/gcc/arm-none-eabi/4.9.3/armv7e-m/fpu\libgcc.a
LOAD d:/chibistudio/tools/gnu tools arm embedded/4.9 2015q3/bin/../lib/gcc/arm-none-eabi/4.9.3/../../../../arm-none-eabi/lib/armv7e-m/fpu\libg.a
LOAD d:/chibistudio/tools/gnu tools arm embedded/4.9 2015q3/bin/../lib/gcc/arm-none-eabi/4.9.3/../../../../arm-none-eabi/lib/armv7e-m/fpu\libc.a
END GROUP
OUTPUT(build/ch.elf elf32-littlearm)

.ARM.attributes
                0x00000000       0x35
 .ARM.attributes
                0x00000000       0x25 build/obj/crt0_v7m.o
 .ARM.attributes
                0x00000025       0x25 build/obj/chcoreasm_v7m.o
 .ARM.attributes
                0x0000004a       0x37 C:\Users\nameless\AppData\Local\Temp\ccNZd4me.ltrans0.ltrans.o
 .ARM.attributes
                0x00000081       0x37 C:\Users\nameless\AppData\Local\Temp\ccNZd4me.ltrans1.ltrans.o
 .ARM.attributes
                0x000000b8       0x37 C:\Users\nameless\AppData\Local\Temp\ccNZd4me.ltrans2.ltrans.o
 .ARM.attributes
                0x000000ef       0x37 C:\Users\nameless\AppData\Local\Temp\ccNZd4me.ltrans3.ltrans.o
 .ARM.attributes
                0x00000126       0x37 C:\Users\nameless\AppData\Local\Temp\ccNZd4me.ltrans4.ltrans.o
 .ARM.attributes
                0x0000015d       0x37 C:\Users\nameless\AppData\Local\Temp\ccNZd4me.ltrans5.ltrans.o
 .ARM.attributes
                0x00000194       0x37 C:\Users\nameless\AppData\Local\Temp\ccNZd4me.ltrans6.ltrans.o
 .ARM.attributes
                0x000001cb       0x22 d:/chibistudio/tools/gnu tools arm embedded/4.9 2015q3/bin/../lib/gcc/arm-none-eabi/4.9.3/armv7e-m/fpu\libgcc.a(_arm_addsubdf3.o)
 .ARM.attributes
                0x000001ed       0x22 d:/chibistudio/tools/gnu tools arm embedded/4.9 2015q3/bin/../lib/gcc/arm-none-eabi/4.9.3/armv7e-m/fpu\libgcc.a(_arm_muldivdf3.o)
 .ARM.attributes
                0x0000020f       0x22 d:/chibistudio/tools/gnu tools arm embedded/4.9 2015q3/bin/../lib/gcc/arm-none-eabi/4.9.3/armv7e-m/fpu\libgcc.a(_arm_truncdfsf2.o)
 .ARM.attributes
                0x00000231       0x34 d:/chibistudio/tools/gnu tools arm embedded/4.9 2015q3/bin/../lib/gcc/arm-none-eabi/4.9.3/../../../../arm-none-eabi/lib/armv7e-m/fpu\libg.a(lib_a-abs.o)
 .ARM.attributes
                0x00000265       0x20 d:/chibistudio/tools/gnu tools arm embedded/4.9 2015q3/bin/../lib/gcc/arm-none-eabi/4.9.3/../../../../arm-none-eabi/lib/armv7e-m/fpu\libg.a(lib_a-memcpy.o)
 .ARM.attributes
                0x00000285       0x34 d:/chibistudio/tools/gnu tools arm embedded/4.9 2015q3/bin/../lib/gcc/arm-none-eabi/4.9.3/../../../../arm-none-eabi/lib/armv7e-m/fpu\libg.a(lib_a-memset.o)
 .ARM.attributes
                0x000002b9       0x20 d:/chibistudio/tools/gnu tools arm embedded/4.9 2015q3/bin/../lib/gcc/arm-none-eabi/4.9.3/../../../../arm-none-eabi/lib/armv7e-m/fpu\libg.a(lib_a-strcmp.o)
 .ARM.attributes
                0x000002d9       0x34 d:/chibistudio/tools/gnu tools arm embedded/4.9 2015q3/bin/../lib/gcc/arm-none-eabi/4.9.3/../../../../arm-none-eabi/lib/armv7e-m/fpu\libg.a(lib_a-strpbrk.o)
 .ARM.attributes
                0x0000030d       0x34 d:/chibistudio/tools/gnu tools arm embedded/4.9 2015q3/bin/../lib/gcc/arm-none-eabi/4.9.3/../../../../arm-none-eabi/lib/armv7e-m/fpu\libg.a(lib_a-strspn.o)
 .ARM.attributes
                0x00000341       0x34 d:/chibistudio/tools/gnu tools arm embedded/4.9 2015q3/bin/../lib/gcc/arm-none-eabi/4.9.3/../../../../arm-none-eabi/lib/armv7e-m/fpu\libm.a(lib_a-s_atan.o)
 .ARM.attributes
                0x00000375       0x34 d:/chibistudio/tools/gnu tools arm embedded/4.9 2015q3/bin/../lib/gcc/arm-none-eabi/4.9.3/../../../../arm-none-eabi/lib/armv7e-m/fpu\libm.a(lib_a-s_fabs.o)
 .ARM.attributes
                0x000003a9       0x22 d:/chibistudio/tools/gnu tools arm embedded/4.9 2015q3/bin/../lib/gcc/arm-none-eabi/4.9.3/armv7e-m/fpu\libgcc.a(_arm_cmpdf2.o)

.comment        0x00000000       0x70
 .comment       0x00000000       0x70 C:\Users\nameless\AppData\Local\Temp\ccNZd4me.ltrans0.ltrans.o
                                 0x71 (size before relaxing)
 .comment       0x00000000       0x71 C:\Users\nameless\AppData\Local\Temp\ccNZd4me.ltrans1.ltrans.o
 .comment       0x00000000       0x71 C:\Users\nameless\AppData\Local\Temp\ccNZd4me.ltrans2.ltrans.o
 .comment       0x00000000       0x71 C:\Users\nameless\AppData\Local\Temp\ccNZd4me.ltrans3.ltrans.o
 .comment       0x00000000       0x71 C:\Users\nameless\AppData\Local\Temp\ccNZd4me.ltrans4.ltrans.o
 .comment       0x00000000       0x71 C:\Users\nameless\AppData\Local\Temp\ccNZd4me.ltrans5.ltrans.o
 .comment       0x00000000       0x71 C:\Users\nameless\AppData\Local\Temp\ccNZd4me.ltrans6.ltrans.o

.debug_info     0x00000000    0x14b82
 .debug_info    0x00000000     0x48af C:\Users\nameless\AppData\Local\Temp\ccNZd4me.ltrans0.ltrans.o
 .debug_info    0x000048af     0x291f C:\Users\nameless\AppData\Local\Temp\ccNZd4me.ltrans1.ltrans.o
 .debug_info    0x000071ce     0x2be3 C:\Users\nameless\AppData\Local\Temp\ccNZd4me.ltrans2.ltrans.o
 .debug_info    0x00009db1     0x28b3 C:\Users\nameless\AppData\Local\Temp\ccNZd4me.ltrans3.ltrans.o
 .debug_info    0x0000c664     0x31fa C:\Users\nameless\AppData\Local\Temp\ccNZd4me.ltrans4.ltrans.o
 .debug_info    0x0000f85e     0x367b C:\Users\nameless\AppData\Local\Temp\ccNZd4me.ltrans5.ltrans.o
 .debug_info    0x00012ed9     0x1ca9 C:\Users\nameless\AppData\Local\Temp\ccNZd4me.ltrans6.ltrans.o

.debug_abbrev   0x00000000     0x26f0
 .debug_abbrev  0x00000000      0x6ba C:\Users\nameless\AppData\Local\Temp\ccNZd4me.ltrans0.ltrans.o
 .debug_abbrev  0x000006ba      0x5fc C:\Users\nameless\AppData\Local\Temp\ccNZd4me.ltrans1.ltrans.o
 .debug_abbrev  0x00000cb6      0x5ae C:\Users\nameless\AppData\Local\Temp\ccNZd4me.ltrans2.ltrans.o
 .debug_abbrev  0x00001264      0x594 C:\Users\nameless\AppData\Local\Temp\ccNZd4me.ltrans3.ltrans.o
 .debug_abbrev  0x000017f8      0x507 C:\Users\nameless\AppData\Local\Temp\ccNZd4me.ltrans4.ltrans.o
 .debug_abbrev  0x00001cff      0x642 C:\Users\nameless\AppData\Local\Temp\ccNZd4me.ltrans5.ltrans.o
 .debug_abbrev  0x00002341      0x3af C:\Users\nameless\AppData\Local\Temp\ccNZd4me.ltrans6.ltrans.o

.debug_loc      0x00000000     0x5a04
 .debug_loc     0x00000000      0xefa C:\Users\nameless\AppData\Local\Temp\ccNZd4me.ltrans0.ltrans.o
 .debug_loc     0x00000efa     0x11a1 C:\Users\nameless\AppData\Local\Temp\ccNZd4me.ltrans1.ltrans.o
 .debug_loc     0x0000209b     0x12cc C:\Users\nameless\AppData\Local\Temp\ccNZd4me.ltrans2.ltrans.o
 .debug_loc     0x00003367      0xf96 C:\Users\nameless\AppData\Local\Temp\ccNZd4me.ltrans3.ltrans.o
 .debug_loc     0x000042fd      0x342 C:\Users\nameless\AppData\Local\Temp\ccNZd4me.ltrans4.ltrans.o
 .debug_loc     0x0000463f      0xdfe C:\Users\nameless\AppData\Local\Temp\ccNZd4me.ltrans5.ltrans.o
 .debug_loc     0x0000543d      0x5c7 C:\Users\nameless\AppData\Local\Temp\ccNZd4me.ltrans6.ltrans.o

.debug_aranges  0x00000000      0x4d0
 .debug_aranges
                0x00000000      0x100 C:\Users\nameless\AppData\Local\Temp\ccNZd4me.ltrans0.ltrans.o
 .debug_aranges
                0x00000100       0x60 C:\Users\nameless\AppData\Local\Temp\ccNZd4me.ltrans1.ltrans.o
 .debug_aranges
                0x00000160      0x130 C:\Users\nameless\AppData\Local\Temp\ccNZd4me.ltrans2.ltrans.o
 .debug_aranges
                0x00000290      0x140 C:\Users\nameless\AppData\Local\Temp\ccNZd4me.ltrans3.ltrans.o
 .debug_aranges
                0x000003d0       0x40 C:\Users\nameless\AppData\Local\Temp\ccNZd4me.ltrans4.ltrans.o
 .debug_aranges
                0x00000410       0xa0 C:\Users\nameless\AppData\Local\Temp\ccNZd4me.ltrans5.ltrans.o
 .debug_aranges
                0x000004b0       0x20 C:\Users\nameless\AppData\Local\Temp\ccNZd4me.ltrans6.ltrans.o

.debug_ranges   0x00000000     0x22e8
 .debug_ranges  0x00000000      0x3d0 C:\Users\nameless\AppData\Local\Temp\ccNZd4me.ltrans0.ltrans.o
 .debug_ranges  0x000003d0      0x488 C:\Users\nameless\AppData\Local\Temp\ccNZd4me.ltrans1.ltrans.o
 .debug_ranges  0x00000858      0x3e8 C:\Users\nameless\AppData\Local\Temp\ccNZd4me.ltrans2.ltrans.o
 .debug_ranges  0x00000c40      0x618 C:\Users\nameless\AppData\Local\Temp\ccNZd4me.ltrans3.ltrans.o
 .debug_ranges  0x00001258      0xb88 C:\Users\nameless\AppData\Local\Temp\ccNZd4me.ltrans4.ltrans.o
 .debug_ranges  0x00001de0      0x310 C:\Users\nameless\AppData\Local\Temp\ccNZd4me.ltrans5.ltrans.o
 .debug_ranges  0x000020f0      0x1f8 C:\Users\nameless\AppData\Local\Temp\ccNZd4me.ltrans6.ltrans.o

.debug_line     0x00000000     0x51c3
 .debug_line    0x00000000      0xdc8 C:\Users\nameless\AppData\Local\Temp\ccNZd4me.ltrans0.ltrans.o
 .debug_line    0x00000dc8      0xbd9 C:\Users\nameless\AppData\Local\Temp\ccNZd4me.ltrans1.ltrans.o
 .debug_line    0x000019a1      0xbf9 C:\Users\nameless\AppData\Local\Temp\ccNZd4me.ltrans2.ltrans.o
 .debug_line    0x0000259a      0xc66 C:\Users\nameless\AppData\Local\Temp\ccNZd4me.ltrans3.ltrans.o
 .debug_line    0x00003200      0xd7e C:\Users\nameless\AppData\Local\Temp\ccNZd4me.ltrans4.ltrans.o
 .debug_line    0x00003f7e      0xc43 C:\Users\nameless\AppData\Local\Temp\ccNZd4me.ltrans5.ltrans.o
 .debug_line    0x00004bc1      0x602 C:\Users\nameless\AppData\Local\Temp\ccNZd4me.ltrans6.ltrans.o

.debug_str      0x00000000     0x32db
 .debug_str     0x00000000     0x1714 C:\Users\nameless\AppData\Local\Temp\ccNZd4me.ltrans0.ltrans.o
                               0x1847 (size before relaxing)
 .debug_str     0x00001714      0x667 C:\Users\nameless\AppData\Local\Temp\ccNZd4me.ltrans1.ltrans.o
                                0xffc (size before relaxing)
 .debug_str     0x00001d7b      0x2d6 C:\Users\nameless\AppData\Local\Temp\ccNZd4me.ltrans2.ltrans.o
                                0xbc0 (size before relaxing)
 .debug_str     0x00002051      0x358 C:\Users\nameless\AppData\Local\Temp\ccNZd4me.ltrans3.ltrans.o
                                0xb5d (size before relaxing)
 .debug_str     0x000023a9      0x7dd C:\Users\nameless\AppData\Local\Temp\ccNZd4me.ltrans4.ltrans.o
                               0x152f (size before relaxing)
 .debug_str     0x00002b86      0x5ec C:\Users\nameless\AppData\Local\Temp\ccNZd4me.ltrans5.ltrans.o
                               0x139b (size before relaxing)
 .debug_str     0x00003172      0x169 C:\Users\nameless\AppData\Local\Temp\ccNZd4me.ltrans6.ltrans.o
                                0x94a (size before relaxing)

.debug_frame    0x00000000      0xfe8
 .debug_frame   0x00000000      0x388 C:\Users\nameless\AppData\Local\Temp\ccNZd4me.ltrans0.ltrans.o
 .debug_frame   0x00000388      0x11c C:\Users\nameless\AppData\Local\Temp\ccNZd4me.ltrans1.ltrans.o
 .debug_frame   0x000004a4      0x3a4 C:\Users\nameless\AppData\Local\Temp\ccNZd4me.ltrans2.ltrans.o
 .debug_frame   0x00000848      0x370 C:\Users\nameless\AppData\Local\Temp\ccNZd4me.ltrans3.ltrans.o
 .debug_frame   0x00000bb8       0xb4 C:\Users\nameless\AppData\Local\Temp\ccNZd4me.ltrans4.ltrans.o
 .debug_frame   0x00000c6c      0x23c C:\Users\nameless\AppData\Local\Temp\ccNZd4me.ltrans5.ltrans.o
 .debug_frame   0x00000ea8       0x2c C:\Users\nameless\AppData\Local\Temp\ccNZd4me.ltrans6.ltrans.o
 .debug_frame   0x00000ed4       0x20 d:/chibistudio/tools/gnu tools arm embedded/4.9 2015q3/bin/../lib/gcc/arm-none-eabi/4.9.3/../../../../arm-none-eabi/lib/armv7e-m/fpu\libg.a(lib_a-abs.o)
 .debug_frame   0x00000ef4       0x34 d:/chibistudio/tools/gnu tools arm embedded/4.9 2015q3/bin/../lib/gcc/arm-none-eabi/4.9.3/../../../../arm-none-eabi/lib/armv7e-m/fpu\libg.a(lib_a-memset.o)
 .debug_frame   0x00000f28       0x34 d:/chibistudio/tools/gnu tools arm embedded/4.9 2015q3/bin/../lib/gcc/arm-none-eabi/4.9.3/../../../../arm-none-eabi/lib/armv7e-m/fpu\libg.a(lib_a-strpbrk.o)
 .debug_frame   0x00000f5c       0x34 d:/chibistudio/tools/gnu tools arm embedded/4.9 2015q3/bin/../lib/gcc/arm-none-eabi/4.9.3/../../../../arm-none-eabi/lib/armv7e-m/fpu\libg.a(lib_a-strspn.o)
 .debug_frame   0x00000f90       0x38 d:/chibistudio/tools/gnu tools arm embedded/4.9 2015q3/bin/../lib/gcc/arm-none-eabi/4.9.3/../../../../arm-none-eabi/lib/armv7e-m/fpu\libm.a(lib_a-s_atan.o)
 .debug_frame   0x00000fc8       0x20 d:/chibistudio/tools/gnu tools arm embedded/4.9 2015q3/bin/../lib/gcc/arm-none-eabi/4.9.3/../../../../arm-none-eabi/lib/armv7e-m/fpu\libm.a(lib_a-s_fabs.o)

Cross Reference Table

Symbol                                            File
BusFault_Handler                                  C:\Users\nameless\AppData\Local\Temp\ccNZd4me.ltrans3.ltrans.o
                                                  build/obj/vectors.o (symbol from plugin)
                                                  C:\Users\nameless\AppData\Local\Temp\ccNZd4me.ltrans0.ltrans.o
DebugMon_Handler                                  C:\Users\nameless\AppData\Local\Temp\ccNZd4me.ltrans3.ltrans.o
                                                  build/obj/vectors.o (symbol from plugin)
                                                  C:\Users\nameless\AppData\Local\Temp\ccNZd4me.ltrans0.ltrans.o
GPTD1                                             C:\Users\nameless\AppData\Local\Temp\ccNZd4me.ltrans4.ltrans.o
                                                  build/obj/gpt_lld.o (symbol from plugin)
                                                  C:\Users\nameless\AppData\Local\Temp\ccNZd4me.ltrans2.ltrans.o
                                                  C:\Users\nameless\AppData\Local\Temp\ccNZd4me.ltrans0.ltrans.o
GPTD2                                             C:\Users\nameless\AppData\Local\Temp\ccNZd4me.ltrans5.ltrans.o
                                                  build/obj/gpt_lld.o (symbol from plugin)
                                                  C:\Users\nameless\AppData\Local\Temp\ccNZd4me.ltrans4.ltrans.o
                                                  C:\Users\nameless\AppData\Local\Temp\ccNZd4me.ltrans2.ltrans.o
                                                  C:\Users\nameless\AppData\Local\Temp\ccNZd4me.ltrans1.ltrans.o
                                                  C:\Users\nameless\AppData\Local\Temp\ccNZd4me.ltrans0.ltrans.o
                                                  build/obj/rc.o (symbol from plugin)
GPTD3                                             C:\Users\nameless\AppData\Local\Temp\ccNZd4me.ltrans5.ltrans.o
                                                  build/obj/gpt_lld.o (symbol from plugin)
                                                  C:\Users\nameless\AppData\Local\Temp\ccNZd4me.ltrans4.ltrans.o
                                                  C:\Users\nameless\AppData\Local\Temp\ccNZd4me.ltrans2.ltrans.o
                                                  C:\Users\nameless\AppData\Local\Temp\ccNZd4me.ltrans0.ltrans.o
                                                  build/obj/motor.o (symbol from plugin)
GPTD4                                             C:\Users\nameless\AppData\Local\Temp\ccNZd4me.ltrans5.ltrans.o
                                                  build/obj/gpt_lld.o (symbol from plugin)
                                                  C:\Users\nameless\AppData\Local\Temp\ccNZd4me.ltrans4.ltrans.o
                                                  C:\Users\nameless\AppData\Local\Temp\ccNZd4me.ltrans2.ltrans.o
                                                  C:\Users\nameless\AppData\Local\Temp\ccNZd4me.ltrans0.ltrans.o
                                                  build/obj/motor.o (symbol from plugin)
Hall_init                                         build/obj/hall.o (symbol from plugin)
                                                  build/obj/motor.o (symbol from plugin)
Hall_thread.lto_priv.84                           C:\Users\nameless\AppData\Local\Temp\ccNZd4me.ltrans5.ltrans.o
                                                  C:\Users\nameless\AppData\Local\Temp\ccNZd4me.ltrans4.ltrans.o
Hall_update                                       build/obj/hall.o (symbol from plugin)
                                                  build/obj/motor.o (symbol from plugin)
HardFault_Handler                                 C:\Users\nameless\AppData\Local\Temp\ccNZd4me.ltrans3.ltrans.o
                                                  build/obj/vectors.o (symbol from plugin)
                                                  C:\Users\nameless\AppData\Local\Temp\ccNZd4me.ltrans0.ltrans.o
I2CD1                                             C:\Users\nameless\AppData\Local\Temp\ccNZd4me.ltrans5.ltrans.o
                                                  build/obj/i2c_lld.o (symbol from plugin)
                                                  C:\Users\nameless\AppData\Local\Temp\ccNZd4me.ltrans4.ltrans.o
                                                  C:\Users\nameless\AppData\Local\Temp\ccNZd4me.ltrans1.ltrans.o
                                                  C:\Users\nameless\AppData\Local\Temp\ccNZd4me.ltrans0.ltrans.o
                                                  build/obj/mpu6050.o (symbol from plugin)
MPUFlash                                          build/obj/mpu6050.o (symbol from plugin)
MPU_thread.lto_priv.72                            C:\Users\nameless\AppData\Local\Temp\ccNZd4me.ltrans1.ltrans.o
                                                  C:\Users\nameless\AppData\Local\Temp\ccNZd4me.ltrans4.ltrans.o
MemManage_Handler                                 C:\Users\nameless\AppData\Local\Temp\ccNZd4me.ltrans3.ltrans.o
                                                  build/obj/vectors.o (symbol from plugin)
                                                  C:\Users\nameless\AppData\Local\Temp\ccNZd4me.ltrans0.ltrans.o
NMI_Handler                                       C:\Users\nameless\AppData\Local\Temp\ccNZd4me.ltrans3.ltrans.o
                                                  build/obj/vectors.o (symbol from plugin)
                                                  C:\Users\nameless\AppData\Local\Temp\ccNZd4me.ltrans0.ltrans.o
PWMD8                                             C:\Users\nameless\AppData\Local\Temp\ccNZd4me.ltrans5.ltrans.o
                                                  build/obj/pwm_lld.o (symbol from plugin)
                                                  C:\Users\nameless\AppData\Local\Temp\ccNZd4me.ltrans4.ltrans.o
                                                  C:\Users\nameless\AppData\Local\Temp\ccNZd4me.ltrans1.ltrans.o
                                                  C:\Users\nameless\AppData\Local\Temp\ccNZd4me.ltrans0.ltrans.o
                                                  build/obj/motor.o (symbol from plugin)
                                                  build/obj/main.o (symbol from plugin)
PWMD9                                             C:\Users\nameless\AppData\Local\Temp\ccNZd4me.ltrans4.ltrans.o
                                                  build/obj/pwm_lld.o (symbol from plugin)
                                                  C:\Users\nameless\AppData\Local\Temp\ccNZd4me.ltrans0.ltrans.o
PendSV_Handler                                    C:\Users\nameless\AppData\Local\Temp\ccNZd4me.ltrans3.ltrans.o
                                                  build/obj/vectors.o (symbol from plugin)
                                                  C:\Users\nameless\AppData\Local\Temp\ccNZd4me.ltrans0.ltrans.o
RC_thread.lto_priv.100                            C:\Users\nameless\AppData\Local\Temp\ccNZd4me.ltrans5.ltrans.o
                                                  C:\Users\nameless\AppData\Local\Temp\ccNZd4me.ltrans1.ltrans.o
Reset_Handler                                     build/obj/crt0_v7m.o
                                                  C:\Users\nameless\AppData\Local\Temp\ccNZd4me.ltrans0.ltrans.o
                                                  build/obj/vectors.o (symbol from plugin)
SD4                                               C:\Users\nameless\AppData\Local\Temp\ccNZd4me.ltrans4.ltrans.o
                                                  build/obj/serial_lld.o (symbol from plugin)
                                                  C:\Users\nameless\AppData\Local\Temp\ccNZd4me.ltrans0.ltrans.o
                                                  build/obj/shellcfg.o (symbol from plugin)
SPID2                                             C:\Users\nameless\AppData\Local\Temp\ccNZd4me.ltrans5.ltrans.o
                                                  build/obj/spi_lld.o (symbol from plugin)
                                                  C:\Users\nameless\AppData\Local\Temp\ccNZd4me.ltrans6.ltrans.o
                                                  C:\Users\nameless\AppData\Local\Temp\ccNZd4me.ltrans4.ltrans.o
                                                  build/obj/tft_display.o (symbol from plugin)
SVC_Handler                                       C:\Users\nameless\AppData\Local\Temp\ccNZd4me.ltrans2.ltrans.o
                                                  build/obj/chcore_v7m.o (symbol from plugin)
                                                  build/obj/vectors.o (symbol from plugin)
                                                  C:\Users\nameless\AppData\Local\Temp\ccNZd4me.ltrans0.ltrans.o
SysTick_Handler                                   C:\Users\nameless\AppData\Local\Temp\ccNZd4me.ltrans3.ltrans.o
                                                  build/obj/vectors.o (symbol from plugin)
                                                  C:\Users\nameless\AppData\Local\Temp\ccNZd4me.ltrans0.ltrans.o
SystemCoreClock                                   build/obj/hal_lld.o (symbol from plugin)
TFT_thread.lto_priv.73                            C:\Users\nameless\AppData\Local\Temp\ccNZd4me.ltrans6.ltrans.o
                                                  C:\Users\nameless\AppData\Local\Temp\ccNZd4me.ltrans4.ltrans.o
Test_thread.lto_priv.71                           C:\Users\nameless\AppData\Local\Temp\ccNZd4me.ltrans1.ltrans.o
                                                  C:\Users\nameless\AppData\Local\Temp\ccNZd4me.ltrans4.ltrans.o
UsageFault_Handler                                C:\Users\nameless\AppData\Local\Temp\ccNZd4me.ltrans3.ltrans.o
                                                  build/obj/vectors.o (symbol from plugin)
                                                  C:\Users\nameless\AppData\Local\Temp\ccNZd4me.ltrans0.ltrans.o
Vector100                                         C:\Users\nameless\AppData\Local\Temp\ccNZd4me.ltrans3.ltrans.o
                                                  build/obj/vectors.o (symbol from plugin)
                                                  C:\Users\nameless\AppData\Local\Temp\ccNZd4me.ltrans0.ltrans.o
Vector104                                         C:\Users\nameless\AppData\Local\Temp\ccNZd4me.ltrans3.ltrans.o
                                                  build/obj/vectors.o (symbol from plugin)
                                                  C:\Users\nameless\AppData\Local\Temp\ccNZd4me.ltrans0.ltrans.o
Vector108                                         build/obj/st_lld.o (symbol from plugin)
                                                  build/obj/vectors.o (symbol from plugin)
Vector10C                                         C:\Users\nameless\AppData\Local\Temp\ccNZd4me.ltrans3.ltrans.o
                                                  build/obj/vectors.o (symbol from plugin)
                                                  C:\Users\nameless\AppData\Local\Temp\ccNZd4me.ltrans0.ltrans.o
Vector110                                         build/obj/serial_lld.o (symbol from plugin)
                                                  build/obj/vectors.o (symbol from plugin)
Vector114                                         C:\Users\nameless\AppData\Local\Temp\ccNZd4me.ltrans3.ltrans.o
                                                  build/obj/vectors.o (symbol from plugin)
                                                  C:\Users\nameless\AppData\Local\Temp\ccNZd4me.ltrans0.ltrans.o
Vector118                                         C:\Users\nameless\AppData\Local\Temp\ccNZd4me.ltrans3.ltrans.o
                                                  build/obj/vectors.o (symbol from plugin)
                                                  C:\Users\nameless\AppData\Local\Temp\ccNZd4me.ltrans0.ltrans.o
Vector11C                                         C:\Users\nameless\AppData\Local\Temp\ccNZd4me.ltrans3.ltrans.o
                                                  build/obj/vectors.o (symbol from plugin)
                                                  C:\Users\nameless\AppData\Local\Temp\ccNZd4me.ltrans0.ltrans.o
Vector120                                         C:\Users\nameless\AppData\Local\Temp\ccNZd4me.ltrans2.ltrans.o
                                                  build/obj/stm32_dma.o (symbol from plugin)
                                                  build/obj/vectors.o (symbol from plugin)