Archive member included because of file (symbol)

d:/chibistudio/tools/gnu tools arm embedded/4.9 2015q3/bin/../lib/gcc/arm-none-eabi/4.9.3/../../../../arm-none-eabi/lib/armv7e-m/fpu\libg.a(lib_a-memcpy.o)
                              C:\Users\nameless\AppData\Local\Temp\ccxFa1Oa.ltrans3.ltrans.o (memcpy)
d:/chibistudio/tools/gnu tools arm embedded/4.9 2015q3/bin/../lib/gcc/arm-none-eabi/4.9.3/../../../../arm-none-eabi/lib/armv7e-m/fpu\libg.a(lib_a-memset.o)
                              C:\Users\nameless\AppData\Local\Temp\ccxFa1Oa.ltrans3.ltrans.o (memset)
d:/chibistudio/tools/gnu tools arm embedded/4.9 2015q3/bin/../lib/gcc/arm-none-eabi/4.9.3/../../../../arm-none-eabi/lib/armv7e-m/fpu\libg.a(lib_a-strcmp.o)
                              C:\Users\nameless\AppData\Local\Temp\ccxFa1Oa.ltrans3.ltrans.o (strcmp)
d:/chibistudio/tools/gnu tools arm embedded/4.9 2015q3/bin/../lib/gcc/arm-none-eabi/4.9.3/../../../../arm-none-eabi/lib/armv7e-m/fpu\libg.a(lib_a-strpbrk.o)
                              C:\Users\nameless\AppData\Local\Temp\ccxFa1Oa.ltrans5.ltrans.o (strpbrk)
d:/chibistudio/tools/gnu tools arm embedded/4.9 2015q3/bin/../lib/gcc/arm-none-eabi/4.9.3/../../../../arm-none-eabi/lib/armv7e-m/fpu\libg.a(lib_a-strspn.o)
                              C:\Users\nameless\AppData\Local\Temp\ccxFa1Oa.ltrans5.ltrans.o (strspn)

Discarded input sections

 .data          0x00000000        0x0 build/obj/crt0_v7m.o
 .bss           0x00000000        0x0 build/obj/crt0_v7m.o
 .data          0x00000000        0x0 build/obj/chcoreasm_v7m.o
 .bss           0x00000000        0x0 build/obj/chcoreasm_v7m.o
 .text          0x00000000        0x0 build/obj/crt1.o (symbol from plugin)
 .text          0x00000000        0x0 C:\Users\nameless\AppData\Local\Temp\ccxFa1Oa.ltrans0.ltrans.o
 .data          0x00000000        0x0 C:\Users\nameless\AppData\Local\Temp\ccxFa1Oa.ltrans0.ltrans.o
 .bss           0x00000000        0x0 C:\Users\nameless\AppData\Local\Temp\ccxFa1Oa.ltrans0.ltrans.o
 .text          0x00000000        0x0 C:\Users\nameless\AppData\Local\Temp\ccxFa1Oa.ltrans1.ltrans.o
 .data          0x00000000        0x0 C:\Users\nameless\AppData\Local\Temp\ccxFa1Oa.ltrans1.ltrans.o
 .bss           0x00000000        0x0 C:\Users\nameless\AppData\Local\Temp\ccxFa1Oa.ltrans1.ltrans.o
 .text          0x00000000        0x0 C:\Users\nameless\AppData\Local\Temp\ccxFa1Oa.ltrans2.ltrans.o
 .data          0x00000000        0x0 C:\Users\nameless\AppData\Local\Temp\ccxFa1Oa.ltrans2.ltrans.o
 .bss           0x00000000        0x0 C:\Users\nameless\AppData\Local\Temp\ccxFa1Oa.ltrans2.ltrans.o
 .text          0x00000000        0x0 C:\Users\nameless\AppData\Local\Temp\ccxFa1Oa.ltrans3.ltrans.o
 .data          0x00000000        0x0 C:\Users\nameless\AppData\Local\Temp\ccxFa1Oa.ltrans3.ltrans.o
 .bss           0x00000000        0x0 C:\Users\nameless\AppData\Local\Temp\ccxFa1Oa.ltrans3.ltrans.o
 .text._isatty_r
                0x00000000        0x4 C:\Users\nameless\AppData\Local\Temp\ccxFa1Oa.ltrans3.ltrans.o
 .text._fstat_r
                0x00000000       0x18 C:\Users\nameless\AppData\Local\Temp\ccxFa1Oa.ltrans3.ltrans.o
 .text._sbrk_r  0x00000000       0x30 C:\Users\nameless\AppData\Local\Temp\ccxFa1Oa.ltrans3.ltrans.o
 .text._close_r
                0x00000000        0x4 C:\Users\nameless\AppData\Local\Temp\ccxFa1Oa.ltrans3.ltrans.o
 .text._write_r
                0x00000000        0x4 C:\Users\nameless\AppData\Local\Temp\ccxFa1Oa.ltrans3.ltrans.o
 .text._lseek_r
                0x00000000        0x4 C:\Users\nameless\AppData\Local\Temp\ccxFa1Oa.ltrans3.ltrans.o
 .text._read_r  0x00000000        0xc C:\Users\nameless\AppData\Local\Temp\ccxFa1Oa.ltrans3.ltrans.o
 .rodata.__func__.7609
                0x00000000        0x8 C:\Users\nameless\AppData\Local\Temp\ccxFa1Oa.ltrans3.ltrans.o
 .text          0x00000000        0x0 C:\Users\nameless\AppData\Local\Temp\ccxFa1Oa.ltrans4.ltrans.o
 .data          0x00000000        0x0 C:\Users\nameless\AppData\Local\Temp\ccxFa1Oa.ltrans4.ltrans.o
 .bss           0x00000000        0x0 C:\Users\nameless\AppData\Local\Temp\ccxFa1Oa.ltrans4.ltrans.o
 .text          0x00000000        0x0 C:\Users\nameless\AppData\Local\Temp\ccxFa1Oa.ltrans5.ltrans.o
 .data          0x00000000        0x0 C:\Users\nameless\AppData\Local\Temp\ccxFa1Oa.ltrans5.ltrans.o
 .bss           0x00000000        0x0 C:\Users\nameless\AppData\Local\Temp\ccxFa1Oa.ltrans5.ltrans.o
 .rodata.__func__.7572.lto_priv.94
                0x00000000        0xe C:\Users\nameless\AppData\Local\Temp\ccxFa1Oa.ltrans5.ltrans.o
 .rodata.__func__.7576.lto_priv.95
                0x00000000        0xe C:\Users\nameless\AppData\Local\Temp\ccxFa1Oa.ltrans5.ltrans.o
 .data          0x00000000        0x0 d:/chibistudio/tools/gnu tools arm embedded/4.9 2015q3/bin/../lib/gcc/arm-none-eabi/4.9.3/../../../../arm-none-eabi/lib/armv7e-m/fpu\libg.a(lib_a-memcpy.o)
[...]
Memory Configuration

Name             Origin             Length             Attributes
flash            0x08000000         0x00100000
ram0             0x20000000         0x00020000
ram1             0x20000000         0x0001c000
ram2             0x2001c000         0x00004000
ram3             0x00000000         0x00000000
ram4             0x10000000         0x00010000
ram5             0x40024000         0x00001000
ram6             0x00000000         0x00000000
ram7             0x00000000         0x00000000
*default*        0x00000000         0xffffffff

Linker script and memory map

LOAD build/obj/crt0_v7m.o
LOAD build/obj/chcoreasm_v7m.o
LOAD build/obj/crt1.o
LOAD C:\Users\nameless\AppData\Local\Temp\ccxFa1Oa.ltrans0.ltrans.o
LOAD C:\Users\nameless\AppData\Local\Temp\ccxFa1Oa.ltrans1.ltrans.o
LOAD C:\Users\nameless\AppData\Local\Temp\ccxFa1Oa.ltrans2.ltrans.o
LOAD C:\Users\nameless\AppData\Local\Temp\ccxFa1Oa.ltrans3.ltrans.o
LOAD C:\Users\nameless\AppData\Local\Temp\ccxFa1Oa.ltrans4.ltrans.o
LOAD C:\Users\nameless\AppData\Local\Temp\ccxFa1Oa.ltrans5.ltrans.o
LOAD d:/chibistudio/tools/gnu tools arm embedded/4.9 2015q3/bin/../lib/gcc/arm-none-eabi/4.9.3/armv7e-m/fpu\libgcc.a
LOAD d:/chibistudio/tools/gnu tools arm embedded/4.9 2015q3/bin/../lib/gcc/arm-none-eabi/4.9.3/../../../../arm-none-eabi/lib/armv7e-m/fpu\libg.a
LOAD d:/chibistudio/tools/gnu tools arm embedded/4.9 2015q3/bin/../lib/gcc/arm-none-eabi/4.9.3/../../../../arm-none-eabi/lib/armv7e-m/fpu\libc.a
LOAD build/obj/vectors.o
LOAD build/obj/chsys.o
LOAD build/obj/chdebug.o
LOAD build/obj/chvt.o
LOAD build/obj/chschd.o
LOAD build/obj/chthreads.o
LOAD build/obj/chtm.o
LOAD build/obj/chstats.o
LOAD build/obj/chdynamic.o
LOAD build/obj/chregistry.o
LOAD build/obj/chsem.o
LOAD build/obj/chmtx.o
LOAD build/obj/chcond.o
LOAD build/obj/chevents.o
LOAD build/obj/chmsg.o
LOAD build/obj/chmboxes.o
LOAD build/obj/chqueues.o
LOAD build/obj/chmemcore.o
LOAD build/obj/chheap.o
LOAD build/obj/chmempools.o
LOAD build/obj/chcore.o
LOAD build/obj/chcore_v7m.o
LOAD build/obj/osal.o
LOAD build/obj/hal.o
LOAD build/obj/st.o
LOAD build/obj/hal_buffers.o
LOAD build/obj/hal_queues.o
LOAD build/obj/hal_mmcsd.o
LOAD build/obj/gpt.o
LOAD build/obj/i2c.o
LOAD build/obj/pal.o
LOAD build/obj/pwm.o
LOAD build/obj/serial.o
LOAD build/obj/spi.o
LOAD build/obj/nvic.o
LOAD build/obj/hal_lld.o
LOAD build/obj/stm32_dma.o
LOAD build/obj/st_lld.o
LOAD build/obj/pal_lld.o
LOAD build/obj/i2c_lld.o
LOAD build/obj/spi_lld.o
LOAD build/obj/gpt_lld.o
LOAD build/obj/pwm_lld.o
LOAD build/obj/serial_lld.o
LOAD build/obj/board.o
LOAD build/obj/shell.o
LOAD build/obj/evtimer.o
LOAD build/obj/syscalls.o
LOAD build/obj/memstreams.o
LOAD build/obj/chprintf.o
LOAD build/obj/main.o
LOAD build/obj/shellcfg.o
LOAD build/obj/tft_display.o
LOAD build/obj/hall.o
LOAD build/obj/motor.o
LOAD build/obj/rc.o
LOAD build/obj/flash.o
LOAD build/obj/mpu6050.o
LOAD build/obj/inv_mpu.o
LOAD build/obj/inv_mpu_dmp_motion_driver.o
                0x20000000                __ram0_start__ = ORIGIN (ram0)
                0x00020000                __ram0_size__ = 0x20000
                0x20020000                __ram0_end__ = (__ram0_start__ + __ram0_size__)
                0x20000000                __ram1_start__ = ORIGIN (ram1)
                0x0001c000                __ram1_size__ = 0x1c000
                0x2001c000                __ram1_end__ = (__ram1_start__ + __ram1_size__)
                0x2001c000                __ram2_start__ = ORIGIN (ram2)
                0x00004000                __ram2_size__ = 0x4000
                0x20020000                __ram2_end__ = (__ram2_start__ + __ram2_size__)
                0x00000000                __ram3_start__ = ORIGIN (ram3)
                0x00000000                __ram3_size__ = 0x0
                0x00000000                __ram3_end__ = (__ram3_start__ + __ram3_size__)
                0x10000000                __ram4_start__ = ORIGIN (ram4)
                0x00010000                __ram4_size__ = 0x10000
                0x10010000                __ram4_end__ = (__ram4_start__ + __ram4_size__)
                0x40024000                __ram5_start__ = ORIGIN (ram5)
                0x00001000                __ram5_size__ = 0x1000
                0x40025000                __ram5_end__ = (__ram5_start__ + __ram5_size__)
                0x00000000                __ram6_start__ = ORIGIN (ram6)
                0x00000000                __ram6_size__ = 0x0
                0x00000000                __ram6_end__ = (__ram6_start__ + __ram6_size__)
                0x00000000                __ram7_start__ = ORIGIN (ram7)
                0x00000000                __ram7_size__ = 0x0
                0x00000000                __ram7_end__ = (__ram7_start__ + __ram7_size__)
                0x00000000                . = 0x0
                0x00000000                _text = .

startup         0x08000000      0x1c0
 *(.vectors)
 .vectors       0x08000000      0x1c0 C:\Users\nameless\AppData\Local\Temp\ccxFa1Oa.ltrans3.ltrans.o
                0x08000000                _vectors

constructors    0x080001c0        0x0
                0x080001c0                __init_array_start = .
 *(SORT(.init_array.*))
 *(.init_array)
                0x080001c0                __init_array_end = .

destructors     0x080001c0        0x0
                0x080001c0                __fini_array_start = .
 *(.fini_array)
 *(SORT(.fini_array.*))
                0x080001c0                __fini_array_end = .

.text           0x080001c0     0x6c50
 *(.text)
 .text          0x080001c0      0x10c build/obj/crt0_v7m.o
                0x080001c0                Reset_Handler
 *fill*         0x080002cc        0x4 
 .text          0x080002d0       0x48 build/obj/chcoreasm_v7m.o
                0x080002d0                _port_switch
                0x080002e8                _port_thread_start
                0x08000300                _port_switch_from_isr
                0x08000314                _port_exit_from_isr
 *fill*         0x08000318        0x8 
 .text          0x08000320      0x134 d:/chibistudio/tools/gnu tools arm embedded/4.9 2015q3/bin/../lib/gcc/arm-none-eabi/4.9.3/../../../../arm-none-eabi/lib/armv7e-m/fpu\libg.a(lib_a-memcpy.o)
                0x08000320                memcpy
 *fill*         0x08000454        0xc 
 .text          0x08000460      0x2dc d:/chibistudio/tools/gnu tools arm embedded/4.9 2015q3/bin/../lib/gcc/arm-none-eabi/4.9.3/../../../../arm-none-eabi/lib/armv7e-m/fpu\libg.a(lib_a-strcmp.o)
                0x08000468                strcmp
 *(.text.*)
 *fill*         0x0800073c        0x4 
 .text.chTMChainMeasurementToX
                0x08000740       0x3c C:\Users\nameless\AppData\Local\Temp\ccxFa1Oa.ltrans0.ltrans.o
 *fill*         0x0800077c        0x4 
 .text._dbg_trace
                0x08000780       0x38 C:\Users\nameless\AppData\Local\Temp\ccxFa1Oa.ltrans0.ltrans.o
 *fill*         0x080007b8        0x8 
 .text._idle_thread.lto_priv.79
                0x080007c0        0x4 C:\Users\nameless\AppData\Local\Temp\ccxFa1Oa.ltrans0.ltrans.o
                0x080007c0                _idle_thread.lto_priv.79
 *fill*         0x080007c4        0xc 
 .text._stats_increase_irq
                0x080007d0       0x20 C:\Users\nameless\AppData\Local\Temp\ccxFa1Oa.ltrans0.ltrans.o
                0x080007d0                _stats_increase_irq
 .text.chTMStopMeasurementX
                0x080007f0       0x48 C:\Users\nameless\AppData\Local\Temp\ccxFa1Oa.ltrans0.ltrans.o
                0x080007f0                chTMStopMeasurementX
 *fill*         0x08000838        0x8 
 .text._stats_stop_measure_crit_isr
                0x08000840        0xc C:\Users\nameless\AppData\Local\Temp\ccxFa1Oa.ltrans0.ltrans.o
                0x08000840                _stats_stop_measure_crit_isr
 *fill*         0x0800084c        0x4 
 .text._stats_stop_measure_crit_thd
                0x08000850        0xc C:\Users\nameless\AppData\Local\Temp\ccxFa1Oa.ltrans0.ltrans.o
                0x08000850                _stats_stop_measure_crit_thd
 *fill*         0x0800085c        0x4 
 .text.chTMStartMeasurementX
                0x08000860        0xc C:\Users\nameless\AppData\Local\Temp\ccxFa1Oa.ltrans0.ltrans.o
                0x08000860                chTMStartMeasurementX
 *fill*         0x0800086c        0x4 
 .text._stats_start_measure_crit_isr
                0x08000870        0xc C:\Users\nameless\AppData\Local\Temp\ccxFa1Oa.ltrans0.ltrans.o
                0x08000870                _stats_start_measure_crit_isr
 *fill*         0x0800087c        0x4 
 .text._stats_start_measure_crit_thd
                0x08000880        0xc C:\Users\nameless\AppData\Local\Temp\ccxFa1Oa.ltrans0.ltrans.o
                0x08000880                _stats_start_measure_crit_thd
 *fill*         0x0800088c        0x4 
 .text.chSchDoRescheduleAhead
                0x08000890       0x78 C:\Users\nameless\AppData\Local\Temp\ccxFa1Oa.ltrans0.ltrans.o
                0x08000890                chSchDoRescheduleAhead
 *fill*         0x08000908        0x8 
 .text.chSchDoReschedule
                0x08000910        0x4 C:\Users\nameless\AppData\Local\Temp\ccxFa1Oa.ltrans0.ltrans.o
                0x08000910                chSchDoReschedule
 *fill*         0x08000914        0xc 
 .text.chDbgCheckClassS
                0x08000920       0x20 C:\Users\nameless\AppData\Local\Temp\ccxFa1Oa.ltrans0.ltrans.o
                0x08000920                chDbgCheckClassS
 .text.chSchGoSleepS
                0x08000940       0x64 C:\Users\nameless\AppData\Local\Temp\ccxFa1Oa.ltrans0.ltrans.o
                0x08000940                chSchGoSleepS
 *fill*         0x080009a4        0xc 
 .text.chDbgCheckClassI
                0x080009b0       0x20 C:\Users\nameless\AppData\Local\Temp\ccxFa1Oa.ltrans0.ltrans.o
                0x080009b0                chDbgCheckClassI
 .text.chSchGoSleepTimeoutS
                0x080009d0      0x16c C:\Users\nameless\AppData\Local\Temp\ccxFa1Oa.ltrans0.ltrans.o
                0x080009d0                chSchGoSleepTimeoutS
 *fill*         0x08000b3c        0x4 
 .text.chThdEnqueueTimeoutS
                0x08000b40       0x28 C:\Users\nameless\AppData\Local\Temp\ccxFa1Oa.ltrans0.ltrans.o
                0x08000b40                chThdEnqueueTimeoutS
 *fill*         0x08000b68        0x8 
 .text.chSchReadyI
                0x08000b70       0x50 C:\Users\nameless\AppData\Local\Temp\ccxFa1Oa.ltrans0.ltrans.o
                0x08000b70                chSchReadyI
 .text.chEvtBroadcastFlagsI
                0x08000bc0       0x9c C:\Users\nameless\AppData\Local\Temp\ccxFa1Oa.ltrans0.ltrans.o
                0x08000bc0                chEvtBroadcastFlagsI
 *fill*         0x08000c5c        0x4 
 .text.chThdResumeI
                0x08000c60       0x2c C:\Users\nameless\AppData\Local\Temp\ccxFa1Oa.ltrans0.ltrans.o
                0x08000c60                chThdResumeI
 *fill*         0x08000c8c        0x4 
 .text.chThdExitS
                0x08000c90       0x4c C:\Users\nameless\AppData\Local\Temp\ccxFa1Oa.ltrans0.ltrans.o
                0x08000c90                chThdExitS
 *fill*         0x08000cdc        0x4 
 .text._dbg_check_leave_isr
                0x08000ce0       0x2c C:\Users\nameless\AppData\Local\Temp\ccxFa1Oa.ltrans0.ltrans.o
                0x08000ce0                _dbg_check_leave_isr
 *fill*         0x08000d0c        0x4 
 .text._dbg_check_enter_isr
                0x08000d10       0x2c C:\Users\nameless\AppData\Local\Temp\ccxFa1Oa.ltrans0.ltrans.o
                0x08000d10                _dbg_check_enter_isr
 *fill*         0x08000d3c        0x4 
 .text._dbg_check_unlock_from_isr
                0x08000d40       0x24 C:\Users\nameless\AppData\Local\Temp\ccxFa1Oa.ltrans0.ltrans.o
                0x08000d40                _dbg_check_unlock_from_isr
 *fill*         0x08000d64        0xc 
 .text._dbg_check_lock_from_isr
                0x08000d70       0x24 C:\Users\nameless\AppData\Local\Temp\ccxFa1Oa.ltrans0.ltrans.o
                0x08000d70                _dbg_check_lock_from_isr
 *fill*         0x08000d94        0xc 
 .text.wakeup   0x08000da0       0x6c C:\Users\nameless\AppData\Local\Temp\ccxFa1Oa.ltrans0.ltrans.o
 *fill*         0x08000e0c        0x4 
 .text._dbg_check_unlock
                0x08000e10       0x20 C:\Users\nameless\AppData\Local\Temp\ccxFa1Oa.ltrans0.ltrans.o
                0x08000e10                _dbg_check_unlock
 .text._dbg_check_lock
                0x08000e30       0x20 C:\Users\nameless\AppData\Local\Temp\ccxFa1Oa.ltrans0.ltrans.o
                0x08000e30                _dbg_check_lock
 .text.chOQPutTimeout
                0x08000e50       0xb0 C:\Users\nameless\AppData\Local\Temp\ccxFa1Oa.ltrans0.ltrans.o
                0x08000e50                chOQPutTimeout
 .text.chIQReadTimeout
                0x08000f00      0x108 C:\Users\nameless\AppData\Local\Temp\ccxFa1Oa.ltrans0.ltrans.o
                0x08000f00                chIQReadTimeout
 *fill*         0x08001008        0x8 
 .text.chIQGetTimeout
                0x08001010       0xa4 C:\Users\nameless\AppData\Local\Temp\ccxFa1Oa.ltrans0.ltrans.o
                0x08001010                chIQGetTimeout
 *fill*         0x080010b4        0xc 
 .text.chMtxLock
                0x080010c0      0x134 C:\Users\nameless\AppData\Local\Temp\ccxFa1Oa.ltrans0.ltrans.o
                0x080010c0                chMtxLock
 *fill*         0x080011f4        0xc 
 .text.chThdExit
                0x08001200       0x18 C:\Users\nameless\AppData\Local\Temp\ccxFa1Oa.ltrans0.ltrans.o
                0x08001200                chThdExit
 *fill*         0x08001218        0x8 
 .text.chThdSleep
                0x08001220       0x5c C:\Users\nameless\AppData\Local\Temp\ccxFa1Oa.ltrans0.ltrans.o
                0x08001220                chThdSleep
 *fill*         0x0800127c        0x4 
 .text.chThdCreateStatic
                0x08001280      0x198 C:\Users\nameless\AppData\Local\Temp\ccxFa1Oa.ltrans0.ltrans.o
                0x08001280                chThdCreateStatic
 *fill*         0x08001418        0x8 
 .text._unhandled_exception
                0x08001420        0x4 C:\Users\nameless\AppData\Local\Temp\ccxFa1Oa.ltrans0.ltrans.o
                0x08001420                Vector58
                0x08001420                VectorE8
                0x08001420                Vector9C
                0x08001420                VectorAC
                0x08001420                DebugMon_Handler
                0x08001420                Vector1A0
                0x08001420                Vector5C
                0x08001420                Vector11C
                0x08001420                HardFault_Handler
                0x08001420                Vector1B8
                0x08001420                Vector19C
                0x08001420                Vector8C
                0x08001420                SysTick_Handler
                0x08001420                VectorDC
                0x08001420                PendSV_Handler
                0x08001420                Vector168
                0x08001420                NMI_Handler
                0x08001420                VectorC8
                0x08001420                Vector94
                0x08001420                VectorA8
                0x08001420                Vector160
                0x08001420                Vector1B0
                0x08001420                UsageFault_Handler
                0x08001420                VectorEC
                0x08001420                Vector40
                0x08001420                Vector190
                0x08001420                Vector148
                0x08001420                Vector188
                0x08001420                Vector198
                0x08001420                Vector118
                0x08001420                Vector64
                0x08001420                VectorCC
                0x08001420                Vector54
                0x08001420                Vector98
                0x08001420                VectorD8
                0x08001420                Vector138
                0x08001420                Vector24
                0x08001420                Vector1AC
                0x08001420                Vector178
                0x08001420                Vector1A4
                0x08001420                VectorD0
                0x08001420                Vector1B4
                0x08001420                Vector140
                0x08001420                VectorE4
                0x08001420                Vector134
                0x08001420                Vector13C
                0x08001420                Vector100
                0x08001420                VectorE0
                0x08001420                VectorF4
                0x08001420                MemManage_Handler
                0x08001420                VectorC4
                0x08001420                Vector180
                0x08001420                Vector90
                0x08001420                Vector114
                0x08001420                Vector164
                0x08001420                Vector60
                0x08001420                Vector1C
                0x08001420                Vector1BC
                0x08001420                Vector17C
                0x08001420                Vector48
                0x08001420                Vector1A8
                0x08001420                Vector16C
                0x08001420                VectorD4
                0x08001420                Vector4C
                0x08001420                Vector144
                0x08001420                Vector15C
                0x08001420                Vector68
                0x08001420                Vector170
                0x08001420                Vector88
                0x08001420                Vector104
                0x08001420                Vector184
                0x08001420                Vector10C
                0x08001420                Vector14C
                0x08001420                BusFault_Handler
                0x08001420                Vector50
                0x08001420                Vector194
                0x08001420                Vector44
                0x08001420                Vector28
                0x08001420                Vector34
                0x08001420                Vector20
                0x08001420                Vector18C
                0x08001420                Vector174
 *fill*         0x08001424        0xc 
 .text.__init_ram_areas
                0x08001430       0x4c C:\Users\nameless\AppData\Local\Temp\ccxFa1Oa.ltrans0.ltrans.o
                0x08001430                __init_ram_areas
 *fill*         0x0800147c        0x4 
 .text.__default_exit
                0x08001480        0x4 C:\Users\nameless\AppData\Local\Temp\ccxFa1Oa.ltrans0.ltrans.o
                0x08001480                __default_exit
 *fill*         0x08001484        0xc 
 .text.__late_init
                0x08001490        0x4 C:\Users\nameless\AppData\Local\Temp\ccxFa1Oa.ltrans0.ltrans.o
                0x08001490                __late_init
 *fill*         0x08001494        0xc 
 .text.__core_init
                0x080014a0        0x4 C:\Users\nameless\AppData\Local\Temp\ccxFa1Oa.ltrans0.ltrans.o
                0x080014a0                __core_init
 *fill*         0x080014a4        0xc 
 .text.Test_thread.lto_priv.71
                0x080014b0       0xb4 C:\Users\nameless\AppData\Local\Temp\ccxFa1Oa.ltrans1.ltrans.o
                0x080014b0                Test_thread.lto_priv.71
 *fill*         0x08001564        0xc 
 .text.TFT_thread.lto_priv.73
                0x08001570      0xb1c C:\Users\nameless\AppData\Local\Temp\ccxFa1Oa.ltrans1.ltrans.o
                0x08001570                TFT_thread.lto_priv.73
 *fill*         0x0800208c        0x4 
 .text.MPU_thread.lto_priv.72
                0x08002090      0x418 C:\Users\nameless\AppData\Local\Temp\ccxFa1Oa.ltrans1.ltrans.o
                0x08002090                MPU_thread.lto_priv.72
 *fill*         0x080024a8        0x8 
 .text.i2c_lld_serve_tx_end_irq.lto_priv.97
                0x080024b0       0x48 C:\Users\nameless\AppData\Local\Temp\ccxFa1Oa.ltrans2.ltrans.o
                0x080024b0                i2c_lld_serve_tx_end_irq.lto_priv.97
 *fill*         0x080024f8        0x8 
 .text.SVC_Handler
                0x08002500       0x20 C:\Users\nameless\AppData\Local\Temp\ccxFa1Oa.ltrans2.ltrans.o
                0x08002500                SVC_Handler
 .text.i2c_lld_serve_rx_end_irq.lto_priv.96
                0x08002520       0x7c C:\Users\nameless\AppData\Local\Temp\ccxFa1Oa.ltrans2.ltrans.o
                0x08002520                i2c_lld_serve_rx_end_irq.lto_priv.96
 *fill*         0x0800259c        0x4 
 .text.readt.lto_priv.89
                0x080025a0        0x8 C:\Users\nameless\AppData\Local\Temp\ccxFa1Oa.ltrans2.ltrans.o
                0x080025a0                readt.lto_priv.89
 *fill*         0x080025a8        0x8 
 .text.read.lto_priv.83
                0x080025b0        0xc C:\Users\nameless\AppData\Local\Temp\ccxFa1Oa.ltrans2.ltrans.o
                0x080025b0                read.lto_priv.83
 *fill*         0x080025bc        0x4 
 .text.gett.lto_priv.87
                0x080025c0        0x8 C:\Users\nameless\AppData\Local\Temp\ccxFa1Oa.ltrans2.ltrans.o
                0x080025c0                gett.lto_priv.87
 *fill*         0x080025c8        0x8 
 .text.get.lto_priv.85
                0x080025d0        0xc C:\Users\nameless\AppData\Local\Temp\ccxFa1Oa.ltrans2.ltrans.o
                0x080025d0                get.lto_priv.85
 *fill*         0x080025dc        0x4 
 .text.putt.lto_priv.86
                0x080025e0        0x8 C:\Users\nameless\AppData\Local\Temp\ccxFa1Oa.ltrans2.ltrans.o
                0x080025e0                putt.lto_priv.86
 *fill*         0x080025e8        0x8 
 .text.put.lto_priv.84
                0x080025f0        0xc C:\Users\nameless\AppData\Local\Temp\ccxFa1Oa.ltrans2.ltrans.o
                0x080025f0                put.lto_priv.84
 *fill*         0x080025fc        0x4 
 .text.dmaStreamAllocate
                0x08002600       0xcc C:\Users\nameless\AppData\Local\Temp\ccxFa1Oa.ltrans2.ltrans.o
                0x08002600                dmaStreamAllocate
 *fill*         0x080026cc        0x4 
 .text.stSetAlarm
                0x080026d0       0x24 C:\Users\nameless\AppData\Local\Temp\ccxFa1Oa.ltrans2.ltrans.o
                0x080026d0                stSetAlarm
 *fill*         0x080026f4        0xc 
 .text._port_irq_epilogue
                0x08002700       0x64 C:\Users\nameless\AppData\Local\Temp\ccxFa1Oa.ltrans2.ltrans.o
                0x08002700                _port_irq_epilogue
 *fill*         0x08002764        0xc 
 .text.VectorC0
                0x08002770      0x100 C:\Users\nameless\AppData\Local\Temp\ccxFa1Oa.ltrans2.ltrans.o
                0x08002770                VectorC0
 .text.VectorBC
                0x08002870      0x118 C:\Users\nameless\AppData\Local\Temp\ccxFa1Oa.ltrans2.ltrans.o
                0x08002870                VectorBC
 *fill*         0x08002988        0x8 
 .text.Vector108
                0x08002990       0xf4 C:\Users\nameless\AppData\Local\Temp\ccxFa1Oa.ltrans2.ltrans.o
                0x08002990                Vector108
 *fill*         0x08002a84        0xc 
 .text.Vector158
                0x08002a90       0x38 C:\Users\nameless\AppData\Local\Temp\ccxFa1Oa.ltrans2.ltrans.o
                0x08002a90                Vector158
 *fill*         0x08002ac8        0x8 
 .text.Vector154
                0x08002ad0       0x38 C:\Users\nameless\AppData\Local\Temp\ccxFa1Oa.ltrans2.ltrans.o
                0x08002ad0                Vector154
 *fill*         0x08002b08        0x8 
 .text.Vector150
                0x08002b10       0x38 C:\Users\nameless\AppData\Local\Temp\ccxFa1Oa.ltrans2.ltrans.o
                0x08002b10                Vector150
 *fill*         0x08002b48        0x8 
 .text.Vector130
                0x08002b50       0x34 C:\Users\nameless\AppData\Local\Temp\ccxFa1Oa.ltrans2.ltrans.o
                0x08002b50                Vector130
 *fill*         0x08002b84        0xc 
 .text.Vector12C
                0x08002b90       0x38 C:\Users\nameless\AppData\Local\Temp\ccxFa1Oa.ltrans2.ltrans.o
                0x08002b90                Vector12C
 *fill*         0x08002bc8        0x8 
 .text.Vector128
                0x08002bd0       0x38 C:\Users\nameless\AppData\Local\Temp\ccxFa1Oa.ltrans2.ltrans.o
                0x08002bd0                Vector128
 *fill*         0x08002c08        0x8 
 .text.Vector124
                0x08002c10       0x38 C:\Users\nameless\AppData\Local\Temp\ccxFa1Oa.ltrans2.ltrans.o
                0x08002c10                Vector124
 *fill*         0x08002c48        0x8 
 .text.Vector120
                0x08002c50       0x34 C:\Users\nameless\AppData\Local\Temp\ccxFa1Oa.ltrans2.ltrans.o
                0x08002c50                Vector120
 *fill*         0x08002c84        0xc 
 .text.VectorFC
                0x08002c90       0x38 C:\Users\nameless\AppData\Local\Temp\ccxFa1Oa.ltrans2.ltrans.o
                0x08002c90                VectorFC
 *fill*         0x08002cc8        0x8 
 .text.Vector84
                0x08002cd0       0x38 C:\Users\nameless\AppData\Local\Temp\ccxFa1Oa.ltrans2.ltrans.o
                0x08002cd0                Vector84
 *fill*         0x08002d08        0x8 
 .text.Vector80
                0x08002d10       0x38 C:\Users\nameless\AppData\Local\Temp\ccxFa1Oa.ltrans2.ltrans.o
                0x08002d10                Vector80
 *fill*         0x08002d48        0x8 
 .text.Vector7C
                0x08002d50       0x34 C:\Users\nameless\AppData\Local\Temp\ccxFa1Oa.ltrans2.ltrans.o
                0x08002d50                Vector7C
 *fill*         0x08002d84        0xc 
 .text.Vector78
                0x08002d90       0x38 C:\Users\nameless\AppData\Local\Temp\ccxFa1Oa.ltrans2.ltrans.o
                0x08002d90                Vector78
 *fill*         0x08002dc8        0x8 
 .text.Vector74
                0x08002dd0       0x38 C:\Users\nameless\AppData\Local\Temp\ccxFa1Oa.ltrans2.ltrans.o
                0x08002dd0                Vector74
 *fill*         0x08002e08        0x8 
 .text.Vector70
                0x08002e10       0x38 C:\Users\nameless\AppData\Local\Temp\ccxFa1Oa.ltrans2.ltrans.o
                0x08002e10                Vector70
 *fill*         0x08002e48        0x8 
 .text.Vector6C
                0x08002e50       0x34 C:\Users\nameless\AppData\Local\Temp\ccxFa1Oa.ltrans2.ltrans.o
                0x08002e50                Vector6C
 *fill*         0x08002e84        0xc 
 .text.gptStart
                0x08002e90      0x1a8 C:\Users\nameless\AppData\Local\Temp\ccxFa1Oa.ltrans2.ltrans.o
                0x08002e90                gptStart
 *fill*         0x08003038        0x8 
 .text.chCoreAlloc
                0x08003040       0x70 C:\Users\nameless\AppData\Local\Temp\ccxFa1Oa.ltrans2.ltrans.o
                0x08003040                chCoreAlloc
 .text.chOQWriteTimeout
                0x080030b0      0x110 C:\Users\nameless\AppData\Local\Temp\ccxFa1Oa.ltrans2.ltrans.o
 .text.writet.lto_priv.88
                0x080031c0        0x8 C:\Users\nameless\AppData\Local\Temp\ccxFa1Oa.ltrans2.ltrans.o
                0x080031c0                writet.lto_priv.88
 *fill*         0x080031c8        0x8 
 .text.write.lto_priv.82
                0x080031d0        0xc C:\Users\nameless\AppData\Local\Temp\ccxFa1Oa.ltrans2.ltrans.o
                0x080031d0                write.lto_priv.82
 *fill*         0x080031dc        0x4 
 .text.get.lto_priv.67
                0x080031e0       0x1c C:\Users\nameless\AppData\Local\Temp\ccxFa1Oa.ltrans3.ltrans.o
                0x080031e0                get.lto_priv.67
 *fill*         0x080031fc        0x4 
 .text.put.lto_priv.66
                0x08003200       0x1c C:\Users\nameless\AppData\Local\Temp\ccxFa1Oa.ltrans3.ltrans.o
                0x08003200                put.lto_priv.66
 *fill*         0x0800321c        0x4 
 .text.notify4.lto_priv.80
                0x08003220       0x10 C:\Users\nameless\AppData\Local\Temp\ccxFa1Oa.ltrans3.ltrans.o
                0x08003220                notify4.lto_priv.80
 .text.pwm_lld_serve_interrupt
                0x08003230       0x5c C:\Users\nameless\AppData\Local\Temp\ccxFa1Oa.ltrans3.ltrans.o
 *fill*         0x0800328c        0x4 
 .text.gpt_lld_serve_interrupt
                0x08003290       0x24 C:\Users\nameless\AppData\Local\Temp\ccxFa1Oa.ltrans3.ltrans.o
 *fill*         0x080032b4        0xc 
 .text.spi_lld_serve_tx_interrupt.lto_priv.93
                0x080032c0       0x1c C:\Users\nameless\AppData\Local\Temp\ccxFa1Oa.ltrans3.ltrans.o
                0x080032c0                spi_lld_serve_tx_interrupt.lto_priv.93
 *fill*         0x080032dc        0x4 
 .text.reads.lto_priv.65
                0x080032e0       0x28 C:\Users\nameless\AppData\Local\Temp\ccxFa1Oa.ltrans3.ltrans.o
                0x080032e0                reads.lto_priv.65
 *fill*         0x08003308        0x8 
 .text.writes.lto_priv.64
                0x08003310       0x24 C:\Users\nameless\AppData\Local\Temp\ccxFa1Oa.ltrans3.ltrans.o
                0x08003310                writes.lto_priv.64
 *fill*         0x08003334        0xc 
 .text.VectorA0
                0x08003340       0x20 C:\Users\nameless\AppData\Local\Temp\ccxFa1Oa.ltrans3.ltrans.o
 .text.VectorF8
                0x08003360       0x20 C:\Users\nameless\AppData\Local\Temp\ccxFa1Oa.ltrans3.ltrans.o
 .text.VectorF0
                0x08003380       0x20 C:\Users\nameless\AppData\Local\Temp\ccxFa1Oa.ltrans3.ltrans.o
 .text.VectorB8
                0x080033a0       0x20 C:\Users\nameless\AppData\Local\Temp\ccxFa1Oa.ltrans3.ltrans.o
 .text.VectorB4
                0x080033c0       0x20 C:\Users\nameless\AppData\Local\Temp\ccxFa1Oa.ltrans3.ltrans.o
 .text.VectorB0
                0x080033e0       0x20 C:\Users\nameless\AppData\Local\Temp\ccxFa1Oa.ltrans3.ltrans.o
 .text.VectorA4
                0x08003400       0x20 C:\Users\nameless\AppData\Local\Temp\ccxFa1Oa.ltrans3.ltrans.o
 .text.Vector110
                0x08003420      0x208 C:\Users\nameless\AppData\Local\Temp\ccxFa1Oa.ltrans3.ltrans.o
 *fill*         0x08003628        0x8 
 .text.spi_lld_serve_rx_interrupt.lto_priv.92
                0x08003630       0x98 C:\Users\nameless\AppData\Local\Temp\ccxFa1Oa.ltrans3.ltrans.o
                0x08003630                spi_lld_serve_rx_interrupt.lto_priv.92
 *fill*         0x080036c8        0x8 
 .text.chvprintf
                0x080036d0      0x30c C:\Users\nameless\AppData\Local\Temp\ccxFa1Oa.ltrans3.ltrans.o
                0x080036d0                chvprintf
 *fill*         0x080039dc        0x4 
 .text.chprintf
                0x080039e0       0x1c C:\Users\nameless\AppData\Local\Temp\ccxFa1Oa.ltrans3.ltrans.o
                0x080039e0                chprintf
 *fill*         0x080039fc        0x4 
 .text.cmd_info
                0x08003a00       0xbc C:\Users\nameless\AppData\Local\Temp\ccxFa1Oa.ltrans3.ltrans.o
 *fill*         0x08003abc        0x4 
 .text.__early_init
                0x08003ac0       0xc8 C:\Users\nameless\AppData\Local\Temp\ccxFa1Oa.ltrans3.ltrans.o
                0x08003ac0                __early_init
 *fill*         0x08003b88        0x8 
 .text.shell_thread.lto_priv.74
                0x08003b90      0x228 C:\Users\nameless\AppData\Local\Temp\ccxFa1Oa.ltrans3.ltrans.o
                0x08003b90                shell_thread.lto_priv.74
 *fill*         0x08003db8        0x8 
 .text.cmd_systime
                0x08003dc0       0x70 C:\Users\nameless\AppData\Local\Temp\ccxFa1Oa.ltrans3.ltrans.o
 .text.cmd_deccelerate
                0x08003e30       0x8c C:\Users\nameless\AppData\Local\Temp\ccxFa1Oa.ltrans4.ltrans.o
 *fill*         0x08003ebc        0x4 
 .text.cmd_accelerate
                0x08003ec0       0x8c C:\Users\nameless\AppData\Local\Temp\ccxFa1Oa.ltrans4.ltrans.o
 *fill*         0x08003f4c        0x4 
 .text.cmd_print
                0x08003f50        0xc C:\Users\nameless\AppData\Local\Temp\ccxFa1Oa.ltrans4.ltrans.o
 *fill*         0x08003f5c        0x4 
 .text.cmd_flash
                0x08003f60       0xd0 C:\Users\nameless\AppData\Local\Temp\ccxFa1Oa.ltrans4.ltrans.o
 .text.tft_write_data
                0x08004030       0x28 C:\Users\nameless\AppData\Local\Temp\ccxFa1Oa.ltrans4.ltrans.o
                0x08004030                tft_write_data
 *fill*         0x08004058        0x8 
 .text.tft_write_command
                0x08004060       0x28 C:\Users\nameless\AppData\Local\Temp\ccxFa1Oa.ltrans4.ltrans.o
                0x08004060                tft_write_command
 *fill*         0x08004088        0x8 
 .text.startup.main
                0x08004090      0x7c0 C:\Users\nameless\AppData\Local\Temp\ccxFa1Oa.ltrans4.ltrans.o
                0x08004090                main
 .text.Motor_thread
                0x08004850      0x17c C:\Users\nameless\AppData\Local\Temp\ccxFa1Oa.ltrans4.ltrans.o
 *fill*         0x080049cc        0x4 
 .text.Hall_update
                0x080049d0       0x50 C:\Users\nameless\AppData\Local\Temp\ccxFa1Oa.ltrans5.ltrans.o
 .text.RC_thread.lto_priv.100
                0x08004a20       0x38 C:\Users\nameless\AppData\Local\Temp\ccxFa1Oa.ltrans5.ltrans.o
                0x08004a20                RC_thread.lto_priv.100
 *fill*         0x08004a58        0x8 
 .text.Hall_init
                0x08004a60       0x50 C:\Users\nameless\AppData\Local\Temp\ccxFa1Oa.ltrans5.ltrans.o
 .text.chThdDequeueNextI.constprop.49
                0x08004ab0       0x34 C:\Users\nameless\AppData\Local\Temp\ccxFa1Oa.ltrans5.ltrans.o
                0x08004ab0                chThdDequeueNextI.constprop.49
 *fill*         0x08004ae4        0xc 
 .text._strtok.constprop.13
                0x08004af0       0x40 C:\Users\nameless\AppData\Local\Temp\ccxFa1Oa.ltrans5.ltrans.o
                0x08004af0                _strtok.constprop.13
 .text.long_to_string_with_divisor.constprop.12
                0x08004b30       0x44 C:\Users\nameless\AppData\Local\Temp\ccxFa1Oa.ltrans5.ltrans.o
                0x08004b30                long_to_string_with_divisor.constprop.12
 *fill*         0x08004b74        0xc 
 .text.tft_printf.constprop.7
                0x08004b80      0x108 C:\Users\nameless\AppData\Local\Temp\ccxFa1Oa.ltrans5.ltrans.o
                0x08004b80                tft_printf.constprop.7
 *fill*         0x08004c88        0x8 
 .text.motor_pwmUpdate
                0x08004c90      0x118 C:\Users\nameless\AppData\Local\Temp\ccxFa1Oa.ltrans5.ltrans.o
                0x08004c90                motor_pwmUpdate
 *fill*         0x08004da8        0x8 
 .text.tft_char_is_changed
                0x08004db0       0x88 C:\Users\nameless\AppData\Local\Temp\ccxFa1Oa.ltrans5.ltrans.o
                0x08004db0                tft_char_is_changed
 *fill*         0x08004e38        0x8 
 .text.tft_set_char_pos
                0x08004e40       0x50 C:\Users\nameless\AppData\Local\Temp\ccxFa1Oa.ltrans5.ltrans.o
                0x08004e40                tft_set_char_pos
 .text.chMtxUnlock.constprop.48
                0x08004e90       0xec C:\Users\nameless\AppData\Local\Temp\ccxFa1Oa.ltrans5.ltrans.o
                0x08004e90                chMtxUnlock.constprop.48
 *fill*         0x08004f7c        0x4 
 .text.i2cMasterTransmitTimeout.constprop.35
                0x08004f80      0x190 C:\Users\nameless\AppData\Local\Temp\ccxFa1Oa.ltrans5.ltrans.o
                0x08004f80                i2cMasterTransmitTimeout.constprop.35
 .text.MPU_Read_Len.constprop.4
                0x08005110       0x3c C:\Users\nameless\AppData\Local\Temp\ccxFa1Oa.ltrans5.ltrans.o
                0x08005110                MPU_Read_Len.constprop.4
 *fill*         0x0800514c        0x4 
 .text.MPU_Write_Byte
                0x08005150       0x38 C:\Users\nameless\AppData\Local\Temp\ccxFa1Oa.ltrans5.ltrans.o
                0x08005150                MPU_Write_Byte
 *fill*         0x08005188        0x8 
 .text.MPU_Set_Rate.constprop.1
                0x08005190       0x18 C:\Users\nameless\AppData\Local\Temp\ccxFa1Oa.ltrans5.ltrans.o
                0x08005190                MPU_Set_Rate.constprop.1
 *fill*         0x080051a8        0x8 
 .text.spiSelect.constprop.23
                0x080051b0       0x6c C:\Users\nameless\AppData\Local\Temp\ccxFa1Oa.ltrans5.ltrans.o
                0x080051b0                spiSelect.constprop.23
 *fill*         0x0800521c        0x4 
 .text.spiUnselect.constprop.21
                0x08005220       0x6c C:\Users\nameless\AppData\Local\Temp\ccxFa1Oa.ltrans5.ltrans.o
                0x08005220                spiUnselect.constprop.21
 *fill*         0x0800528c        0x4 
 .text.spiSend.constprop.19
                0x08005290       0xd0 C:\Users\nameless\AppData\Local\Temp\ccxFa1Oa.ltrans5.ltrans.o
                0x08005290                spiSend.constprop.19
 .text.Hall_thread.lto_priv.81
                0x08005360       0x90 C:\Users\nameless\AppData\Local\Temp\ccxFa1Oa.ltrans5.ltrans.o
                0x08005360                Hall_thread.lto_priv.81
 .text.strpbrk  0x080053f0       0x48 d:/chibistudio/tools/gnu tools arm embedded/4.9 2015q3/bin/../lib/gcc/arm-none-eabi/4.9.3/../../../../arm-none-eabi/lib/armv7e-m/fpu\libg.a(lib_a-strpbrk.o)
                0x080053f0                strpbrk
 *fill*         0x08005438        0x8 
 .text.strspn   0x08005440       0x34 d:/chibistudio/tools/gnu tools arm embedded/4.9 2015q3/bin/../lib/gcc/arm-none-eabi/4.9.3/../../../../arm-none-eabi/lib/armv7e-m/fpu\libg.a(lib_a-strspn.o)
                0x08005440                strspn
 *(.rodata)
 *(.rodata.*)
 *fill*         0x08005474        0xc 
 .rodata.__func__.7536
                0x08005480        0xd C:\Users\nameless\AppData\Local\Temp\ccxFa1Oa.ltrans0.ltrans.o
 *fill*         0x0800548d        0x3 
 .rodata.__func__.6708
                0x08005490        0xd C:\Users\nameless\AppData\Local\Temp\ccxFa1Oa.ltrans0.ltrans.o
 *fill*         0x0800549d        0x3 
 .rodata.__func__.6674.lto_priv.112
                0x080054a0        0xb C:\Users\nameless\AppData\Local\Temp\ccxFa1Oa.ltrans0.ltrans.o
 *fill*         0x080054ab        0x5 
 .rodata.__func__.6671
                0x080054b0        0xc C:\Users\nameless\AppData\Local\Temp\ccxFa1Oa.ltrans0.ltrans.o
 *fill*         0x080054bc        0x4 
 .rodata.__func__.6727
                0x080054c0        0xb C:\Users\nameless\AppData\Local\Temp\ccxFa1Oa.ltrans0.ltrans.o
 *fill*         0x080054cb        0x5 
 .rodata.__func__.6683
                0x080054d0        0xd C:\Users\nameless\AppData\Local\Temp\ccxFa1Oa.ltrans0.ltrans.o
 *fill*         0x080054dd        0x3 
 .rodata.str1.4
                0x080054e0       0x4d C:\Users\nameless\AppData\Local\Temp\ccxFa1Oa.ltrans0.ltrans.o
 *fill*         0x0800552d        0x3 
 .rodata.__func__.6691
                0x08005530       0x15 C:\Users\nameless\AppData\Local\Temp\ccxFa1Oa.ltrans0.ltrans.o
 *fill*         0x08005545        0xb 
 .rodata.ram_areas
                0x08005550       0x80 C:\Users\nameless\AppData\Local\Temp\ccxFa1Oa.ltrans0.ltrans.o
 .rodata.__func__.6674.lto_priv.111
                0x080055d0        0xb C:\Users\nameless\AppData\Local\Temp\ccxFa1Oa.ltrans0.ltrans.o
 *fill*         0x080055db        0x5 
 .rodata.__func__.6694
                0x080055e0       0x10 C:\Users\nameless\AppData\Local\Temp\ccxFa1Oa.ltrans0.ltrans.o
 .rodata.__func__.6699
                0x080055f0        0xd C:\Users\nameless\AppData\Local\Temp\ccxFa1Oa.ltrans0.ltrans.o
 *fill*         0x080055fd        0x3 
 .rodata.__func__.6749
                0x08005600        0xd C:\Users\nameless\AppData\Local\Temp\ccxFa1Oa.ltrans0.ltrans.o
 *fill*         0x0800560d        0x3 
 .rodata.__func__.7554
                0x08005610        0xe C:\Users\nameless\AppData\Local\Temp\ccxFa1Oa.ltrans1.ltrans.o
 *fill*         0x0800561e        0x2 
 .rodata.ascii_8x16
                0x08005620     0x1000 C:\Users\nameless\AppData\Local\Temp\ccxFa1Oa.ltrans1.ltrans.o
 .rodata.__func__.7540.lto_priv.90
                0x08006620        0x9 C:\Users\nameless\AppData\Local\Temp\ccxFa1Oa.ltrans1.ltrans.o
 *fill*         0x08006629        0x7 
 .rodata.__func__.7540.lto_priv.91
                0x08006630        0x9 C:\Users\nameless\AppData\Local\Temp\ccxFa1Oa.ltrans1.ltrans.o
 *fill*         0x08006639        0x7 
 .rodata.__func__.7614
                0x08006640        0xe C:\Users\nameless\AppData\Local\Temp\ccxFa1Oa.ltrans1.ltrans.o
 *fill*         0x0800664e        0x2 
 .rodata.str1.4
                0x08006650       0x58 C:\Users\nameless\AppData\Local\Temp\ccxFa1Oa.ltrans1.ltrans.o
 *fill*         0x080066a8        0x8 
 .rodata.TFTSPI_cfg
                0x080066b0        0xc C:\Users\nameless\AppData\Local\Temp\ccxFa1Oa.ltrans1.ltrans.o
 *fill*         0x080066bc        0x4 
 .rodata.RC_cfg
                0x080066c0       0x10 C:\Users\nameless\AppData\Local\Temp\ccxFa1Oa.ltrans1.ltrans.o
 .rodata.i2cfg  0x080066d0        0xc C:\Users\nameless\AppData\Local\Temp\ccxFa1Oa.ltrans1.ltrans.o
 *fill*         0x080066dc        0x4 
 .rodata.__func__.7549
                0x080066e0       0x12 C:\Users\nameless\AppData\Local\Temp\ccxFa1Oa.ltrans1.ltrans.o
 *fill*         0x080066f2        0xe 
 .rodata.__func__.7543
                0x08006700        0xb C:\Users\nameless\AppData\Local\Temp\ccxFa1Oa.ltrans2.ltrans.o
 *fill*         0x0800670b        0x5 
 .rodata.__func__.7553
                0x08006710        0xe C:\Users\nameless\AppData\Local\Temp\ccxFa1Oa.ltrans2.ltrans.o
 *fill*         0x0800671e        0x2 
 .rodata.__func__.6057
                0x08006720        0xc C:\Users\nameless\AppData\Local\Temp\ccxFa1Oa.ltrans2.ltrans.o
 *fill*         0x0800672c        0x4 
 .rodata.__func__.6730
                0x08006730       0x11 C:\Users\nameless\AppData\Local\Temp\ccxFa1Oa.ltrans2.ltrans.o
 *fill*         0x08006741        0xf 
 .rodata.__func__.7614
                0x08006750       0x12 C:\Users\nameless\AppData\Local\Temp\ccxFa1Oa.ltrans2.ltrans.o
 *fill*         0x08006762        0xe 
 .rodata.str1.4
                0x08006770        0xc C:\Users\nameless\AppData\Local\Temp\ccxFa1Oa.ltrans2.ltrans.o
 *fill*         0x0800677c        0x4 
 .rodata.__func__.5968.lto_priv.106
                0x08006780        0xc C:\Users\nameless\AppData\Local\Temp\ccxFa1Oa.ltrans2.ltrans.o
                0x08006780                __func__.5968.lto_priv.106
 *fill*         0x0800678c        0x4 
 .rodata.__func__.5968.lto_priv.107
                0x08006790        0xc C:\Users\nameless\AppData\Local\Temp\ccxFa1Oa.ltrans2.ltrans.o
 *fill*         0x0800679c        0x4 
 .rodata.__func__.5968.lto_priv.108
                0x080067a0        0xc C:\Users\nameless\AppData\Local\Temp\ccxFa1Oa.ltrans2.ltrans.o
 *fill*         0x080067ac        0x4 
 .rodata.__func__.7540
                0x080067b0        0x9 C:\Users\nameless\AppData\Local\Temp\ccxFa1Oa.ltrans2.ltrans.o
 *fill*         0x080067b9        0x7 
 .rodata.__func__.6282
                0x080067c0        0xc C:\Users\nameless\AppData\Local\Temp\ccxFa1Oa.ltrans3.ltrans.o
 *fill*         0x080067cc        0x4 
 .rodata.str1.4
                0x080067d0      0x246 C:\Users\nameless\AppData\Local\Temp\ccxFa1Oa.ltrans3.ltrans.o
                                0x256 (size before relaxing)
 *fill*         0x08006a16        0xa 
 .rodata.local_commands
                0x08006a20       0x18 C:\Users\nameless\AppData\Local\Temp\ccxFa1Oa.ltrans3.ltrans.o
 *fill*         0x08006a38        0x8 
 .rodata.__func__.7540
                0x08006a40        0x9 C:\Users\nameless\AppData\Local\Temp\ccxFa1Oa.ltrans4.ltrans.o
 *fill*         0x08006a49        0x7 
 .rodata.__func__.5968.lto_priv.77
                0x08006a50        0xc C:\Users\nameless\AppData\Local\Temp\ccxFa1Oa.ltrans4.ltrans.o
 *fill*         0x08006a5c        0x4 
 .rodata.__func__.7549
                0x08006a60        0xe C:\Users\nameless\AppData\Local\Temp\ccxFa1Oa.ltrans4.ltrans.o
 *fill*         0x08006a6e        0x2 
 .rodata.vmt    0x08006a70       0x20 C:\Users\nameless\AppData\Local\Temp\ccxFa1Oa.ltrans4.ltrans.o
 .rodata.__func__.5968.lto_priv.78
                0x08006a90        0xc C:\Users\nameless\AppData\Local\Temp\ccxFa1Oa.ltrans4.ltrans.o
 *fill*         0x08006a9c        0x4 
 .rodata.motor_pwmcfg
                0x08006aa0       0x34 C:\Users\nameless\AppData\Local\Temp\ccxFa1Oa.ltrans4.ltrans.o
 *fill*         0x08006ad4        0xc 
 .rodata._stm32_dma_streams
                0x08006ae0       0xc0 C:\Users\nameless\AppData\Local\Temp\ccxFa1Oa.ltrans4.ltrans.o
 .rodata.__func__.7581
                0x08006ba0        0x8 C:\Users\nameless\AppData\Local\Temp\ccxFa1Oa.ltrans4.ltrans.o
 *fill*         0x08006ba8        0x8 
 .rodata.ch_debug
                0x08006bb0       0x16 C:\Users\nameless\AppData\Local\Temp\ccxFa1Oa.ltrans4.ltrans.o
 *fill*         0x08006bc6        0xa 
 .rodata.str1.4
                0x08006bd0       0x8a C:\Users\nameless\AppData\Local\Temp\ccxFa1Oa.ltrans4.ltrans.o
                                 0x8e (size before relaxing)
 *fill*         0x08006c5a        0x6 
 .rodata.commands
                0x08006c60       0x28 C:\Users\nameless\AppData\Local\Temp\ccxFa1Oa.ltrans4.ltrans.o
 *fill*         0x08006c88        0x8 
 .rodata.shell_cfg1
                0x08006c90        0x8 C:\Users\nameless\AppData\Local\Temp\ccxFa1Oa.ltrans4.ltrans.o
 *fill*         0x08006c98        0x8 
 .rodata.flashTestData
                0x08006ca0       0x20 C:\Users\nameless\AppData\Local\Temp\ccxFa1Oa.ltrans4.ltrans.o
 .rodata.__func__.7548
                0x08006cc0        0xa C:\Users\nameless\AppData\Local\Temp\ccxFa1Oa.ltrans5.ltrans.o
 *fill*         0x08006cca        0x6 
 .rodata.__func__.7552
                0x08006cd0        0xc C:\Users\nameless\AppData\Local\Temp\ccxFa1Oa.ltrans5.ltrans.o
 *fill*         0x08006cdc        0x4 
 .rodata.__func__.5968.lto_priv.60
                0x08006ce0        0xc C:\Users\nameless\AppData\Local\Temp\ccxFa1Oa.ltrans5.ltrans.o
                0x08006ce0                __func__.5968.lto_priv.60
 *fill*         0x08006cec        0x4 
 .rodata.__func__.5968.lto_priv.61
                0x08006cf0        0xc C:\Users\nameless\AppData\Local\Temp\ccxFa1Oa.ltrans5.ltrans.o
                0x08006cf0                __func__.5968.lto_priv.61
 *fill*         0x08006cfc        0x4 
 .rodata.__func__.5968.lto_priv.62
                0x08006d00        0xc C:\Users\nameless\AppData\Local\Temp\ccxFa1Oa.ltrans5.ltrans.o
                0x08006d00                __func__.5968.lto_priv.62
 *fill*         0x08006d0c        0x4 
 .rodata.__func__.5968.lto_priv.63
                0x08006d10        0xc C:\Users\nameless\AppData\Local\Temp\ccxFa1Oa.ltrans5.ltrans.o
 *fill*         0x08006d1c        0x4 
 .rodata.__func__.6737
                0x08006d20        0xe C:\Users\nameless\AppData\Local\Temp\ccxFa1Oa.ltrans5.ltrans.o
 *fill*         0x08006d2e        0x2 
 .rodata.__func__.7559
                0x08006d30       0x19 C:\Users\nameless\AppData\Local\Temp\ccxFa1Oa.ltrans5.ltrans.o
 *fill*         0x08006d49        0x7 
 .rodata.__func__.6154
                0x08006d50       0x14 C:\Users\nameless\AppData\Local\Temp\ccxFa1Oa.ltrans5.ltrans.o
 *fill*         0x08006d64        0xc 
 .rodata.hall_cfg
                0x08006d70       0x10 C:\Users\nameless\AppData\Local\Temp\ccxFa1Oa.ltrans5.ltrans.o
 .rodata.__func__.6142.lto_priv.113
                0x08006d80        0xc C:\Users\nameless\AppData\Local\Temp\ccxFa1Oa.ltrans5.ltrans.o
                0x08006d80                __func__.6142.lto_priv.113
 *fill*         0x08006d8c        0x4 
 .rodata.str1.4
                0x08006d90       0x20 C:\Users\nameless\AppData\Local\Temp\ccxFa1Oa.ltrans5.ltrans.o
 .rodata.__func__.7594
                0x08006db0        0x8 C:\Users\nameless\AppData\Local\Temp\ccxFa1Oa.ltrans5.ltrans.o
 *fill*         0x08006db8        0x8 
 .rodata.__func__.5968.lto_priv.59
                0x08006dc0        0xc C:\Users\nameless\AppData\Local\Temp\ccxFa1Oa.ltrans5.ltrans.o
                0x08006dc0                __func__.5968.lto_priv.59
 *fill*         0x08006dcc        0x4 
 .rodata.__func__.6697
                0x08006dd0        0xc C:\Users\nameless\AppData\Local\Temp\ccxFa1Oa.ltrans5.ltrans.o
 *fill*         0x08006ddc        0x4 
 .rodata.__func__.6743
                0x08006de0       0x15 C:\Users\nameless\AppData\Local\Temp\ccxFa1Oa.ltrans5.ltrans.o
 *fill*         0x08006df5        0xb 
 .rodata.vmt    0x08006e00       0x10 C:\Users\nameless\AppData\Local\Temp\ccxFa1Oa.ltrans5.ltrans.o
 *(.glue_7t)
 .glue_7t       0x00000000        0x0 linker stubs
 *(.glue_7)
 .glue_7        0x00000000        0x0 linker stubs
 *(.gcc*)

.vfp11_veneer   0x08006e10        0x0
 .vfp11_veneer  0x00000000        0x0 linker stubs

.v4_bx          0x08006e10        0x0
 .v4_bx         0x00000000        0x0 linker stubs

.iplt           0x08006e10        0x0
 .iplt          0x00000000        0x0 build/obj/crt0_v7m.o

.rel.dyn        0x08006e10        0x0
 .rel.iplt      0x00000000        0x0 build/obj/crt0_v7m.o

.ARM.extab
 *(.ARM.extab* .gnu.linkonce.armextab.*)

.ARM.exidx      0x08006e10        0x0
                0x08006e10                __exidx_start = .
 *(.ARM.exidx* .gnu.linkonce.armexidx.*)
                0x08006e10                __exidx_end = .

.eh_frame_hdr
 *(.eh_frame_hdr)

.eh_frame
 *(.eh_frame)

.textalign      0x08006e10        0x0
                0x08006e10                . = ALIGN (0x8)
                0x08006e10                . = ALIGN (0x4)
                0x08006e10                PROVIDE (_etext, .)

.mstack         0x20000000      0x400
                0x20000000                . = ALIGN (0x8)
                0x20000000                __main_stack_base__ = .
                0x20000400                . = (. + __main_stack_size__)
 *fill*         0x20000000      0x400 
                0x20000400                . = ALIGN (0x8)
                0x20000400                __main_stack_end__ = .

.pstack         0x20000400      0x400
                0x20000400                __process_stack_base__ = .
                0x20000400                __main_thread_stack_base__ = .
                0x20000800                . = (. + __process_stack_size__)
 *fill*         0x20000400      0x400 
                0x20000800                . = ALIGN (0x8)
                0x20000800                __process_stack_end__ = .
                0x20000800                __main_thread_stack_end__ = .

.data           0x20000800       0x64 load address 0x08006e10
                0x20000800                . = ALIGN (0x4)
                0x08006e10                PROVIDE (_textdata, LOADADDR (.data))
                0x20000800                PROVIDE (_data, .)
                0x08006e10                _textdata_start = LOADADDR (.data)
                0x20000800                _data_start = .
 *(.data)
 *(.data.*)
 .data.IMU      0x20000800       0x19 C:\Users\nameless\AppData\Local\Temp\ccxFa1Oa.ltrans1.ltrans.o
 *fill*         0x20000819        0x3 
 .data.hall_encoder
                0x2000081c       0x20 C:\Users\nameless\AppData\Local\Temp\ccxFa1Oa.ltrans5.ltrans.o
 .data.motors.lto_priv.70
                0x2000083c       0x28 C:\Users\nameless\AppData\Local\Temp\ccxFa1Oa.ltrans5.ltrans.o
                0x2000083c                motors.lto_priv.70
 *(.ramtext)
                0x20000864                . = ALIGN (0x4)
                0x20000864                PROVIDE (_edata, .)
                0x20000864                _data_end = .

.igot.plt       0x20000864        0x0 load address 0x08006e74
 .igot.plt      0x00000000        0x0 build/obj/crt0_v7m.o

.bss            0x20000868     0xc300 load address 0x08006e74
                0x20000868                . = ALIGN (0x4)
                0x20000868                _bss_start = .
 *(.bss)
 *(.bss.*)
 .bss.RC_thread_wa
                0x20000868      0x1b0 C:\Users\nameless\AppData\Local\Temp\ccxFa1Oa.ltrans1.ltrans.o
 .bss.tft_orientation
                0x20000a18        0x1 C:\Users\nameless\AppData\Local\Temp\ccxFa1Oa.ltrans1.ltrans.o
 *fill*         0x20000a19        0x3 
 .bss.rc_channel.lto_priv.98
                0x20000a1c        0x4 C:\Users\nameless\AppData\Local\Temp\ccxFa1Oa.ltrans1.ltrans.o
 .bss.pIMU      0x20000a20        0x4 C:\Users\nameless\AppData\Local\Temp\ccxFa1Oa.ltrans1.ltrans.o
 .bss.shell_terminated
                0x20000a24        0x4 C:\Users\nameless\AppData\Local\Temp\ccxFa1Oa.ltrans3.ltrans.o
 .bss.Motor_thread_wa
                0x20000a28     0x1170 C:\Users\nameless\AppData\Local\Temp\ccxFa1Oa.ltrans4.ltrans.o
 .bss.PWMD9     0x20001b98       0x1c C:\Users\nameless\AppData\Local\Temp\ccxFa1Oa.ltrans4.ltrans.o
                0x20001b98                PWMD9
 .bss.nextmem.lto_priv.110
                0x20001bb4        0x4 C:\Users\nameless\AppData\Local\Temp\ccxFa1Oa.ltrans4.ltrans.o
                0x20001bb4                nextmem.lto_priv.110
 .bss.endmem.lto_priv.109
                0x20001bb8        0x4 C:\Users\nameless\AppData\Local\Temp\ccxFa1Oa.ltrans4.ltrans.o
                0x20001bb8                endmem.lto_priv.109
 .bss.SD4       0x20001bbc       0x78 C:\Users\nameless\AppData\Local\Temp\ccxFa1Oa.ltrans4.ltrans.o
                0x20001bbc                SD4
 *fill*         0x20001c34        0x4 
 .bss.MPU_thread_wa
                0x20001c38     0x8170 C:\Users\nameless\AppData\Local\Temp\ccxFa1Oa.ltrans4.ltrans.o
 .bss.motors.lto_priv.68
                0x20009da8        0x4 C:\Users\nameless\AppData\Local\Temp\ccxFa1Oa.ltrans4.ltrans.o
 .bss.motors.lto_priv.69
                0x20009dac        0x4 C:\Users\nameless\AppData\Local\Temp\ccxFa1Oa.ltrans4.ltrans.o
 .bss.Shell_thread_wa
                0x20009db0      0x570 C:\Users\nameless\AppData\Local\Temp\ccxFa1Oa.ltrans4.ltrans.o
 .bss.Hall_thread_wa
                0x2000a320      0x570 C:\Users\nameless\AppData\Local\Temp\ccxFa1Oa.ltrans4.ltrans.o
 .bss.dma_isr_redir.lto_priv.102
                0x2000a890       0x80 C:\Users\nameless\AppData\Local\Temp\ccxFa1Oa.ltrans4.ltrans.o
                0x2000a890                dma_isr_redir.lto_priv.102
 .bss.GPTD1     0x2000a910       0x10 C:\Users\nameless\AppData\Local\Temp\ccxFa1Oa.ltrans4.ltrans.o
                0x2000a910                GPTD1
 .bss.Test_thread_wa
                0x2000a920      0x1b0 C:\Users\nameless\AppData\Local\Temp\ccxFa1Oa.ltrans4.ltrans.o
 .bss.dummytx   0x2000aad0        0x2 C:\Users\nameless\AppData\Local\Temp\ccxFa1Oa.ltrans4.ltrans.o
 *fill*         0x2000aad2        0x6 
 .bss.TFT_thread_wa
                0x2000aad8     0x1170 C:\Users\nameless\AppData\Local\Temp\ccxFa1Oa.ltrans4.ltrans.o
 .bss.dma_streams_mask.lto_priv.101
                0x2000bc48        0x4 C:\Users\nameless\AppData\Local\Temp\ccxFa1Oa.ltrans4.ltrans.o
                0x2000bc48                dma_streams_mask.lto_priv.101
 *fill*         0x2000bc4c        0x4 
 .bss.default_heap
                0x2000bc50       0x20 C:\Users\nameless\AppData\Local\Temp\ccxFa1Oa.ltrans4.ltrans.o
 .bss.bg_color  0x2000bc70      0x190 C:\Users\nameless\AppData\Local\Temp\ccxFa1Oa.ltrans5.ltrans.o
                0x2000bc70                bg_color
 .bss.SPID2     0x2000be00       0x30 C:\Users\nameless\AppData\Local\Temp\ccxFa1Oa.ltrans5.ltrans.o
                0x2000be00                SPID2
 .bss.text      0x2000be30       0xc8 C:\Users\nameless\AppData\Local\Temp\ccxFa1Oa.ltrans5.ltrans.o
                0x2000be30                text
 .bss.GPTD3     0x2000bef8       0x10 C:\Users\nameless\AppData\Local\Temp\ccxFa1Oa.ltrans5.ltrans.o
                0x2000bef8                GPTD3
 .bss.text_prev
                0x2000bf08       0xc8 C:\Users\nameless\AppData\Local\Temp\ccxFa1Oa.ltrans5.ltrans.o
                0x2000bf08                text_prev
 .bss.curr_text_color
                0x2000bfd0        0x2 C:\Users\nameless\AppData\Local\Temp\ccxFa1Oa.ltrans5.ltrans.o
                0x2000bfd0                curr_text_color
 *fill*         0x2000bfd2        0x6 
 .bss.ch        0x2000bfd8      0x660 C:\Users\nameless\AppData\Local\Temp\ccxFa1Oa.ltrans5.ltrans.o
                0x2000bfd8                ch
 .bss.text_color_prev
                0x2000c638      0x190 C:\Users\nameless\AppData\Local\Temp\ccxFa1Oa.ltrans5.ltrans.o
                0x2000c638                text_color_prev
 .bss.curr_bg_color
                0x2000c7c8        0x2 C:\Users\nameless\AppData\Local\Temp\ccxFa1Oa.ltrans5.ltrans.o
                0x2000c7c8                curr_bg_color
 .bss.dummyrx   0x2000c7ca        0x2 C:\Users\nameless\AppData\Local\Temp\ccxFa1Oa.ltrans5.ltrans.o
 .bss.PWMD8     0x2000c7cc       0x1c C:\Users\nameless\AppData\Local\Temp\ccxFa1Oa.ltrans5.ltrans.o
                0x2000c7cc                PWMD8
 .bss.GPTD2     0x2000c7e8       0x10 C:\Users\nameless\AppData\Local\Temp\ccxFa1Oa.ltrans5.ltrans.o
                0x2000c7e8                GPTD2
 .bss.text_color
                0x2000c7f8      0x190 C:\Users\nameless\AppData\Local\Temp\ccxFa1Oa.ltrans5.ltrans.o
                0x2000c7f8                text_color
 .bss.GPTD4     0x2000c988       0x10 C:\Users\nameless\AppData\Local\Temp\ccxFa1Oa.ltrans5.ltrans.o
                0x2000c988                GPTD4
 .bss.rc_channel.lto_priv.99
                0x2000c998        0x6 C:\Users\nameless\AppData\Local\Temp\ccxFa1Oa.ltrans5.ltrans.o
                0x2000c998                rc_channel.lto_priv.99
 .bss.curr_text_color_sp
                0x2000c99e        0x2 C:\Users\nameless\AppData\Local\Temp\ccxFa1Oa.ltrans5.ltrans.o
                0x2000c99e                curr_text_color_sp
 .bss.I2CD1     0x2000c9a0       0x38 C:\Users\nameless\AppData\Local\Temp\ccxFa1Oa.ltrans5.ltrans.o
                0x2000c9a0                I2CD1
 .bss.bg_color_prev
                0x2000c9d8      0x190 C:\Users\nameless\AppData\Local\Temp\ccxFa1Oa.ltrans5.ltrans.o
                0x2000c9d8                bg_color_prev
 *(COMMON)
                0x2000cb68                . = ALIGN (0x4)
                0x2000cb68                _bss_end = .
                0x2000cb68                PROVIDE (end, .)

.ram0_init      0x2000cb68        0x0 load address 0x08006e74
                0x2000cb68                . = ALIGN (0x4)
                0x08006e74                __ram0_init_text__ = LOADADDR (.ram0_init)
                0x2000cb68                __ram0_init__ = .
 *(.ram0_init)
 *(.ram0_init.*)
                0x2000cb68                . = ALIGN (0x4)

.ram0           0x2000cb68        0x0 load address 0x08006e74
                0x2000cb68                . = ALIGN (0x4)
                0x2000cb68                __ram0_clear__ = .
 *(.ram0_clear)
 *(.ram0_clear.*)
                0x2000cb68                . = ALIGN (0x4)
                0x2000cb68                __ram0_noinit__ = .
 *(.ram0)
 *(.ram0.*)
                0x2000cb68                . = ALIGN (0x4)
                0x2000cb68                __ram0_free__ = .

.ram1_init      0x20000000        0x0 load address 0x08006e74
                0x20000000                . = ALIGN (0x4)
                0x08006e74                __ram1_init_text__ = LOADADDR (.ram1_init)
                0x20000000                __ram1_init__ = .
 *(.ram1_init)
 *(.ram1_init.*)
                0x20000000                . = ALIGN (0x4)

.ram1           0x20000000        0x0 load address 0x08006e74
                0x20000000                . = ALIGN (0x4)
                0x20000000                __ram1_clear__ = .
 *(.ram1_clear)
 *(.ram1_clear.*)
                0x20000000                . = ALIGN (0x4)
                0x20000000                __ram1_noinit__ = .
 *(.ram1)
 *(.ram1.*)
                0x20000000                . = ALIGN (0x4)
                0x20000000                __ram1_free__ = .

.ram2_init      0x2001c000        0x0 load address 0x08006e74
                0x2001c000                . = ALIGN (0x4)
                0x08006e74                __ram2_init_text__ = LOADADDR (.ram2_init)
                0x2001c000                __ram2_init__ = .
 *(.ram2_init)
 *(.ram2_init.*)
                0x2001c000                . = ALIGN (0x4)

.ram2           0x2001c000        0x0 load address 0x08006e74
                0x2001c000                . = ALIGN (0x4)
                0x2001c000                __ram2_clear__ = .
 *(.ram2_clear)
 *(.ram2_clear.*)
                0x2001c000                . = ALIGN (0x4)
                0x2001c000                __ram2_noinit__ = .
 *(.ram2)
 *(.ram2.*)
                0x2001c000                . = ALIGN (0x4)
                0x2001c000                __ram2_free__ = .

.ram3_init      0x00000000        0x0 load address 0x08006e74
                0x00000000                . = ALIGN (0x4)
                0x08006e74                __ram3_init_text__ = LOADADDR (.ram3_init)
                0x00000000                __ram3_init__ = .
 *(.ram3_init)
 *(.ram3_init.*)
                0x00000000                . = ALIGN (0x4)

.ram3           0x00000000        0x0 load address 0x08006e74
                0x00000000                . = ALIGN (0x4)
                0x00000000                __ram3_clear__ = .
 *(.ram3_clear)
 *(.ram3_clear.*)
                0x00000000                . = ALIGN (0x4)
                0x00000000                __ram3_noinit__ = .
 *(.ram3)
 *(.ram3.*)
                0x00000000                . = ALIGN (0x4)
                0x00000000                __ram3_free__ = .

.ram4_init      0x10000000        0x0 load address 0x08006e74
                0x10000000                . = ALIGN (0x4)
                0x08006e74                __ram4_init_text__ = LOADADDR (.ram4_init)
                0x10000000                __ram4_init__ = .
 *(.ram4_init)
 *(.ram4_init.*)
                0x10000000                . = ALIGN (0x4)

.ram4           0x10000000        0x0 load address 0x08006e74
                0x10000000                . = ALIGN (0x4)
                0x10000000                __ram4_clear__ = .
 *(.ram4_clear)
 *(.ram4_clear.*)
                0x10000000                . = ALIGN (0x4)
                0x10000000                __ram4_noinit__ = .
 *(.ram4)
 *(.ram4.*)
                0x10000000                . = ALIGN (0x4)
                0x10000000                __ram4_free__ = .

.ram5_init      0x40024000        0x0 load address 0x08006e74
                0x40024000                . = ALIGN (0x4)
                0x08006e74                __ram5_init_text__ = LOADADDR (.ram5_init)
                0x40024000                __ram5_init__ = .
 *(.ram5_init)
 *(.ram5_init.*)
                0x40024000                . = ALIGN (0x4)

.ram5           0x40024000        0x0 load address 0x08006e74
                0x40024000                . = ALIGN (0x4)
                0x40024000                __ram5_clear__ = .
 *(.ram5_clear)
 *(.ram5_clear.*)
                0x40024000                . = ALIGN (0x4)
                0x40024000                __ram5_noinit__ = .
 *(.ram5)
 *(.ram5.*)
                0x40024000                . = ALIGN (0x4)
                0x40024000                __ram5_free__ = .

.ram6_init      0x00000000        0x0 load address 0x08006e74
                0x00000000                . = ALIGN (0x4)
                0x08006e74                __ram6_init_text__ = LOADADDR (.ram6_init)
                0x00000000                __ram6_init__ = .
 *(.ram6_init)
 *(.ram6_init.*)
                0x00000000                . = ALIGN (0x4)

.ram6           0x00000000        0x0 load address 0x08006e74
                0x00000000                . = ALIGN (0x4)
                0x00000000                __ram6_clear__ = .
 *(.ram6_clear)
 *(.ram6_clear.*)
                0x00000000                . = ALIGN (0x4)
                0x00000000                __ram6_noinit__ = .
 *(.ram6)
 *(.ram6.*)
                0x00000000                . = ALIGN (0x4)
                0x00000000                __ram6_free__ = .

.ram7_init      0x00000000        0x0 load address 0x08006e74
                0x00000000                . = ALIGN (0x4)
                0x08006e74                __ram7_init_text__ = LOADADDR (.ram7_init)
                0x00000000                __ram7_init__ = .
 *(.ram7_init)
 *(.ram7_init.*)
                0x00000000                . = ALIGN (0x4)

.ram7           0x00000000        0x0 load address 0x08006e74
                0x00000000                . = ALIGN (0x4)
                0x00000000                __ram7_clear__ = .
 *(.ram7_clear)
 *(.ram7_clear.*)
                0x00000000                . = ALIGN (0x4)
                0x00000000                __ram7_noinit__ = .
 *(.ram7)
 *(.ram7.*)
                0x00000000                . = ALIGN (0x4)
                0x00000000                __ram7_free__ = .

.heap           0x2000cb68    0x13498
                0x2000cb68                . = ALIGN (0x8)
                0x2000cb68                __heap_base__ = .
                0x20020000                . = (ORIGIN (HEAP_RAM) + 0x20000)
 *fill*         0x2000cb68    0x13498 
                0x20020000                __heap_end__ = .
                0x00000400                __process_stack_size__ = 0x400
                0x00000400                __main_stack_size__ = 0x400
LOAD d:/chibistudio/tools/gnu tools arm embedded/4.9 2015q3/bin/../lib/gcc/arm-none-eabi/4.9.3/../../../../arm-none-eabi/lib/armv7e-m/fpu\libm.a
START GROUP
LOAD d:/chibistudio/tools/gnu tools arm embedded/4.9 2015q3/bin/../lib/gcc/arm-none-eabi/4.9.3/armv7e-m/fpu\libgcc.a
LOAD d:/chibistudio/tools/gnu tools arm embedded/4.9 2015q3/bin/../lib/gcc/arm-none-eabi/4.9.3/../../../../arm-none-eabi/lib/armv7e-m/fpu\libg.a
LOAD d:/chibistudio/tools/gnu tools arm embedded/4.9 2015q3/bin/../lib/gcc/arm-none-eabi/4.9.3/../../../../arm-none-eabi/lib/armv7e-m/fpu\libc.a
END GROUP
OUTPUT(build/ch.elf elf32-littlearm)

.ARM.attributes
                0x00000000       0x35
 .ARM.attributes
                0x00000000       0x25 build/obj/crt0_v7m.o
 .ARM.attributes
                0x00000025       0x25 build/obj/chcoreasm_v7m.o
 .ARM.attributes
                0x0000004a       0x37 C:\Users\nameless\AppData\Local\Temp\ccxFa1Oa.ltrans0.ltrans.o
 .ARM.attributes
                0x00000081       0x37 C:\Users\nameless\AppData\Local\Temp\ccxFa1Oa.ltrans1.ltrans.o
 .ARM.attributes
                0x000000b8       0x37 C:\Users\nameless\AppData\Local\Temp\ccxFa1Oa.ltrans2.ltrans.o
 .ARM.attributes
                0x000000ef       0x37 C:\Users\nameless\AppData\Local\Temp\ccxFa1Oa.ltrans3.ltrans.o
 .ARM.attributes
                0x00000126       0x37 C:\Users\nameless\AppData\Local\Temp\ccxFa1Oa.ltrans4.ltrans.o
 .ARM.attributes
                0x0000015d       0x37 C:\Users\nameless\AppData\Local\Temp\ccxFa1Oa.ltrans5.ltrans.o
 .ARM.attributes
                0x00000194       0x20 d:/chibistudio/tools/gnu tools arm embedded/4.9 2015q3/bin/../lib/gcc/arm-none-eabi/4.9.3/../../../../arm-none-eabi/lib/armv7e-m/fpu\libg.a(lib_a-memcpy.o)
 .ARM.attributes
                0x000001b4       0x20 d:/chibistudio/tools/gnu tools arm embedded/4.9 2015q3/bin/../lib/gcc/arm-none-eabi/4.9.3/../../../../arm-none-eabi/lib/armv7e-m/fpu\libg.a(lib_a-strcmp.o)
 .ARM.attributes
                0x000001d4       0x34 d:/chibistudio/tools/gnu tools arm embedded/4.9 2015q3/bin/../lib/gcc/arm-none-eabi/4.9.3/../../../../arm-none-eabi/lib/armv7e-m/fpu\libg.a(lib_a-strpbrk.o)
 .ARM.attributes
                0x00000208       0x34 d:/chibistudio/tools/gnu tools arm embedded/4.9 2015q3/bin/../lib/gcc/arm-none-eabi/4.9.3/../../../../arm-none-eabi/lib/armv7e-m/fpu\libg.a(lib_a-strspn.o)

.comment        0x00000000       0x70
 .comment       0x00000000       0x70 C:\Users\nameless\AppData\Local\Temp\ccxFa1Oa.ltrans0.ltrans.o
                                 0x71 (size before relaxing)
 .comment       0x00000000       0x71 C:\Users\nameless\AppData\Local\Temp\ccxFa1Oa.ltrans1.ltrans.o
 .comment       0x00000000       0x71 C:\Users\nameless\AppData\Local\Temp\ccxFa1Oa.ltrans2.ltrans.o
 .comment       0x00000000       0x71 C:\Users\nameless\AppData\Local\Temp\ccxFa1Oa.ltrans3.ltrans.o
 .comment       0x00000000       0x71 C:\Users\nameless\AppData\Local\Temp\ccxFa1Oa.ltrans4.ltrans.o
 .comment       0x00000000       0x71 C:\Users\nameless\AppData\Local\Temp\ccxFa1Oa.ltrans5.ltrans.o

.debug_info     0x00000000    0x13fc0
 .debug_info    0x00000000     0x324a C:\Users\nameless\AppData\Local\Temp\ccxFa1Oa.ltrans0.ltrans.o
 .debug_info    0x0000324a     0x2fdf C:\Users\nameless\AppData\Local\Temp\ccxFa1Oa.ltrans1.ltrans.o
 .debug_info    0x00006229     0x3001 C:\Users\nameless\AppData\Local\Temp\ccxFa1Oa.ltrans2.ltrans.o
 .debug_info    0x0000922a     0x3ef3 C:\Users\nameless\AppData\Local\Temp\ccxFa1Oa.ltrans3.ltrans.o
 .debug_info    0x0000d11d     0x33f0 C:\Users\nameless\AppData\Local\Temp\ccxFa1Oa.ltrans4.ltrans.o
 .debug_info    0x0001050d     0x3ab3 C:\Users\nameless\AppData\Local\Temp\ccxFa1Oa.ltrans5.ltrans.o

.debug_abbrev   0x00000000     0x22ed
 .debug_abbrev  0x00000000      0x5f4 C:\Users\nameless\AppData\Local\Temp\ccxFa1Oa.ltrans0.ltrans.o
 .debug_abbrev  0x000005f4      0x4d6 C:\Users\nameless\AppData\Local\Temp\ccxFa1Oa.ltrans1.ltrans.o
 .debug_abbrev  0x00000aca      0x61a C:\Users\nameless\AppData\Local\Temp\ccxFa1Oa.ltrans2.ltrans.o
 .debug_abbrev  0x000010e4      0x6b9 C:\Users\nameless\AppData\Local\Temp\ccxFa1Oa.ltrans3.ltrans.o
 .debug_abbrev  0x0000179d      0x549 C:\Users\nameless\AppData\Local\Temp\ccxFa1Oa.ltrans4.ltrans.o
 .debug_abbrev  0x00001ce6      0x607 C:\Users\nameless\AppData\Local\Temp\ccxFa1Oa.ltrans5.ltrans.o

.debug_loc      0x00000000     0x56d6
 .debug_loc     0x00000000     0x1518 C:\Users\nameless\AppData\Local\Temp\ccxFa1Oa.ltrans0.ltrans.o
 .debug_loc     0x00001518      0xb59 C:\Users\nameless\AppData\Local\Temp\ccxFa1Oa.ltrans1.ltrans.o
 .debug_loc     0x00002071      0xf8f C:\Users\nameless\AppData\Local\Temp\ccxFa1Oa.ltrans2.ltrans.o
 .debug_loc     0x00003000     0x1432 C:\Users\nameless\AppData\Local\Temp\ccxFa1Oa.ltrans3.ltrans.o
 .debug_loc     0x00004432      0x59c C:\Users\nameless\AppData\Local\Temp\ccxFa1Oa.ltrans4.ltrans.o
 .debug_loc     0x000049ce      0xd08 C:\Users\nameless\AppData\Local\Temp\ccxFa1Oa.ltrans5.ltrans.o

.debug_aranges  0x00000000      0x4d0
 .debug_aranges
                0x00000000      0x158 C:\Users\nameless\AppData\Local\Temp\ccxFa1Oa.ltrans0.ltrans.o
 .debug_aranges
                0x00000158       0x30 C:\Users\nameless\AppData\Local\Temp\ccxFa1Oa.ltrans1.ltrans.o
 .debug_aranges
                0x00000188      0x138 C:\Users\nameless\AppData\Local\Temp\ccxFa1Oa.ltrans2.ltrans.o
 .debug_aranges
                0x000002c0      0x108 C:\Users\nameless\AppData\Local\Temp\ccxFa1Oa.ltrans3.ltrans.o
 .debug_aranges
                0x000003c8       0x58 C:\Users\nameless\AppData\Local\Temp\ccxFa1Oa.ltrans4.ltrans.o
 .debug_aranges
                0x00000420       0xb0 C:\Users\nameless\AppData\Local\Temp\ccxFa1Oa.ltrans5.ltrans.o

.debug_ranges   0x00000000     0x21a0
 .debug_ranges  0x00000000      0x740 C:\Users\nameless\AppData\Local\Temp\ccxFa1Oa.ltrans0.ltrans.o
 .debug_ranges  0x00000740      0x458 C:\Users\nameless\AppData\Local\Temp\ccxFa1Oa.ltrans1.ltrans.o
 .debug_ranges  0x00000b98      0x390 C:\Users\nameless\AppData\Local\Temp\ccxFa1Oa.ltrans2.ltrans.o
 .debug_ranges  0x00000f28      0x310 C:\Users\nameless\AppData\Local\Temp\ccxFa1Oa.ltrans3.ltrans.o
 .debug_ranges  0x00001238      0xc18 C:\Users\nameless\AppData\Local\Temp\ccxFa1Oa.ltrans4.ltrans.o
 .debug_ranges  0x00001e50      0x350 C:\Users\nameless\AppData\Local\Temp\ccxFa1Oa.ltrans5.ltrans.o

.debug_line     0x00000000     0x4c7c
 .debug_line    0x00000000      0xe4c C:\Users\nameless\AppData\Local\Temp\ccxFa1Oa.ltrans0.ltrans.o
 .debug_line    0x00000e4c      0xa31 C:\Users\nameless\AppData\Local\Temp\ccxFa1Oa.ltrans1.ltrans.o
 .debug_line    0x0000187d      0xc78 C:\Users\nameless\AppData\Local\Temp\ccxFa1Oa.ltrans2.ltrans.o
 .debug_line    0x000024f5      0xcbd C:\Users\nameless\AppData\Local\Temp\ccxFa1Oa.ltrans3.ltrans.o
 .debug_line    0x000031b2      0xe1a C:\Users\nameless\AppData\Local\Temp\ccxFa1Oa.ltrans4.ltrans.o
 .debug_line    0x00003fcc      0xcb0 C:\Users\nameless\AppData\Local\Temp\ccxFa1Oa.ltrans5.ltrans.o

.debug_str      0x00000000     0x320e
 .debug_str     0x00000000      0xc8e C:\Users\nameless\AppData\Local\Temp\ccxFa1Oa.ltrans0.ltrans.o
                                0xd3f (size before relaxing)
 .debug_str     0x00000c8e      0x8b6 C:\Users\nameless\AppData\Local\Temp\ccxFa1Oa.ltrans1.ltrans.o
                                0xe78 (size before relaxing)
 .debug_str     0x00001544      0x3ae C:\Users\nameless\AppData\Local\Temp\ccxFa1Oa.ltrans2.ltrans.o
                                0xf1e (size before relaxing)
 .debug_str     0x000018f2      0xb2d C:\Users\nameless\AppData\Local\Temp\ccxFa1Oa.ltrans3.ltrans.o
                               0x16a0 (size before relaxing)
 .debug_str     0x0000241f      0x89b C:\Users\nameless\AppData\Local\Temp\ccxFa1Oa.ltrans4.ltrans.o
                               0x155c (size before relaxing)
 .debug_str     0x00002cba      0x554 C:\Users\nameless\AppData\Local\Temp\ccxFa1Oa.ltrans5.ltrans.o
                               0x137c (size before relaxing)

.debug_frame    0x00000000      0xf70
 .debug_frame   0x00000000      0x3e8 C:\Users\nameless\AppData\Local\Temp\ccxFa1Oa.ltrans0.ltrans.o
 .debug_frame   0x000003e8       0x60 C:\Users\nameless\AppData\Local\Temp\ccxFa1Oa.ltrans1.ltrans.o
 .debug_frame   0x00000448      0x404 C:\Users\nameless\AppData\Local\Temp\ccxFa1Oa.ltrans2.ltrans.o
 .debug_frame   0x0000084c      0x350 C:\Users\nameless\AppData\Local\Temp\ccxFa1Oa.ltrans3.ltrans.o
 .debug_frame   0x00000b9c       0xe8 C:\Users\nameless\AppData\Local\Temp\ccxFa1Oa.ltrans4.ltrans.o
 .debug_frame   0x00000c84      0x284 C:\Users\nameless\AppData\Local\Temp\ccxFa1Oa.ltrans5.ltrans.o
 .debug_frame   0x00000f08       0x34 d:/chibistudio/tools/gnu tools arm embedded/4.9 2015q3/bin/../lib/gcc/arm-none-eabi/4.9.3/../../../../arm-none-eabi/lib/armv7e-m/fpu\libg.a(lib_a-strpbrk.o)
 .debug_frame   0x00000f3c       0x34 d:/chibistudio/tools/gnu tools arm embedded/4.9 2015q3/bin/../lib/gcc/arm-none-eabi/4.9.3/../../../../arm-none-eabi/lib/armv7e-m/fpu\libg.a(lib_a-strspn.o)

Cross Reference Table

Symbol                                            File
BusFault_Handler                                  C:\Users\nameless\AppData\Local\Temp\ccxFa1Oa.ltrans0.ltrans.o
                                                  build/obj/vectors.o (symbol from plugin)
                                                  C:\Users\nameless\AppData\Local\Temp\ccxFa1Oa.ltrans3.ltrans.o
DebugMon_Handler                                  C:\Users\nameless\AppData\Local\Temp\ccxFa1Oa.ltrans0.ltrans.o
                                                  build/obj/vectors.o (symbol from plugin)
                                                  C:\Users\nameless\AppData\Local\Temp\ccxFa1Oa.ltrans3.ltrans.o
GPTD1                                             C:\Users\nameless\AppData\Local\Temp\ccxFa1Oa.ltrans4.ltrans.o
                                                  build/obj/gpt_lld.o (symbol from plugin)
                                                  C:\Users\nameless\AppData\Local\Temp\ccxFa1Oa.ltrans3.ltrans.o
                                                  C:\Users\nameless\AppData\Local\Temp\ccxFa1Oa.ltrans2.ltrans.o
GPTD2                                             C:\Users\nameless\AppData\Local\Temp\ccxFa1Oa.ltrans5.ltrans.o
                                                  build/obj/gpt_lld.o (symbol from plugin)
                                                  C:\Users\nameless\AppData\Local\Temp\ccxFa1Oa.ltrans4.ltrans.o
                                                  C:\Users\nameless\AppData\Local\Temp\ccxFa1Oa.ltrans3.ltrans.o
                                                  C:\Users\nameless\AppData\Local\Temp\ccxFa1Oa.ltrans2.ltrans.o
                                                  C:\Users\nameless\AppData\Local\Temp\ccxFa1Oa.ltrans1.ltrans.o
                                                  build/obj/rc.o (symbol from plugin)
GPTD3                                             C:\Users\nameless\AppData\Local\Temp\ccxFa1Oa.ltrans5.ltrans.o
                                                  build/obj/gpt_lld.o (symbol from plugin)
                                                  C:\Users\nameless\AppData\Local\Temp\ccxFa1Oa.ltrans4.ltrans.o
                                                  C:\Users\nameless\AppData\Local\Temp\ccxFa1Oa.ltrans3.ltrans.o
                                                  C:\Users\nameless\AppData\Local\Temp\ccxFa1Oa.ltrans2.ltrans.o
                                                  build/obj/motor.o (symbol from plugin)
GPTD4                                             C:\Users\nameless\AppData\Local\Temp\ccxFa1Oa.ltrans5.ltrans.o
                                                  build/obj/gpt_lld.o (symbol from plugin)
                                                  C:\Users\nameless\AppData\Local\Temp\ccxFa1Oa.ltrans4.ltrans.o
                                                  C:\Users\nameless\AppData\Local\Temp\ccxFa1Oa.ltrans3.ltrans.o
                                                  C:\Users\nameless\AppData\Local\Temp\ccxFa1Oa.ltrans2.ltrans.o
                                                  build/obj/motor.o (symbol from plugin)
Hall_init                                         build/obj/hall.o (symbol from plugin)
                                                  build/obj/motor.o (symbol from plugin)
Hall_thread.lto_priv.81                           C:\Users\nameless\AppData\Local\Temp\ccxFa1Oa.ltrans5.ltrans.o
                                                  C:\Users\nameless\AppData\Local\Temp\ccxFa1Oa.ltrans4.ltrans.o
Hall_update                                       build/obj/hall.o (symbol from plugin)
                                                  build/obj/motor.o (symbol from plugin)
HardFault_Handler                                 C:\Users\nameless\AppData\Local\Temp\ccxFa1Oa.ltrans0.ltrans.o
                                                  build/obj/vectors.o (symbol from plugin)
                                                  C:\Users\nameless\AppData\Local\Temp\ccxFa1Oa.ltrans3.ltrans.o
I2CD1                                             C:\Users\nameless\AppData\Local\Temp\ccxFa1Oa.ltrans5.ltrans.o
                                                  build/obj/i2c_lld.o (symbol from plugin)
                                                  C:\Users\nameless\AppData\Local\Temp\ccxFa1Oa.ltrans4.ltrans.o
                                                  C:\Users\nameless\AppData\Local\Temp\ccxFa1Oa.ltrans2.ltrans.o
                                                  C:\Users\nameless\AppData\Local\Temp\ccxFa1Oa.ltrans1.ltrans.o
                                                  build/obj/mpu6050.o (symbol from plugin)
MPU_Get_Accelerometer                             build/obj/mpu6050.o (symbol from plugin)
MPU_Get_Gyroscope                                 build/obj/mpu6050.o (symbol from plugin)
MPU_Get_Temperature                               build/obj/mpu6050.o (symbol from plugin)
MPU_Init                                          build/obj/mpu6050.o (symbol from plugin)
                                                  build/obj/inv_mpu.o (symbol from plugin)
                                                  build/obj/main.o (symbol from plugin)
MPU_Read_Byte                                     build/obj/mpu6050.o (symbol from plugin)
MPU_Read_Len                                      build/obj/mpu6050.o (symbol from plugin)
                                                  build/obj/inv_mpu.o (symbol from plugin)
MPU_Read_Len.constprop.4                          C:\Users\nameless\AppData\Local\Temp\ccxFa1Oa.ltrans5.ltrans.o
                                                  C:\Users\nameless\AppData\Local\Temp\ccxFa1Oa.ltrans1.ltrans.o
MPU_Set_Accel_Fsr                                 build/obj/mpu6050.o (symbol from plugin)
MPU_Set_Gyro_Fsr                                  build/obj/mpu6050.o (symbol from plugin)
MPU_Set_LPF                                       build/obj/mpu6050.o (symbol from plugin)
MPU_Set_Rate                                      build/obj/mpu6050.o (symbol from plugin)
MPU_Set_Rate.constprop.1                          C:\Users\nameless\AppData\Local\Temp\ccxFa1Oa.ltrans5.ltrans.o
                                                  C:\Users\nameless\AppData\Local\Temp\ccxFa1Oa.ltrans1.ltrans.o
MPU_Write_Byte                                    C:\Users\nameless\AppData\Local\Temp\ccxFa1Oa.ltrans5.ltrans.o
                                                  build/obj/mpu6050.o (symbol from plugin)
                                                  C:\Users\nameless\AppData\Local\Temp\ccxFa1Oa.ltrans1.ltrans.o
MPU_Write_Len                                     build/obj/mpu6050.o (symbol from plugin)
                                                  build/obj/inv_mpu.o (symbol from plugin)
MPU_i2c_init                                      build/obj/mpu6050.o (symbol from plugin)
                                                  build/obj/inv_mpu.o (symbol from plugin)
MPU_test                                          build/obj/mpu6050.o (symbol from plugin)
                                                  build/obj/main.o (symbol from plugin)
MPU_thread.lto_priv.72                            C:\Users\nameless\AppData\Local\Temp\ccxFa1Oa.ltrans1.ltrans.o
                                                  C:\Users\nameless\AppData\Local\Temp\ccxFa1Oa.ltrans4.ltrans.o
MemManage_Handler                                 C:\Users\nameless\AppData\Local\Temp\ccxFa1Oa.ltrans0.ltrans.o
                                                  build/obj/vectors.o (symbol from plugin)
                                                  C:\Users\nameless\AppData\Local\Temp\ccxFa1Oa.ltrans3.ltrans.o
NMI_Handler                                       C:\Users\nameless\AppData\Local\Temp\ccxFa1Oa.ltrans0.ltrans.o
                                                  build/obj/vectors.o (symbol from plugin)
                                                  C:\Users\nameless\AppData\Local\Temp\ccxFa1Oa.ltrans3.ltrans.o
PWMD8                                             C:\Users\nameless\AppData\Local\Temp\ccxFa1Oa.ltrans5.ltrans.o
                                                  build/obj/pwm_lld.o (symbol from plugin)
                                                  C:\Users\nameless\AppData\Local\Temp\ccxFa1Oa.ltrans4.ltrans.o
                                                  C:\Users\nameless\AppData\Local\Temp\ccxFa1Oa.ltrans3.ltrans.o
                                                  build/obj/motor.o (symbol from plugin)
PWMD9                                             C:\Users\nameless\AppData\Local\Temp\ccxFa1Oa.ltrans4.ltrans.o
                                                  build/obj/pwm_lld.o (symbol from plugin)
                                                  C:\Users\nameless\AppData\Local\Temp\ccxFa1Oa.ltrans3.ltrans.o
PendSV_Handler                                    C:\Users\nameless\AppData\Local\Temp\ccxFa1Oa.ltrans0.ltrans.o
                                                  build/obj/vectors.o (symbol from plugin)
                                                  C:\Users\nameless\AppData\Local\Temp\ccxFa1Oa.ltrans3.ltrans.o
RC_thread.lto_priv.100                            C:\Users\nameless\AppData\Local\Temp\ccxFa1Oa.ltrans5.ltrans.o
                                                  C:\Users\nameless\AppData\Local\Temp\ccxFa1Oa.ltrans1.ltrans.o
Reset_Handler                                     build/obj/crt0_v7m.o
                                                  C:\Users\nameless\AppData\Local\Temp\ccxFa1Oa.ltrans3.ltrans.o
                                                  build/obj/vectors.o (symbol from plugin)
SD4                                               C:\Users\nameless\AppData\Local\Temp\ccxFa1Oa.ltrans4.ltrans.o
                                                  build/obj/serial_lld.o (symbol from plugin)
                                                  C:\Users\nameless\AppData\Local\Temp\ccxFa1Oa.ltrans3.ltrans.o
                                                  build/obj/inv_mpu.o (symbol from plugin)
                                                  build/obj/shellcfg.o (symbol from plugin)
SPID2                                             C:\Users\nameless\AppData\Local\Temp\ccxFa1Oa.ltrans5.ltrans.o
                                                  build/obj/spi_lld.o (symbol from plugin)
                                                  C:\Users\nameless\AppData\Local\Temp\ccxFa1Oa.ltrans4.ltrans.o
                                                  C:\Users\nameless\AppData\Local\Temp\ccxFa1Oa.ltrans1.ltrans.o
                                                  build/obj/tft_display.o (symbol from plugin)
SVC_Handler                                       C:\Users\nameless\AppData\Local\Temp\ccxFa1Oa.ltrans2.ltrans.o
                                                  build/obj/chcore_v7m.o (symbol from plugin)
                                                  build/obj/vectors.o (symbol from plugin)
                                                  C:\Users\nameless\AppData\Local\Temp\ccxFa1Oa.ltrans3.ltrans.o
SysTick_Handler                                   C:\Users\nameless\AppData\Local\Temp\ccxFa1Oa.ltrans0.ltrans.o
                                                  build/obj/vectors.o (symbol from plugin)
                                                  C:\Users\nameless\AppData\Local\Temp\ccxFa1Oa.ltrans3.ltrans.o
SystemCoreClock                                   build/obj/hal_lld.o (symbol from plugin)
TFT_thread.lto_priv.73                            C:\Users\nameless\AppData\Local\Temp\ccxFa1Oa.ltrans1.ltrans.o
                                                  C:\Users\nameless\AppData\Local\Temp\ccxFa1Oa.ltrans4.ltrans.o
Test_thread.lto_priv.71                           C:\Users\nameless\AppData\Local\Temp\ccxFa1Oa.ltrans1.ltrans.o
                                                  C:\Users\nameless\AppData\Local\Temp\ccxFa1Oa.ltrans4.ltrans.o
UsageFault_Handler                                C:\Users\nameless\AppData\Local\Temp\ccxFa1Oa.ltrans0.ltrans.o
                                                  build/obj/vectors.o (symbol from plugin)
                                                  C:\Users\nameless\AppData\Local\Temp\ccxFa1Oa.ltrans3.ltrans.o
Vector100                                         C:\Users\nameless\AppData\Local\Temp\ccxFa1Oa.ltrans0.ltrans.o
                                                  build/obj/vectors.o (symbol from plugin)
                                                  C:\Users\nameless\AppData\Local\Temp\ccxFa1Oa.ltrans3.ltrans.o
Vector104                                         C:\Users\nameless\AppData\Local\Temp\ccxFa1Oa.ltrans0.ltrans.o
                                                  build/obj/vectors.o (symbol from plugin)
                                                  C:\Users\nameless\AppData\Local\Temp\ccxFa1Oa.ltrans3.ltrans.o
Vector108                                         C:\Users\nameless\AppData\Local\Temp\ccxFa1Oa.ltrans2.ltrans.o
                                                  build/obj/st_lld.o (symbol from plugin)
                                                  build/obj/vectors.o (symbol from plugin)
                                                  C:\Users\nameless\AppData\Local\Temp\ccxFa1Oa.ltrans3.ltrans.o
Vector10C                                         C:\Users\nameless\AppData\Local\Temp\ccxFa1Oa.ltrans0.ltrans.o
                                                  build/obj/vectors.o (symbol from plugin)
                                                  C:\Users\nameless\AppData\Local\Temp\ccxFa1Oa.ltrans3.ltrans.o
Vector110                                         build/obj/serial_lld.o (symbol from plugin)
                                                  build/obj/vectors.o (symbol from plugin)
Vector114                                         C:\Users\nameless\AppData\Local\Temp\ccxFa1Oa.ltrans0.ltrans.o
                                                  build/obj/vectors.o (symbol from plugin)
                                                  C:\Users\nameless\AppData\Local\Temp\ccxFa1Oa.ltrans3.ltrans.o
Vector118                                         C:\Users\nameless\AppData\Local\Temp\ccxFa1Oa.ltrans0.ltrans.o
                                                  build/obj/vectors.o (symbol from plugin)
                                                  C:\Users\nameless\AppData\Local\Temp\ccxFa1Oa.ltrans3.ltrans.o
Vector11C                                         C:\Users\nameless\AppData\Local\Temp\ccxFa1Oa.ltrans0.ltrans.o
                                                  build/obj/vectors.o (symbol from plugin)
                                                  C:\Users\nameless\AppData\Local\Temp\ccxFa1Oa.ltrans3.ltrans.o
Vector120                                         C:\Users\nameless\AppData\Local\Temp\ccxFa1Oa.ltrans2.ltrans.o
                                                  build/obj/stm32_dma.o (symbol from plugin)
                                                  build/obj/vectors.o (symbol from plugin)
                                                  C:\Users\nameless\AppData\Local\Temp\ccxFa1Oa.ltrans3.ltrans.o
Vector124                                         C:\Users\nameless\AppData\Local\Temp\ccxFa1Oa.ltrans2.ltrans.o
                                                  build/obj/stm32_dma.o (symbol from plugin)
                                                  build/obj/vectors.o (symbol from plugin)
                                                  C:\Users\nameless\AppData\Local\Temp\ccxFa1Oa.ltrans3.ltrans.o
Vector128                                         C:\Users\nameless\AppData\Local\Temp\ccxFa1Oa.ltrans2.ltrans.o
                                                  build/obj/stm32_dma.o (symbol from plugin)
                                                  build/obj/vectors.o (symbol from plugin)
                                                  C:\Users\nameless\AppData\Local\Temp\ccxFa1Oa.ltrans3.ltrans.o
Vector12C                                         C:\Users\nameless\AppData\Local\Temp\ccxFa1Oa.ltrans2.ltrans.o
                                                  build/obj/stm32_dma.o (symbol from plugin)
                                                  build/obj/vectors.o (symbol from plugin)
                                                  C:\Users\nameless\AppData\Local\Temp\ccxFa1Oa.ltrans3.ltrans.o
Vector130                                         C:\Users\nameless\AppData\Local\Temp\ccxFa1Oa.ltrans2.ltrans.o
                                                  build/obj/stm32_dma.o (symbol from plugin)
                                                  build/obj/vectors.o (symbol from plugin)
                                                  C:\Users\nameless\AppData\Local\Temp\ccxFa1Oa.ltrans3.ltrans.o
Vector134                                         C:\Users\nameless\AppData\Local\Temp\ccxFa1Oa.ltrans0.ltrans.o
                                                  build/obj/vectors.o (symbol from plugin)
                                                  C:\Users\nameless\AppData\Local\Temp\ccxFa1Oa.ltrans3.ltrans.o
Vector138                                         C:\Users\nameless\AppData\Local\Temp\ccxFa1Oa.ltrans0.ltrans.o
                                                  build/obj/vectors.o (symbol from plugin)
                                                  C:\Users\nameless\AppData\Local\Temp\ccxFa1Oa.ltrans3.ltrans.o
Vector13C                                         C:\Users\nameless\AppData\Local\Temp\ccxFa1Oa.ltrans0.ltrans.o
                                                  build/obj/vectors.o (symbol from plugin)
                                                  C:\Users\nameless\AppData\Local\Temp\ccxFa1Oa.ltrans3.ltrans.o
Vector140                                         C:\Users\nameless\AppData\Local\Temp\ccxFa1Oa.ltrans0.ltrans.o
                                                  build/obj/vectors.o (symbol from plugin)
                                                  C:\Users\nameless\AppData\Local\Temp\ccxFa1Oa.ltrans3.ltrans.o
Vector144                                         C:\Users\nameless\AppData\Local\Temp\ccxFa1Oa.ltrans0.ltrans.o
                                                  build/obj/vectors.o (symbol from plugin)
                                                  C:\Users\nameless\AppData\Local\Temp\ccxFa1Oa.ltrans3.ltrans.o
Vector148                                         C:\Users\nameless\AppData\Local\Temp\ccxFa1Oa.ltrans0.ltrans.o
                                                  build/obj/vectors.o (symbol from plugin)
                                                  C:\Users\nameless\AppData\Local\Temp\ccxFa1Oa.ltrans3.ltrans.o
Vector14C                                         C:\Users\nameless\AppData\Local\Temp\ccxFa1Oa.ltrans0.ltrans.o
                                                  build/obj/vectors.o (symbol from plugin)
                                                  C:\Users\nameless\AppData\Local\Temp\ccxFa1Oa.ltrans3.ltrans.o
Vector150                                         C:\Users\nameless\AppData\Local\Temp\ccxFa1Oa.ltrans2.ltrans.o
                                                  build/obj/stm32_dma.o (symbol from plugin)
                                                  build/obj/vectors.o (symbol from plugin)
                                                  C:\Users\nameless\AppData\Local\Temp\ccxFa1Oa.ltrans3.ltrans.o
Vector154                                         C:\Users\nameless\AppData\Local\Temp\ccxFa1Oa.ltrans2.ltrans.o
                                                  build/obj/stm32_dma.o (symbol from plugin)
                                                  build/obj/vectors.o (symbol from plugin)
                                                  C:\Users\nameless\AppData\Local\Temp\ccxFa1Oa.ltrans3.ltrans.o
Vector158                                         C:\Users\nameless\AppData\Local\Temp\ccxFa1Oa.ltrans2.ltrans.o
                                                  build/obj/stm32_dma.o (symbol from plugin)
                                                  build/obj/vectors.o (symbol from plugin)
                                                  C:\Users\nameless\AppData\Local\Temp\ccxFa1Oa.ltrans3.ltrans.o